Archive member included to satisfy reference by file (symbol)

/opt/st/stm32cubeide_1.16.1/plugins/com.st.stm32cube.ide.mcu.externaltools.gnu-tools-for-stm32.12.3.rel1.linux64_1.0.200.202406132123/tools/bin/../lib/gcc/arm-none-eabi/12.3.1/../../../../arm-none-eabi/lib/thumb/v7e-m+fp/hard/libc_nano.a(libc_a-exit.o)
                              /opt/st/stm32cubeide_1.16.1/plugins/com.st.stm32cube.ide.mcu.externaltools.gnu-tools-for-stm32.12.3.rel1.linux64_1.0.200.202406132123/tools/bin/../lib/gcc/arm-none-eabi/12.3.1/../../../../arm-none-eabi/lib/thumb/v7e-m+fp/hard/crt0.o (exit)
/opt/st/stm32cubeide_1.16.1/plugins/com.st.stm32cube.ide.mcu.externaltools.gnu-tools-for-stm32.12.3.rel1.linux64_1.0.200.202406132123/tools/bin/../lib/gcc/arm-none-eabi/12.3.1/../../../../arm-none-eabi/lib/thumb/v7e-m+fp/hard/libc_nano.a(libc_a-findfp.o)
                              /opt/st/stm32cubeide_1.16.1/plugins/com.st.stm32cube.ide.mcu.externaltools.gnu-tools-for-stm32.12.3.rel1.linux64_1.0.200.202406132123/tools/bin/../lib/gcc/arm-none-eabi/12.3.1/../../../../arm-none-eabi/lib/thumb/v7e-m+fp/hard/libc_nano.a(libc_a-exit.o) (__stdio_exit_handler)
/opt/st/stm32cubeide_1.16.1/plugins/com.st.stm32cube.ide.mcu.externaltools.gnu-tools-for-stm32.12.3.rel1.linux64_1.0.200.202406132123/tools/bin/../lib/gcc/arm-none-eabi/12.3.1/../../../../arm-none-eabi/lib/thumb/v7e-m+fp/hard/libc_nano.a(libc_a-fwalk.o)
                              /opt/st/stm32cubeide_1.16.1/plugins/com.st.stm32cube.ide.mcu.externaltools.gnu-tools-for-stm32.12.3.rel1.linux64_1.0.200.202406132123/tools/bin/../lib/gcc/arm-none-eabi/12.3.1/../../../../arm-none-eabi/lib/thumb/v7e-m+fp/hard/libc_nano.a(libc_a-findfp.o) (_fwalk_sglue)
/opt/st/stm32cubeide_1.16.1/plugins/com.st.stm32cube.ide.mcu.externaltools.gnu-tools-for-stm32.12.3.rel1.linux64_1.0.200.202406132123/tools/bin/../lib/gcc/arm-none-eabi/12.3.1/../../../../arm-none-eabi/lib/thumb/v7e-m+fp/hard/libc_nano.a(libc_a-stdio.o)
                              /opt/st/stm32cubeide_1.16.1/plugins/com.st.stm32cube.ide.mcu.externaltools.gnu-tools-for-stm32.12.3.rel1.linux64_1.0.200.202406132123/tools/bin/../lib/gcc/arm-none-eabi/12.3.1/../../../../arm-none-eabi/lib/thumb/v7e-m+fp/hard/libc_nano.a(libc_a-findfp.o) (__sread)
/opt/st/stm32cubeide_1.16.1/plugins/com.st.stm32cube.ide.mcu.externaltools.gnu-tools-for-stm32.12.3.rel1.linux64_1.0.200.202406132123/tools/bin/../lib/gcc/arm-none-eabi/12.3.1/../../../../arm-none-eabi/lib/thumb/v7e-m+fp/hard/libc_nano.a(libc_a-memset.o)
                              /opt/st/stm32cubeide_1.16.1/plugins/com.st.stm32cube.ide.mcu.externaltools.gnu-tools-for-stm32.12.3.rel1.linux64_1.0.200.202406132123/tools/bin/../lib/gcc/arm-none-eabi/12.3.1/../../../../arm-none-eabi/lib/thumb/v7e-m+fp/hard/crt0.o (memset)
/opt/st/stm32cubeide_1.16.1/plugins/com.st.stm32cube.ide.mcu.externaltools.gnu-tools-for-stm32.12.3.rel1.linux64_1.0.200.202406132123/tools/bin/../lib/gcc/arm-none-eabi/12.3.1/../../../../arm-none-eabi/lib/thumb/v7e-m+fp/hard/libc_nano.a(libc_a-closer.o)
                              /opt/st/stm32cubeide_1.16.1/plugins/com.st.stm32cube.ide.mcu.externaltools.gnu-tools-for-stm32.12.3.rel1.linux64_1.0.200.202406132123/tools/bin/../lib/gcc/arm-none-eabi/12.3.1/../../../../arm-none-eabi/lib/thumb/v7e-m+fp/hard/libc_nano.a(libc_a-stdio.o) (_close_r)
/opt/st/stm32cubeide_1.16.1/plugins/com.st.stm32cube.ide.mcu.externaltools.gnu-tools-for-stm32.12.3.rel1.linux64_1.0.200.202406132123/tools/bin/../lib/gcc/arm-none-eabi/12.3.1/../../../../arm-none-eabi/lib/thumb/v7e-m+fp/hard/libc_nano.a(libc_a-reent.o)
                              /opt/st/stm32cubeide_1.16.1/plugins/com.st.stm32cube.ide.mcu.externaltools.gnu-tools-for-stm32.12.3.rel1.linux64_1.0.200.202406132123/tools/bin/../lib/gcc/arm-none-eabi/12.3.1/../../../../arm-none-eabi/lib/thumb/v7e-m+fp/hard/libc_nano.a(libc_a-closer.o) (errno)
/opt/st/stm32cubeide_1.16.1/plugins/com.st.stm32cube.ide.mcu.externaltools.gnu-tools-for-stm32.12.3.rel1.linux64_1.0.200.202406132123/tools/bin/../lib/gcc/arm-none-eabi/12.3.1/../../../../arm-none-eabi/lib/thumb/v7e-m+fp/hard/libc_nano.a(libc_a-impure.o)
                              /opt/st/stm32cubeide_1.16.1/plugins/com.st.stm32cube.ide.mcu.externaltools.gnu-tools-for-stm32.12.3.rel1.linux64_1.0.200.202406132123/tools/bin/../lib/gcc/arm-none-eabi/12.3.1/../../../../arm-none-eabi/lib/thumb/v7e-m+fp/hard/libc_nano.a(libc_a-reent.o) (_impure_ptr)
/opt/st/stm32cubeide_1.16.1/plugins/com.st.stm32cube.ide.mcu.externaltools.gnu-tools-for-stm32.12.3.rel1.linux64_1.0.200.202406132123/tools/bin/../lib/gcc/arm-none-eabi/12.3.1/../../../../arm-none-eabi/lib/thumb/v7e-m+fp/hard/libc_nano.a(libc_a-lseekr.o)
                              /opt/st/stm32cubeide_1.16.1/plugins/com.st.stm32cube.ide.mcu.externaltools.gnu-tools-for-stm32.12.3.rel1.linux64_1.0.200.202406132123/tools/bin/../lib/gcc/arm-none-eabi/12.3.1/../../../../arm-none-eabi/lib/thumb/v7e-m+fp/hard/libc_nano.a(libc_a-stdio.o) (_lseek_r)
[...]
Memory Configuration

Name             Origin             Length             Attributes
FLASH            0x08100000         0x00100000         xr
RAM              0x10000000         0x00048000         xrw
*default*        0x00000000         0xffffffff

Linker script and memory map

LOAD /opt/st/stm32cubeide_1.16.1/plugins/com.st.stm32cube.ide.mcu.externaltools.gnu-tools-for-stm32.12.3.rel1.linux64_1.0.200.202406132123/tools/bin/../lib/gcc/arm-none-eabi/12.3.1/thumb/v7e-m+fp/hard/crti.o
LOAD /opt/st/stm32cubeide_1.16.1/plugins/com.st.stm32cube.ide.mcu.externaltools.gnu-tools-for-stm32.12.3.rel1.linux64_1.0.200.202406132123/tools/bin/../lib/gcc/arm-none-eabi/12.3.1/thumb/v7e-m+fp/hard/crtbegin.o
LOAD /opt/st/stm32cubeide_1.16.1/plugins/com.st.stm32cube.ide.mcu.externaltools.gnu-tools-for-stm32.12.3.rel1.linux64_1.0.200.202406132123/tools/bin/../lib/gcc/arm-none-eabi/12.3.1/../../../../arm-none-eabi/lib/thumb/v7e-m+fp/hard/crt0.o
LOAD ./Common/BNO086_SPI/BNO086_SPI.o
LOAD ./Common/Src/system_stm32h7xx_dualcore_boot_cm4_cm7.o
LOAD ./Core/Src/dma.o
LOAD ./Core/Src/eth.o
LOAD ./Core/Src/gpio.o
LOAD ./Core/Src/main.o
LOAD ./Core/Src/spi.o
LOAD ./Core/Src/stm32h7xx_hal_msp.o
LOAD ./Core/Src/stm32h7xx_it.o
LOAD ./Core/Src/syscalls.o
LOAD ./Core/Src/sysmem.o
LOAD ./Core/Src/tim.o
LOAD ./Core/Src/usart.o
LOAD ./Core/Startup/startup_stm32h745zitx.o
LOAD ./Drivers/STM32H7xx_HAL_Driver/stm32h7xx_hal.o
LOAD ./Drivers/STM32H7xx_HAL_Driver/stm32h7xx_hal_cortex.o
LOAD ./Drivers/STM32H7xx_HAL_Driver/stm32h7xx_hal_dma.o
LOAD ./Drivers/STM32H7xx_HAL_Driver/stm32h7xx_hal_dma_ex.o
LOAD ./Drivers/STM32H7xx_HAL_Driver/stm32h7xx_hal_eth.o
LOAD ./Drivers/STM32H7xx_HAL_Driver/stm32h7xx_hal_eth_ex.o
LOAD ./Drivers/STM32H7xx_HAL_Driver/stm32h7xx_hal_exti.o
LOAD ./Drivers/STM32H7xx_HAL_Driver/stm32h7xx_hal_flash.o
LOAD ./Drivers/STM32H7xx_HAL_Driver/stm32h7xx_hal_flash_ex.o
LOAD ./Drivers/STM32H7xx_HAL_Driver/stm32h7xx_hal_gpio.o
LOAD ./Drivers/STM32H7xx_HAL_Driver/stm32h7xx_hal_hsem.o
LOAD ./Drivers/STM32H7xx_HAL_Driver/stm32h7xx_hal_i2c.o
LOAD ./Drivers/STM32H7xx_HAL_Driver/stm32h7xx_hal_i2c_ex.o
LOAD ./Drivers/STM32H7xx_HAL_Driver/stm32h7xx_hal_mdma.o
LOAD ./Drivers/STM32H7xx_HAL_Driver/stm32h7xx_hal_pwr.o
LOAD ./Drivers/STM32H7xx_HAL_Driver/stm32h7xx_hal_pwr_ex.o
LOAD ./Drivers/STM32H7xx_HAL_Driver/stm32h7xx_hal_rcc.o
LOAD ./Drivers/STM32H7xx_HAL_Driver/stm32h7xx_hal_rcc_ex.o
LOAD ./Drivers/STM32H7xx_HAL_Driver/stm32h7xx_hal_spi.o
LOAD ./Drivers/STM32H7xx_HAL_Driver/stm32h7xx_hal_spi_ex.o
LOAD ./Drivers/STM32H7xx_HAL_Driver/stm32h7xx_hal_tim.o
LOAD ./Drivers/STM32H7xx_HAL_Driver/stm32h7xx_hal_tim_ex.o
LOAD ./Drivers/STM32H7xx_HAL_Driver/stm32h7xx_hal_uart.o
LOAD ./Drivers/STM32H7xx_HAL_Driver/stm32h7xx_hal_uart_ex.o
START GROUP
LOAD /opt/st/stm32cubeide_1.16.1/plugins/com.st.stm32cube.ide.mcu.externaltools.gnu-tools-for-stm32.12.3.rel1.linux64_1.0.200.202406132123/tools/bin/../lib/gcc/arm-none-eabi/12.3.1/../../../../arm-none-eabi/lib/thumb/v7e-m+fp/hard/libc_nano.a
LOAD /opt/st/stm32cubeide_1.16.1/plugins/com.st.stm32cube.ide.mcu.externaltools.gnu-tools-for-stm32.12.3.rel1.linux64_1.0.200.202406132123/tools/bin/../lib/gcc/arm-none-eabi/12.3.1/../../../../arm-none-eabi/lib/thumb/v7e-m+fp/hard/libm.a
END GROUP
START GROUP
LOAD /opt/st/stm32cubeide_1.16.1/plugins/com.st.stm32cube.ide.mcu.externaltools.gnu-tools-for-stm32.12.3.rel1.linux64_1.0.200.202406132123/tools/bin/../lib/gcc/arm-none-eabi/12.3.1/thumb/v7e-m+fp/hard/libgcc.a
LOAD /opt/st/stm32cubeide_1.16.1/plugins/com.st.stm32cube.ide.mcu.externaltools.gnu-tools-for-stm32.12.3.rel1.linux64_1.0.200.202406132123/tools/bin/../lib/gcc/arm-none-eabi/12.3.1/../../../../arm-none-eabi/lib/thumb/v7e-m+fp/hard/libc_nano.a
END GROUP
START GROUP
LOAD /opt/st/stm32cubeide_1.16.1/plugins/com.st.stm32cube.ide.mcu.externaltools.gnu-tools-for-stm32.12.3.rel1.linux64_1.0.200.202406132123/tools/bin/../lib/gcc/arm-none-eabi/12.3.1/thumb/v7e-m+fp/hard/libgcc.a
LOAD /opt/st/stm32cubeide_1.16.1/plugins/com.st.stm32cube.ide.mcu.externaltools.gnu-tools-for-stm32.12.3.rel1.linux64_1.0.200.202406132123/tools/bin/../lib/gcc/arm-none-eabi/12.3.1/../../../../arm-none-eabi/lib/thumb/v7e-m+fp/hard/libc_nano.a
LOAD /opt/st/stm32cubeide_1.16.1/plugins/com.st.stm32cube.ide.mcu.externaltools.gnu-tools-for-stm32.12.3.rel1.linux64_1.0.200.202406132123/tools/bin/../lib/gcc/arm-none-eabi/12.3.1/../../../../arm-none-eabi/lib/thumb/v7e-m+fp/hard/libnosys.a
END GROUP
START GROUP
LOAD /opt/st/stm32cubeide_1.16.1/plugins/com.st.stm32cube.ide.mcu.externaltools.gnu-tools-for-stm32.12.3.rel1.linux64_1.0.200.202406132123/tools/bin/../lib/gcc/arm-none-eabi/12.3.1/thumb/v7e-m+fp/hard/libgcc.a
LOAD /opt/st/stm32cubeide_1.16.1/plugins/com.st.stm32cube.ide.mcu.externaltools.gnu-tools-for-stm32.12.3.rel1.linux64_1.0.200.202406132123/tools/bin/../lib/gcc/arm-none-eabi/12.3.1/../../../../arm-none-eabi/lib/thumb/v7e-m+fp/hard/libc_nano.a
LOAD /opt/st/stm32cubeide_1.16.1/plugins/com.st.stm32cube.ide.mcu.externaltools.gnu-tools-for-stm32.12.3.rel1.linux64_1.0.200.202406132123/tools/bin/../lib/gcc/arm-none-eabi/12.3.1/../../../../arm-none-eabi/lib/thumb/v7e-m+fp/hard/libnosys.a
END GROUP
LOAD /opt/st/stm32cubeide_1.16.1/plugins/com.st.stm32cube.ide.mcu.externaltools.gnu-tools-for-stm32.12.3.rel1.linux64_1.0.200.202406132123/tools/bin/../lib/gcc/arm-none-eabi/12.3.1/thumb/v7e-m+fp/hard/crtend.o
LOAD /opt/st/stm32cubeide_1.16.1/plugins/com.st.stm32cube.ide.mcu.externaltools.gnu-tools-for-stm32.12.3.rel1.linux64_1.0.200.202406132123/tools/bin/../lib/gcc/arm-none-eabi/12.3.1/thumb/v7e-m+fp/hard/crtn.o
                0x10048000                        _estack = (ORIGIN (RAM) + LENGTH (RAM))
                0x00000200                        _Min_Heap_Size = 0x200
                0x00000400                        _Min_Stack_Size = 0x400

.isr_vector     0x08100000      0x298
                0x08100000                        . = ALIGN (0x4)
 *(.isr_vector)
 .isr_vector    0x08100000      0x298 ./Core/Startup/startup_stm32h745zitx.o
                0x08100000                g_pfnVectors
                0x08100298                        . = ALIGN (0x4)

.text           0x08100298     0x7268
                0x08100298                        . = ALIGN (0x4)
 *(.text)
 .text          0x08100298       0x40 /opt/st/stm32cubeide_1.16.1/plugins/com.st.stm32cube.ide.mcu.externaltools.gnu-tools-for-stm32.12.3.rel1.linux64_1.0.200.202406132123/tools/bin/../lib/gcc/arm-none-eabi/12.3.1/thumb/v7e-m+fp/hard/crtbegin.o
 .text          0x081002d8      0x378 /opt/st/stm32cubeide_1.16.1/plugins/com.st.stm32cube.ide.mcu.externaltools.gnu-tools-for-stm32.12.3.rel1.linux64_1.0.200.202406132123/tools/bin/../lib/gcc/arm-none-eabi/12.3.1/thumb/v7e-m+fp/hard/libgcc.a(_arm_addsubdf3.o)
                0x081002d8                __aeabi_drsub
                0x081002e0                __aeabi_dsub
                0x081002e0                __subdf3
                0x081002e4                __adddf3
                0x081002e4                __aeabi_dadd
                0x0810055c                __aeabi_ui2d
                0x0810055c                __floatunsidf
                0x0810057c                __floatsidf
                0x0810057c                __aeabi_i2d
                0x081005a0                __extendsfdf2
                0x081005a0                __aeabi_f2d
                0x081005e4                __aeabi_ul2d
                0x081005e4                __floatundidf
                0x081005f4                __floatdidf
                0x081005f4                __aeabi_l2d
 .text          0x08100650      0x424 /opt/st/stm32cubeide_1.16.1/plugins/com.st.stm32cube.ide.mcu.externaltools.gnu-tools-for-stm32.12.3.rel1.linux64_1.0.200.202406132123/tools/bin/../lib/gcc/arm-none-eabi/12.3.1/thumb/v7e-m+fp/hard/libgcc.a(_arm_muldivdf3.o)
                0x08100650                __aeabi_dmul
                0x08100650                __muldf3
                0x081008a4                __aeabi_ddiv
                0x081008a4                __divdf3
 .text          0x08100a74      0x110 /opt/st/stm32cubeide_1.16.1/plugins/com.st.stm32cube.ide.mcu.externaltools.gnu-tools-for-stm32.12.3.rel1.linux64_1.0.200.202406132123/tools/bin/../lib/gcc/arm-none-eabi/12.3.1/thumb/v7e-m+fp/hard/libgcc.a(_arm_cmpdf2.o)
                0x08100a74                __gtdf2
                0x08100a74                __gedf2
                0x08100a7c                __ltdf2
                0x08100a7c                __ledf2
                0x08100a84                __cmpdf2
                0x08100a84                __eqdf2
                0x08100a84                __nedf2
                0x08100b00                __aeabi_cdrcmple
                0x08100b10                __aeabi_cdcmple
                0x08100b10                __aeabi_cdcmpeq
                0x08100b20                __aeabi_dcmpeq
                0x08100b34                __aeabi_dcmplt
                0x08100b48                __aeabi_dcmple
                0x08100b5c                __aeabi_dcmpge
                0x08100b70                __aeabi_dcmpgt
 .text          0x08100b84       0x2c /opt/st/stm32cubeide_1.16.1/plugins/com.st.stm32cube.ide.mcu.externaltools.gnu-tools-for-stm32.12.3.rel1.linux64_1.0.200.202406132123/tools/bin/../lib/gcc/arm-none-eabi/12.3.1/thumb/v7e-m+fp/hard/libgcc.a(_arm_unorddf2.o)
                0x08100b84                __aeabi_dcmpun
                0x08100b84                __unorddf2
 .text          0x08100bb0       0xa0 /opt/st/stm32cubeide_1.16.1/plugins/com.st.stm32cube.ide.mcu.externaltools.gnu-tools-for-stm32.12.3.rel1.linux64_1.0.200.202406132123/tools/bin/../lib/gcc/arm-none-eabi/12.3.1/thumb/v7e-m+fp/hard/libgcc.a(_arm_truncdfsf2.o)
                0x08100bb0                __aeabi_d2f
                0x08100bb0                __truncdfsf2
 *(.text*)
 .text.BNO080_Initialization
                0x08100c50       0xb8 ./Common/BNO086_SPI/BNO086_SPI.o
                0x08100c50                BNO080_Initialization
 .text.SPI2_SendByte
                0x08100d08       0x30 ./Common/BNO086_SPI/BNO086_SPI.o
                0x08100d08                SPI2_SendByte
 .text.BNO080_dataAvailable
                0x08100d38       0x5c ./Common/BNO086_SPI/BNO086_SPI.o
                0x08100d38                BNO080_dataAvailable
 .text.BNO080_parseCommandReport
                0x08100d94       0x38 ./Common/BNO086_SPI/BNO086_SPI.o
                0x08100d94                BNO080_parseCommandReport
 .text.BNO080_parseInputReport
                0x08100dcc      0x2e0 ./Common/BNO086_SPI/BNO086_SPI.o
                0x08100dcc                BNO080_parseInputReport
 .text.BNO080_getQuatI
                0x081010ac       0x2c ./Common/BNO086_SPI/BNO086_SPI.o
                0x081010ac                BNO080_getQuatI
 .text.BNO080_getQuatJ
                0x081010d8       0x2c ./Common/BNO086_SPI/BNO086_SPI.o
                0x081010d8                BNO080_getQuatJ
 .text.BNO080_getQuatK
                0x08101104       0x2c ./Common/BNO086_SPI/BNO086_SPI.o
                0x08101104                BNO080_getQuatK
 .text.BNO080_getQuatReal
                0x08101130       0x2c ./Common/BNO086_SPI/BNO086_SPI.o
                0x08101130                BNO080_getQuatReal
 .text.BNO080_getQuatAccuracy
                0x0810115c       0x18 ./Common/BNO086_SPI/BNO086_SPI.o
                0x0810115c                BNO080_getQuatAccuracy
 .text.BNO080_getAccelX
                0x08101174       0x2c ./Common/BNO086_SPI/BNO086_SPI.o
                0x08101174                BNO080_getAccelX
 .text.BNO080_getAccelY
                0x081011a0       0x2c ./Common/BNO086_SPI/BNO086_SPI.o
                0x081011a0                BNO080_getAccelY
 .text.BNO080_getAccelZ
                0x081011cc       0x2c ./Common/BNO086_SPI/BNO086_SPI.o
                0x081011cc                BNO080_getAccelZ
 .text.BNO080_getAccelAccuracy
                0x081011f8       0x18 ./Common/BNO086_SPI/BNO086_SPI.o
                0x081011f8                BNO080_getAccelAccuracy
 .text.BNO080_getLinAccelX
                0x08101210       0x2c ./Common/BNO086_SPI/BNO086_SPI.o
                0x08101210                BNO080_getLinAccelX
 .text.BNO080_getLinAccelY
                0x0810123c       0x2c ./Common/BNO086_SPI/BNO086_SPI.o
                0x0810123c                BNO080_getLinAccelY
 .text.BNO080_getLinAccelZ
                0x08101268       0x2c ./Common/BNO086_SPI/BNO086_SPI.o
                0x08101268                BNO080_getLinAccelZ
 .text.BNO080_getGyroX
                0x08101294       0x2c ./Common/BNO086_SPI/BNO086_SPI.o
                0x08101294                BNO080_getGyroX
 .text.BNO080_getGyroY
                0x081012c0       0x2c ./Common/BNO086_SPI/BNO086_SPI.o
                0x081012c0                BNO080_getGyroY
 .text.BNO080_getGyroZ
                0x081012ec       0x2c ./Common/BNO086_SPI/BNO086_SPI.o
                0x081012ec                BNO080_getGyroZ
 .text.BNO080_getGyroAccuracy
                0x08101318       0x18 ./Common/BNO086_SPI/BNO086_SPI.o
                0x08101318                BNO080_getGyroAccuracy
 .text.BNO080_getMagX
                0x08101330       0x2c ./Common/BNO086_SPI/BNO086_SPI.o
                0x08101330                BNO080_getMagX
 .text.BNO080_getMagY
                0x0810135c       0x2c ./Common/BNO086_SPI/BNO086_SPI.o
                0x0810135c                BNO080_getMagY
 .text.BNO080_getMagZ
                0x08101388       0x2c ./Common/BNO086_SPI/BNO086_SPI.o
                0x08101388                BNO080_getMagZ
 .text.BNO080_getMagAccuracy
                0x081013b4       0x18 ./Common/BNO086_SPI/BNO086_SPI.o
                0x081013b4                BNO080_getMagAccuracy
 .text.BNO080_qToFloat
                0x081013cc       0x4e ./Common/BNO086_SPI/BNO086_SPI.o
                0x081013cc                BNO080_qToFloat
 .text.BNO080_enableRotationVector
                0x0810141a       0x1e ./Common/BNO086_SPI/BNO086_SPI.o
                0x0810141a                BNO080_enableRotationVector
 .text.BNO080_enableGameRotationVector
                0x08101438       0x1e ./Common/BNO086_SPI/BNO086_SPI.o
                0x08101438                BNO080_enableGameRotationVector
 .text.BNO080_enableAccelerometer
                0x08101456       0x1e ./Common/BNO086_SPI/BNO086_SPI.o
                0x08101456                BNO080_enableAccelerometer
 .text.BNO080_enableLinearAccelerometer
                0x08101474       0x1e ./Common/BNO086_SPI/BNO086_SPI.o
                0x08101474                BNO080_enableLinearAccelerometer
 .text.BNO080_enableGyro
                0x08101492       0x1e ./Common/BNO086_SPI/BNO086_SPI.o
                0x08101492                BNO080_enableGyro
 .text.BNO080_enableMagnetometer
                0x081014b0       0x1e ./Common/BNO086_SPI/BNO086_SPI.o
                0x081014b0                BNO080_enableMagnetometer
 .text.BNO080_calibrateAll
                0x081014ce        0xe ./Common/BNO086_SPI/BNO086_SPI.o
                0x081014ce                BNO080_calibrateAll
 .text.BNO080_calibrationComplete
                0x081014dc       0x20 ./Common/BNO086_SPI/BNO086_SPI.o
                0x081014dc                BNO080_calibrationComplete
 .text.BNO080_setFeatureCommand
                0x081014fc       0xa4 ./Common/BNO086_SPI/BNO086_SPI.o
                0x081014fc                BNO080_setFeatureCommand
 .text.BNO080_sendCommand
                0x081015a0       0x40 ./Common/BNO086_SPI/BNO086_SPI.o
                0x081015a0                BNO080_sendCommand
 .text.BNO080_sendCalibrateCommand
                0x081015e0       0x90 ./Common/BNO086_SPI/BNO086_SPI.o
                0x081015e0                BNO080_sendCalibrateCommand
 .text.BNO080_requestCalibrationStatus
                0x08101670       0x38 ./Common/BNO086_SPI/BNO086_SPI.o
                0x08101670                BNO080_requestCalibrationStatus
 .text.BNO080_saveCalibration
                0x081016a8       0x34 ./Common/BNO086_SPI/BNO086_SPI.o
                0x081016a8                BNO080_saveCalibration
 .text.BNO080_waitForSPI
                0x081016dc       0x3c ./Common/BNO086_SPI/BNO086_SPI.o
                0x081016dc                BNO080_waitForSPI
 .text.BNO080_receivePacket
                0x08101718       0xe0 ./Common/BNO086_SPI/BNO086_SPI.o
                0x08101718                BNO080_receivePacket
 .text.BNO080_sendPacket
                0x081017f8       0xa0 ./Common/BNO086_SPI/BNO086_SPI.o
                0x081017f8                BNO080_sendPacket
 .text.getRoll  0x08101898      0x1b0 ./Common/BNO086_SPI/BNO086_SPI.o
                0x08101898                getRoll
 .text.getPitch
                0x08101a48      0x188 ./Common/BNO086_SPI/BNO086_SPI.o
                0x08101a48                getPitch
 .text.getYaw   0x08101bd0      0x1b0 ./Common/BNO086_SPI/BNO086_SPI.o
                0x08101bd0                getYaw
 .text.BNO086_getData
                0x08101d80      0x12a ./Common/BNO086_SPI/BNO086_SPI.o
                0x08101d80                BNO086_getData
 .text.SAVEIMU_HSEM
                0x08101eaa      0x1c8 ./Common/BNO086_SPI/BNO086_SPI.o
                0x08101eaa                SAVEIMU_HSEM
 *fill*         0x08102072        0x2 
 .text.BNO080_Calibration
                0x08102074      0x284 ./Common/BNO086_SPI/BNO086_SPI.o
                0x08102074                BNO080_Calibration
 .text.SystemInit
                0x081022f8       0x30 ./Common/Src/system_stm32h7xx_dualcore_boot_cm4_cm7.o
                0x081022f8                SystemInit
 .text.MX_DMA_Init
                0x08102328       0x34 ./Core/Src/dma.o
                0x08102328                MX_DMA_Init
 .text.MX_GPIO_Init
                0x0810235c      0x168 ./Core/Src/gpio.o
                0x0810235c                MX_GPIO_Init
 .text.main     0x081024c4       0xd4 ./Core/Src/main.o
                0x081024c4                main
 .text.HAL_TIM_PeriodElapsedCallback
                0x08102598       0x40 ./Core/Src/main.o
                0x08102598                HAL_TIM_PeriodElapsedCallback
 .text.Error_Handler
                0x081025d8        0xc ./Core/Src/main.o
                0x081025d8                Error_Handler
 .text.MX_SPI1_Init
                0x081025e4       0xb4 ./Core/Src/spi.o
                0x081025e4                MX_SPI1_Init
 .text.HAL_SPI_MspInit
                0x08102698      0x11c ./Core/Src/spi.o
                0x08102698                HAL_SPI_MspInit
 .text.HAL_MspInit
                0x081027b4       0x40 ./Core/Src/stm32h7xx_hal_msp.o
                0x081027b4                HAL_MspInit
 .text.NMI_Handler
                0x081027f4        0x8 ./Core/Src/stm32h7xx_it.o
                0x081027f4                NMI_Handler
 .text.HardFault_Handler
                0x081027fc        0x8 ./Core/Src/stm32h7xx_it.o
                0x081027fc                HardFault_Handler
 .text.MemManage_Handler
                0x08102804        0x8 ./Core/Src/stm32h7xx_it.o
                0x08102804                MemManage_Handler
 .text.BusFault_Handler
                0x0810280c        0x8 ./Core/Src/stm32h7xx_it.o
                0x0810280c                BusFault_Handler
 .text.UsageFault_Handler
                0x08102814        0x8 ./Core/Src/stm32h7xx_it.o
                0x08102814                UsageFault_Handler
 .text.SVC_Handler
                0x0810281c        0xe ./Core/Src/stm32h7xx_it.o
                0x0810281c                SVC_Handler
 .text.DebugMon_Handler
                0x0810282a        0xe ./Core/Src/stm32h7xx_it.o
                0x0810282a                DebugMon_Handler
 .text.PendSV_Handler
                0x08102838        0xe ./Core/Src/stm32h7xx_it.o
                0x08102838                PendSV_Handler
 .text.SysTick_Handler
                0x08102846        0xc ./Core/Src/stm32h7xx_it.o
                0x08102846                SysTick_Handler
 *fill*         0x08102852        0x2 
 .text.TIM2_IRQHandler
                0x08102854       0x14 ./Core/Src/stm32h7xx_it.o
                0x08102854                TIM2_IRQHandler
 .text.HSEM2_IRQHandler
                0x08102868        0xc ./Core/Src/stm32h7xx_it.o
                0x08102868                HSEM2_IRQHandler
 .text.MX_TIM2_Init
                0x08102874       0x9c ./Core/Src/tim.o
                0x08102874                MX_TIM2_Init
 .text.HAL_TIM_Base_MspInit
                0x08102910       0x4c ./Core/Src/tim.o
                0x08102910                HAL_TIM_Base_MspInit
 .text.Reset_Handler
                0x0810295c       0x50 ./Core/Startup/startup_stm32h745zitx.o
                0x0810295c                Reset_Handler
 .text.Default_Handler
                0x081029ac        0x2 ./Core/Startup/startup_stm32h745zitx.o
                0x081029ac                RTC_Alarm_IRQHandler
                0x081029ac                EXTI2_IRQHandler
                0x081029ac                TIM8_CC_IRQHandler
                0x081029ac                HRTIM1_Master_IRQHandler
                0x081029ac                UART8_IRQHandler
                0x081029ac                SPI4_IRQHandler
                0x081029ac                TIM1_CC_IRQHandler
                0x081029ac                BDMA_Channel6_IRQHandler
                0x081029ac                DMA2_Stream5_IRQHandler
                0x081029ac                HRTIM1_FLT_IRQHandler
                0x081029ac                JPEG_IRQHandler
                0x081029ac                DMA1_Stream5_IRQHandler
                0x081029ac                BDMA_Channel1_IRQHandler
                0x081029ac                HRTIM1_TIMD_IRQHandler
                0x081029ac                TAMP_STAMP_IRQHandler
                0x081029ac                EXTI3_IRQHandler
                0x081029ac                LPTIM4_IRQHandler
                0x081029ac                TIM8_TRG_COM_TIM14_IRQHandler
                0x081029ac                LPTIM2_IRQHandler
                0x081029ac                DFSDM1_FLT1_IRQHandler
                0x081029ac                DMAMUX2_OVR_IRQHandler
                0x081029ac                TIM8_UP_TIM13_IRQHandler
                0x081029ac                I2C3_ER_IRQHandler
                0x081029ac                DFSDM1_FLT2_IRQHandler
                0x081029ac                MDMA_IRQHandler
                0x081029ac                LPTIM3_IRQHandler
                0x081029ac                HSEM1_IRQHandler
                0x081029ac                EXTI0_IRQHandler
                0x081029ac                I2C2_EV_IRQHandler
                0x081029ac                DMA1_Stream2_IRQHandler
                0x081029ac                FPU_IRQHandler
                0x081029ac                OTG_HS_WKUP_IRQHandler
                0x081029ac                FDCAN1_IT1_IRQHandler
                0x081029ac                LTDC_ER_IRQHandler
                0x081029ac                DMA2_Stream2_IRQHandler
                0x081029ac                HRTIM1_TIME_IRQHandler
                0x081029ac                SPI1_IRQHandler
                0x081029ac                TIM6_DAC_IRQHandler
                0x081029ac                DCMI_IRQHandler
                0x081029ac                HRTIM1_TIMC_IRQHandler
                0x081029ac                DMA2_Stream3_IRQHandler
                0x081029ac                SAI2_IRQHandler
                0x081029ac                DFSDM1_FLT3_IRQHandler
                0x081029ac                USART6_IRQHandler
                0x081029ac                TIM17_IRQHandler
                0x081029ac                USART3_IRQHandler
                0x081029ac                BDMA_Channel7_IRQHandler
                0x081029ac                LPTIM5_IRQHandler
                0x081029ac                UART5_IRQHandler
                0x081029ac                ADC3_IRQHandler
                0x081029ac                DMA2_Stream0_IRQHandler
                0x081029ac                TIM4_IRQHandler
                0x081029ac                BDMA_Channel2_IRQHandler
                0x081029ac                QUADSPI_IRQHandler
                0x081029ac                I2C1_EV_IRQHandler
                0x081029ac                DMA1_Stream6_IRQHandler
                0x081029ac                DMAMUX1_OVR_IRQHandler
                0x081029ac                DMA1_Stream1_IRQHandler
                0x081029ac                TIM16_IRQHandler
                0x081029ac                UART4_IRQHandler
                0x081029ac                BDMA_Channel5_IRQHandler
                0x081029ac                TIM3_IRQHandler
                0x081029ac                RCC_IRQHandler
                0x081029ac                TIM8_BRK_TIM12_IRQHandler
                0x081029ac                TIM1_TRG_COM_IRQHandler
                0x081029ac                Default_Handler
                0x081029ac                ECC_IRQHandler
                0x081029ac                CEC_IRQHandler
                0x081029ac                EXTI15_10_IRQHandler
                0x081029ac                BDMA_Channel0_IRQHandler
                0x081029ac                ADC_IRQHandler
                0x081029ac                DMA1_Stream7_IRQHandler
                0x081029ac                HRTIM1_TIMA_IRQHandler
                0x081029ac                SPI5_IRQHandler
                0x081029ac                TIM7_IRQHandler
                0x081029ac                SDMMC1_IRQHandler
                0x081029ac                TIM5_IRQHandler
                0x081029ac                DMA2_Stream7_IRQHandler
                0x081029ac                TIM15_IRQHandler
                0x081029ac                PVD_AVD_IRQHandler
                0x081029ac                I2C3_EV_IRQHandler
                0x081029ac                EXTI9_5_IRQHandler
                0x081029ac                RTC_WKUP_IRQHandler
                0x081029ac                LTDC_IRQHandler
                0x081029ac                SAI3_IRQHandler
                0x081029ac                ETH_WKUP_IRQHandler
                0x081029ac                SPDIF_RX_IRQHandler
                0x081029ac                SPI2_IRQHandler
                0x081029ac                OTG_HS_EP1_IN_IRQHandler
                0x081029ac                DMA1_Stream0_IRQHandler
                0x081029ac                CRS_IRQHandler
                0x081029ac                CM7_SEV_IRQHandler
                0x081029ac                EXTI4_IRQHandler
                0x081029ac                RNG_IRQHandler
                0x081029ac                CM4_SEV_IRQHandler
                0x081029ac                HRTIM1_TIMB_IRQHandler
                0x081029ac                FDCAN2_IT1_IRQHandler
                0x081029ac                ETH_IRQHandler
                0x081029ac                TIM1_UP_IRQHandler
                0x081029ac                WWDG_RST_IRQHandler
                0x081029ac                BDMA_Channel4_IRQHandler
                0x081029ac                OTG_HS_EP1_OUT_IRQHandler
                0x081029ac                WWDG_IRQHandler
                0x081029ac                SPI6_IRQHandler
                0x081029ac                MDIOS_IRQHandler
                0x081029ac                I2C4_EV_IRQHandler
                0x081029ac                FDCAN2_IT0_IRQHandler
                0x081029ac                LPUART1_IRQHandler
                0x081029ac                FDCAN1_IT0_IRQHandler
                0x081029ac                OTG_FS_WKUP_IRQHandler
                0x081029ac                OTG_HS_IRQHandler
                0x081029ac                DMA2D_IRQHandler
                0x081029ac                TIM1_BRK_IRQHandler
                0x081029ac                EXTI1_IRQHandler
                0x081029ac                SDMMC2_IRQHandler
                0x081029ac                OTG_FS_EP1_OUT_IRQHandler
                0x081029ac                BDMA_Channel3_IRQHandler
                0x081029ac                HOLD_CORE_IRQHandler
                0x081029ac                UART7_IRQHandler
                0x081029ac                MDIOS_WKUP_IRQHandler
                0x081029ac                USART2_IRQHandler
                0x081029ac                DFSDM1_FLT0_IRQHandler
                0x081029ac                SAI4_IRQHandler
                0x081029ac                I2C2_ER_IRQHandler
                0x081029ac                DMA2_Stream1_IRQHandler
                0x081029ac                FLASH_IRQHandler
                0x081029ac                DMA2_Stream4_IRQHandler
                0x081029ac                USART1_IRQHandler
                0x081029ac                OTG_FS_IRQHandler
                0x081029ac                SPI3_IRQHandler
                0x081029ac                WAKEUP_PIN_IRQHandler
                0x081029ac                DMA1_Stream4_IRQHandler
                0x081029ac                OTG_FS_EP1_IN_IRQHandler
                0x081029ac                I2C1_ER_IRQHandler
                0x081029ac                FMC_IRQHandler
                0x081029ac                FDCAN_CAL_IRQHandler
                0x081029ac                SWPMI1_IRQHandler
                0x081029ac                COMP1_IRQHandler
                0x081029ac                LPTIM1_IRQHandler
                0x081029ac                I2C4_ER_IRQHandler
                0x081029ac                DMA2_Stream6_IRQHandler
                0x081029ac                SAI1_IRQHandler
                0x081029ac                DMA1_Stream3_IRQHandler
 *fill*         0x081029ae        0x2 
 .text.HAL_Init
                0x081029b0       0xbc ./Drivers/STM32H7xx_HAL_Driver/stm32h7xx_hal.o
                0x081029b0                HAL_Init
 .text.HAL_InitTick
                0x08102a6c       0x6c ./Drivers/STM32H7xx_HAL_Driver/stm32h7xx_hal.o
                0x08102a6c                HAL_InitTick
 .text.HAL_IncTick
                0x08102ad8       0x28 ./Drivers/STM32H7xx_HAL_Driver/stm32h7xx_hal.o
                0x08102ad8                HAL_IncTick
 .text.HAL_GetTick
                0x08102b00       0x18 ./Drivers/STM32H7xx_HAL_Driver/stm32h7xx_hal.o
                0x08102b00                HAL_GetTick
 .text.HAL_Delay
                0x08102b18       0x48 ./Drivers/STM32H7xx_HAL_Driver/stm32h7xx_hal.o
                0x08102b18                HAL_Delay
 .text.__NVIC_SetPriorityGrouping
                0x08102b60       0x48 ./Drivers/STM32H7xx_HAL_Driver/stm32h7xx_hal_cortex.o
 .text.__NVIC_GetPriorityGrouping
                0x08102ba8       0x1c ./Drivers/STM32H7xx_HAL_Driver/stm32h7xx_hal_cortex.o
 .text.__NVIC_EnableIRQ
                0x08102bc4       0x3c ./Drivers/STM32H7xx_HAL_Driver/stm32h7xx_hal_cortex.o
 .text.__NVIC_SetPriority
                0x08102c00       0x54 ./Drivers/STM32H7xx_HAL_Driver/stm32h7xx_hal_cortex.o
 .text.NVIC_EncodePriority
                0x08102c54       0x66 ./Drivers/STM32H7xx_HAL_Driver/stm32h7xx_hal_cortex.o
 *fill*         0x08102cba        0x2 
 .text.SysTick_Config
                0x08102cbc       0x44 ./Drivers/STM32H7xx_HAL_Driver/stm32h7xx_hal_cortex.o
 .text.HAL_NVIC_SetPriorityGrouping
                0x08102d00       0x16 ./Drivers/STM32H7xx_HAL_Driver/stm32h7xx_hal_cortex.o
                0x08102d00                HAL_NVIC_SetPriorityGrouping
 .text.HAL_NVIC_SetPriority
                0x08102d16       0x34 ./Drivers/STM32H7xx_HAL_Driver/stm32h7xx_hal_cortex.o
                0x08102d16                HAL_NVIC_SetPriority
 .text.HAL_NVIC_EnableIRQ
                0x08102d4a       0x1c ./Drivers/STM32H7xx_HAL_Driver/stm32h7xx_hal_cortex.o
                0x08102d4a                HAL_NVIC_EnableIRQ
 .text.HAL_SYSTICK_Config
                0x08102d66       0x18 ./Drivers/STM32H7xx_HAL_Driver/stm32h7xx_hal_cortex.o
                0x08102d66                HAL_SYSTICK_Config
 *fill*         0x08102d7e        0x2 
 .text.HAL_GetCurrentCPUID
                0x08102d80       0x28 ./Drivers/STM32H7xx_HAL_Driver/stm32h7xx_hal_cortex.o
                0x08102d80                HAL_GetCurrentCPUID
 .text.HAL_GPIO_Init
                0x08102da8      0x360 ./Drivers/STM32H7xx_HAL_Driver/stm32h7xx_hal_gpio.o
                0x08102da8                HAL_GPIO_Init
 .text.HAL_GPIO_ReadPin
                0x08103108       0x30 ./Drivers/STM32H7xx_HAL_Driver/stm32h7xx_hal_gpio.o
                0x08103108                HAL_GPIO_ReadPin
 .text.HAL_GPIO_WritePin
                0x08103138       0x32 ./Drivers/STM32H7xx_HAL_Driver/stm32h7xx_hal_gpio.o
                0x08103138                HAL_GPIO_WritePin
 *fill*         0x0810316a        0x2 
 .text.HAL_HSEM_FastTake
                0x0810316c       0x34 ./Drivers/STM32H7xx_HAL_Driver/stm32h7xx_hal_hsem.o
                0x0810316c                HAL_HSEM_FastTake
 .text.HAL_HSEM_Release
                0x081031a0       0x28 ./Drivers/STM32H7xx_HAL_Driver/stm32h7xx_hal_hsem.o
                0x081031a0                HAL_HSEM_Release
 .text.HAL_HSEM_ActivateNotification
                0x081031c8       0x24 ./Drivers/STM32H7xx_HAL_Driver/stm32h7xx_hal_hsem.o
                0x081031c8                HAL_HSEM_ActivateNotification
 .text.HAL_HSEM_DeactivateNotification
                0x081031ec       0x28 ./Drivers/STM32H7xx_HAL_Driver/stm32h7xx_hal_hsem.o
                0x081031ec                HAL_HSEM_DeactivateNotification
 .text.HAL_HSEM_IRQHandler
                0x08103214       0x34 ./Drivers/STM32H7xx_HAL_Driver/stm32h7xx_hal_hsem.o
                0x08103214                HAL_HSEM_IRQHandler
 .text.HAL_HSEM_FreeCallback
                0x08103248       0x14 ./Drivers/STM32H7xx_HAL_Driver/stm32h7xx_hal_hsem.o
                0x08103248                HAL_HSEM_FreeCallback
 .text.HAL_PWREx_EnterSTOPMode
                0x0810325c       0xf4 ./Drivers/STM32H7xx_HAL_Driver/stm32h7xx_hal_pwr_ex.o
                0x0810325c                HAL_PWREx_EnterSTOPMode
 .text.HAL_PWREx_ClearPendingEvent
                0x08103350       0x1a ./Drivers/STM32H7xx_HAL_Driver/stm32h7xx_hal_pwr_ex.o
                0x08103350                HAL_PWREx_ClearPendingEvent
 *fill*         0x0810336a        0x2 
 .text.HAL_RCC_GetSysClockFreq
                0x0810336c      0x2f4 ./Drivers/STM32H7xx_HAL_Driver/stm32h7xx_hal_rcc.o
                0x0810336c                HAL_RCC_GetSysClockFreq
 .text.HAL_RCCEx_PeriphCLKConfig
                0x08103660     0x1414 ./Drivers/STM32H7xx_HAL_Driver/stm32h7xx_hal_rcc_ex.o
                0x08103660                HAL_RCCEx_PeriphCLKConfig
 .text.RCCEx_PLL2_Config
                0x08104a74      0x164 ./Drivers/STM32H7xx_HAL_Driver/stm32h7xx_hal_rcc_ex.o
 .text.RCCEx_PLL3_Config
                0x08104bd8      0x164 ./Drivers/STM32H7xx_HAL_Driver/stm32h7xx_hal_rcc_ex.o
 .text.HAL_SPI_Init
                0x08104d3c      0x248 ./Drivers/STM32H7xx_HAL_Driver/stm32h7xx_hal_spi.o
                0x08104d3c                HAL_SPI_Init
 .text.HAL_SPI_TransmitReceive
                0x08104f84      0x670 ./Drivers/STM32H7xx_HAL_Driver/stm32h7xx_hal_spi.o
                0x08104f84                HAL_SPI_TransmitReceive
 .text.SPI_CloseTransfer
                0x081055f4      0x140 ./Drivers/STM32H7xx_HAL_Driver/stm32h7xx_hal_spi.o
 .text.SPI_WaitOnFlagUntilTimeout
                0x08105734       0x5c ./Drivers/STM32H7xx_HAL_Driver/stm32h7xx_hal_spi.o
 .text.SPI_GetPacketSize
                0x08105790       0x36 ./Drivers/STM32H7xx_HAL_Driver/stm32h7xx_hal_spi.o
 .text.HAL_TIM_Base_Init
                0x081057c6       0xae ./Drivers/STM32H7xx_HAL_Driver/stm32h7xx_hal_tim.o
                0x081057c6                HAL_TIM_Base_Init
 .text.HAL_TIM_Base_Start_IT
                0x08105874       0xf0 ./Drivers/STM32H7xx_HAL_Driver/stm32h7xx_hal_tim.o
                0x08105874                HAL_TIM_Base_Start_IT
 .text.HAL_TIM_IRQHandler
                0x08105964      0x20e ./Drivers/STM32H7xx_HAL_Driver/stm32h7xx_hal_tim.o
                0x08105964                HAL_TIM_IRQHandler
 *fill*         0x08105b72        0x2 
 .text.HAL_TIM_ConfigClockSource
                0x08105b74      0x1f0 ./Drivers/STM32H7xx_HAL_Driver/stm32h7xx_hal_tim.o
                0x08105b74                HAL_TIM_ConfigClockSource
 .text.HAL_TIM_OC_DelayElapsedCallback
                0x08105d64       0x14 ./Drivers/STM32H7xx_HAL_Driver/stm32h7xx_hal_tim.o
                0x08105d64                HAL_TIM_OC_DelayElapsedCallback
 .text.HAL_TIM_IC_CaptureCallback
                0x08105d78       0x14 ./Drivers/STM32H7xx_HAL_Driver/stm32h7xx_hal_tim.o
                0x08105d78                HAL_TIM_IC_CaptureCallback
 .text.HAL_TIM_PWM_PulseFinishedCallback
                0x08105d8c       0x14 ./Drivers/STM32H7xx_HAL_Driver/stm32h7xx_hal_tim.o
                0x08105d8c                HAL_TIM_PWM_PulseFinishedCallback
 .text.HAL_TIM_TriggerCallback
                0x08105da0       0x14 ./Drivers/STM32H7xx_HAL_Driver/stm32h7xx_hal_tim.o
                0x08105da0                HAL_TIM_TriggerCallback
 .text.TIM_Base_SetConfig
                0x08105db4      0x14c ./Drivers/STM32H7xx_HAL_Driver/stm32h7xx_hal_tim.o
                0x08105db4                TIM_Base_SetConfig
 .text.TIM_TI1_ConfigInputStage
                0x08105f00       0x5e ./Drivers/STM32H7xx_HAL_Driver/stm32h7xx_hal_tim.o
 .text.TIM_TI2_ConfigInputStage
                0x08105f5e       0x60 ./Drivers/STM32H7xx_HAL_Driver/stm32h7xx_hal_tim.o
 .text.TIM_ITRx_SetConfig
                0x08105fbe       0x3a ./Drivers/STM32H7xx_HAL_Driver/stm32h7xx_hal_tim.o
 .text.TIM_ETR_SetConfig
                0x08105ff8       0x40 ./Drivers/STM32H7xx_HAL_Driver/stm32h7xx_hal_tim.o
                0x08105ff8                TIM_ETR_SetConfig
 .text.HAL_TIMEx_MasterConfigSynchronization
                0x08106038      0x11c ./Drivers/STM32H7xx_HAL_Driver/stm32h7xx_hal_tim_ex.o
                0x08106038                HAL_TIMEx_MasterConfigSynchronization
 .text.HAL_TIMEx_CommutCallback
                0x08106154       0x14 ./Drivers/STM32H7xx_HAL_Driver/stm32h7xx_hal_tim_ex.o
                0x08106154                HAL_TIMEx_CommutCallback
 .text.HAL_TIMEx_BreakCallback
                0x08106168       0x14 ./Drivers/STM32H7xx_HAL_Driver/stm32h7xx_hal_tim_ex.o
                0x08106168                HAL_TIMEx_BreakCallback
 .text.HAL_TIMEx_Break2Callback
                0x0810617c       0x14 ./Drivers/STM32H7xx_HAL_Driver/stm32h7xx_hal_tim_ex.o
                0x0810617c                HAL_TIMEx_Break2Callback
 .text.memset   0x08106190       0x10 /opt/st/stm32cubeide_1.16.1/plugins/com.st.stm32cube.ide.mcu.externaltools.gnu-tools-for-stm32.12.3.rel1.linux64_1.0.200.202406132123/tools/bin/../lib/gcc/arm-none-eabi/12.3.1/../../../../arm-none-eabi/lib/thumb/v7e-m+fp/hard/libc_nano.a(libc_a-memset.o)
                0x08106190                memset
 .text.__errno  0x081061a0        0xc /opt/st/stm32cubeide_1.16.1/plugins/com.st.stm32cube.ide.mcu.externaltools.gnu-tools-for-stm32.12.3.rel1.linux64_1.0.200.202406132123/tools/bin/../lib/gcc/arm-none-eabi/12.3.1/../../../../arm-none-eabi/lib/thumb/v7e-m+fp/hard/libc_nano.a(libc_a-errno.o)
                0x081061a0                __errno
 .text.__libc_init_array
                0x081061ac       0x48 /opt/st/stm32cubeide_1.16.1/plugins/com.st.stm32cube.ide.mcu.externaltools.gnu-tools-for-stm32.12.3.rel1.linux64_1.0.200.202406132123/tools/bin/../lib/gcc/arm-none-eabi/12.3.1/../../../../arm-none-eabi/lib/thumb/v7e-m+fp/hard/libc_nano.a(libc_a-init.o)
                0x081061ac                __libc_init_array
 .text.asin     0x081061f4       0x68 /opt/st/stm32cubeide_1.16.1/plugins/com.st.stm32cube.ide.mcu.externaltools.gnu-tools-for-stm32.12.3.rel1.linux64_1.0.200.202406132123/tools/bin/../lib/gcc/arm-none-eabi/12.3.1/../../../../arm-none-eabi/lib/thumb/v7e-m+fp/hard/libm.a(libm_a-w_asin.o)
                0x081061f4                asin
 .text.atan2    0x0810625c        0x4 /opt/st/stm32cubeide_1.16.1/plugins/com.st.stm32cube.ide.mcu.externaltools.gnu-tools-for-stm32.12.3.rel1.linux64_1.0.200.202406132123/tools/bin/../lib/gcc/arm-none-eabi/12.3.1/../../../../arm-none-eabi/lib/thumb/v7e-m+fp/hard/libm.a(libm_a-w_atan2.o)
                0x0810625c                atan2
 .text.sqrt     0x08106260       0x58 /opt/st/stm32cubeide_1.16.1/plugins/com.st.stm32cube.ide.mcu.externaltools.gnu-tools-for-stm32.12.3.rel1.linux64_1.0.200.202406132123/tools/bin/../lib/gcc/arm-none-eabi/12.3.1/../../../../arm-none-eabi/lib/thumb/v7e-m+fp/hard/libm.a(libm_a-w_sqrt.o)
                0x08106260                sqrt
 .text.fabs     0x081062b8       0x10 /opt/st/stm32cubeide_1.16.1/plugins/com.st.stm32cube.ide.mcu.externaltools.gnu-tools-for-stm32.12.3.rel1.linux64_1.0.200.202406132123/tools/bin/../lib/gcc/arm-none-eabi/12.3.1/../../../../arm-none-eabi/lib/thumb/v7e-m+fp/hard/libm.a(libm_a-s_fabs.o)
                0x081062b8                fabs
 .text.powf     0x081062c8       0xae /opt/st/stm32cubeide_1.16.1/plugins/com.st.stm32cube.ide.mcu.externaltools.gnu-tools-for-stm32.12.3.rel1.linux64_1.0.200.202406132123/tools/bin/../lib/gcc/arm-none-eabi/12.3.1/../../../../arm-none-eabi/lib/thumb/v7e-m+fp/hard/libm.a(libm_a-wf_pow.o)
                0x081062c8                powf
 *fill*         0x08106376        0x2 
 .text.nan      0x08106378       0x10 /opt/st/stm32cubeide_1.16.1/plugins/com.st.stm32cube.ide.mcu.externaltools.gnu-tools-for-stm32.12.3.rel1.linux64_1.0.200.202406132123/tools/bin/../lib/gcc/arm-none-eabi/12.3.1/../../../../arm-none-eabi/lib/thumb/v7e-m+fp/hard/libm.a(libm_a-s_nan.o)
                0x08106378                nan
 .text.finitef  0x08106388       0x14 /opt/st/stm32cubeide_1.16.1/plugins/com.st.stm32cube.ide.mcu.externaltools.gnu-tools-for-stm32.12.3.rel1.linux64_1.0.200.202406132123/tools/bin/../lib/gcc/arm-none-eabi/12.3.1/../../../../arm-none-eabi/lib/thumb/v7e-m+fp/hard/libm.a(libm_a-sf_finite.o)
                0x08106388                finitef
 .text.__ieee754_sqrt
                0x0810639c      0x1b4 /opt/st/stm32cubeide_1.16.1/plugins/com.st.stm32cube.ide.mcu.externaltools.gnu-tools-for-stm32.12.3.rel1.linux64_1.0.200.202406132123/tools/bin/../lib/gcc/arm-none-eabi/12.3.1/../../../../arm-none-eabi/lib/thumb/v7e-m+fp/hard/libm.a(libm_a-e_sqrt.o)
                0x0810639c                __ieee754_sqrt
 .text.__ieee754_asin
                0x08106550      0x408 /opt/st/stm32cubeide_1.16.1/plugins/com.st.stm32cube.ide.mcu.externaltools.gnu-tools-for-stm32.12.3.rel1.linux64_1.0.200.202406132123/tools/bin/../lib/gcc/arm-none-eabi/12.3.1/../../../../arm-none-eabi/lib/thumb/v7e-m+fp/hard/libm.a(libm_a-e_asin.o)
                0x08106550                __ieee754_asin
 .text.__ieee754_atan2
                0x08106958      0x18c /opt/st/stm32cubeide_1.16.1/plugins/com.st.stm32cube.ide.mcu.externaltools.gnu-tools-for-stm32.12.3.rel1.linux64_1.0.200.202406132123/tools/bin/../lib/gcc/arm-none-eabi/12.3.1/../../../../arm-none-eabi/lib/thumb/v7e-m+fp/hard/libm.a(libm_a-e_atan2.o)
                0x08106958                __ieee754_atan2
 *fill*         0x08106ae4        0x4 
 .text.atan     0x08106ae8      0x330 /opt/st/stm32cubeide_1.16.1/plugins/com.st.stm32cube.ide.mcu.externaltools.gnu-tools-for-stm32.12.3.rel1.linux64_1.0.200.202406132123/tools/bin/../lib/gcc/arm-none-eabi/12.3.1/../../../../arm-none-eabi/lib/thumb/v7e-m+fp/hard/libm.a(libm_a-s_atan.o)
                0x08106ae8                atan
 .text.__ieee754_powf
                0x08106e18      0x5a0 /opt/st/stm32cubeide_1.16.1/plugins/com.st.stm32cube.ide.mcu.externaltools.gnu-tools-for-stm32.12.3.rel1.linux64_1.0.200.202406132123/tools/bin/../lib/gcc/arm-none-eabi/12.3.1/../../../../arm-none-eabi/lib/thumb/v7e-m+fp/hard/libm.a(libm_a-ef_pow.o)
                0x08106e18                __ieee754_powf
 .text.fabsf    0x081073b8        0xe /opt/st/stm32cubeide_1.16.1/plugins/com.st.stm32cube.ide.mcu.externaltools.gnu-tools-for-stm32.12.3.rel1.linux64_1.0.200.202406132123/tools/bin/../lib/gcc/arm-none-eabi/12.3.1/../../../../arm-none-eabi/lib/thumb/v7e-m+fp/hard/libm.a(libm_a-sf_fabs.o)
                0x081073b8                fabsf
 *fill*         0x081073c6        0x2 
 .text.scalbnf  0x081073c8       0xcc /opt/st/stm32cubeide_1.16.1/plugins/com.st.stm32cube.ide.mcu.externaltools.gnu-tools-for-stm32.12.3.rel1.linux64_1.0.200.202406132123/tools/bin/../lib/gcc/arm-none-eabi/12.3.1/../../../../arm-none-eabi/lib/thumb/v7e-m+fp/hard/libm.a(libm_a-sf_scalbn.o)
                0x081073c8                scalbnf
 .text.with_errnof
                0x08107494       0x1c /opt/st/stm32cubeide_1.16.1/plugins/com.st.stm32cube.ide.mcu.externaltools.gnu-tools-for-stm32.12.3.rel1.linux64_1.0.200.202406132123/tools/bin/../lib/gcc/arm-none-eabi/12.3.1/../../../../arm-none-eabi/lib/thumb/v7e-m+fp/hard/libm.a(libm_a-math_errf.o)
 .text.xflowf   0x081074b0       0x16 /opt/st/stm32cubeide_1.16.1/plugins/com.st.stm32cube.ide.mcu.externaltools.gnu-tools-for-stm32.12.3.rel1.linux64_1.0.200.202406132123/tools/bin/../lib/gcc/arm-none-eabi/12.3.1/../../../../arm-none-eabi/lib/thumb/v7e-m+fp/hard/libm.a(libm_a-math_errf.o)
 *fill*         0x081074c6        0x2 
 .text.__math_uflowf
                0x081074c8        0xc /opt/st/stm32cubeide_1.16.1/plugins/com.st.stm32cube.ide.mcu.externaltools.gnu-tools-for-stm32.12.3.rel1.linux64_1.0.200.202406132123/tools/bin/../lib/gcc/arm-none-eabi/12.3.1/../../../../arm-none-eabi/lib/thumb/v7e-m+fp/hard/libm.a(libm_a-math_errf.o)
                0x081074c8                __math_uflowf
 .text.__math_oflowf
                0x081074d4        0xc /opt/st/stm32cubeide_1.16.1/plugins/com.st.stm32cube.ide.mcu.externaltools.gnu-tools-for-stm32.12.3.rel1.linux64_1.0.200.202406132123/tools/bin/../lib/gcc/arm-none-eabi/12.3.1/../../../../arm-none-eabi/lib/thumb/v7e-m+fp/hard/libm.a(libm_a-math_errf.o)
                0x081074d4                __math_oflowf
 .text.__ieee754_sqrtf
                0x081074e0        0x6 /opt/st/stm32cubeide_1.16.1/plugins/com.st.stm32cube.ide.mcu.externaltools.gnu-tools-for-stm32.12.3.rel1.linux64_1.0.200.202406132123/tools/bin/../lib/gcc/arm-none-eabi/12.3.1/../../../../arm-none-eabi/lib/thumb/v7e-m+fp/hard/libm.a(libm_a-ef_sqrt.o)
                0x081074e0                __ieee754_sqrtf
 *(.glue_7)
 .glue_7        0x081074e6        0x0 linker stubs
 *(.glue_7t)
 .glue_7t       0x081074e6        0x0 linker stubs
 *(.eh_frame)
 *fill*         0x081074e6        0x2 
 .eh_frame      0x081074e8        0x0 /opt/st/stm32cubeide_1.16.1/plugins/com.st.stm32cube.ide.mcu.externaltools.gnu-tools-for-stm32.12.3.rel1.linux64_1.0.200.202406132123/tools/bin/../lib/gcc/arm-none-eabi/12.3.1/thumb/v7e-m+fp/hard/crtbegin.o
 *(.init)
 .init          0x081074e8        0x4 /opt/st/stm32cubeide_1.16.1/plugins/com.st.stm32cube.ide.mcu.externaltools.gnu-tools-for-stm32.12.3.rel1.linux64_1.0.200.202406132123/tools/bin/../lib/gcc/arm-none-eabi/12.3.1/thumb/v7e-m+fp/hard/crti.o
                0x081074e8                _init
 .init          0x081074ec        0x8 /opt/st/stm32cubeide_1.16.1/plugins/com.st.stm32cube.ide.mcu.externaltools.gnu-tools-for-stm32.12.3.rel1.linux64_1.0.200.202406132123/tools/bin/../lib/gcc/arm-none-eabi/12.3.1/thumb/v7e-m+fp/hard/crtn.o
 *(.fini)
 .fini          0x081074f4        0x4 /opt/st/stm32cubeide_1.16.1/plugins/com.st.stm32cube.ide.mcu.externaltools.gnu-tools-for-stm32.12.3.rel1.linux64_1.0.200.202406132123/tools/bin/../lib/gcc/arm-none-eabi/12.3.1/thumb/v7e-m+fp/hard/crti.o
                0x081074f4                _fini
 .fini          0x081074f8        0x8 /opt/st/stm32cubeide_1.16.1/plugins/com.st.stm32cube.ide.mcu.externaltools.gnu-tools-for-stm32.12.3.rel1.linux64_1.0.200.202406132123/tools/bin/../lib/gcc/arm-none-eabi/12.3.1/thumb/v7e-m+fp/hard/crtn.o
                0x08107500                        . = ALIGN (0x4)
                0x08107500                        _etext = .

.vfp11_veneer   0x08107500        0x0
 .vfp11_veneer  0x08107500        0x0 linker stubs

.v4_bx          0x08107500        0x0
 .v4_bx         0x08107500        0x0 linker stubs

.iplt           0x08107500        0x0
 .iplt          0x08107500        0x0 /opt/st/stm32cubeide_1.16.1/plugins/com.st.stm32cube.ide.mcu.externaltools.gnu-tools-for-stm32.12.3.rel1.linux64_1.0.200.202406132123/tools/bin/../lib/gcc/arm-none-eabi/12.3.1/thumb/v7e-m+fp/hard/crtbegin.o

.rodata         0x08107500       0xa0
                0x08107500                        . = ALIGN (0x4)
 *(.rodata)
 *(.rodata*)
 .rodata.D1CorePrescTable
                0x08107500       0x10 ./Common/Src/system_stm32h7xx_dualcore_boot_cm4_cm7.o
                0x08107500                D1CorePrescTable
 .rodata.asin.str1.1
                0x08107510        0x1 /opt/st/stm32cubeide_1.16.1/plugins/com.st.stm32cube.ide.mcu.externaltools.gnu-tools-for-stm32.12.3.rel1.linux64_1.0.200.202406132123/tools/bin/../lib/gcc/arm-none-eabi/12.3.1/../../../../arm-none-eabi/lib/thumb/v7e-m+fp/hard/libm.a(libm_a-w_asin.o)
 *fill*         0x08107511        0x7 
 .rodata.CSWTCH.9
                0x08107518       0x18 /opt/st/stm32cubeide_1.16.1/plugins/com.st.stm32cube.ide.mcu.externaltools.gnu-tools-for-stm32.12.3.rel1.linux64_1.0.200.202406132123/tools/bin/../lib/gcc/arm-none-eabi/12.3.1/../../../../arm-none-eabi/lib/thumb/v7e-m+fp/hard/libm.a(libm_a-e_atan2.o)
 .rodata.CSWTCH.8
                0x08107530       0x18 /opt/st/stm32cubeide_1.16.1/plugins/com.st.stm32cube.ide.mcu.externaltools.gnu-tools-for-stm32.12.3.rel1.linux64_1.0.200.202406132123/tools/bin/../lib/gcc/arm-none-eabi/12.3.1/../../../../arm-none-eabi/lib/thumb/v7e-m+fp/hard/libm.a(libm_a-e_atan2.o)
 .rodata.atanlo
                0x08107548       0x20 /opt/st/stm32cubeide_1.16.1/plugins/com.st.stm32cube.ide.mcu.externaltools.gnu-tools-for-stm32.12.3.rel1.linux64_1.0.200.202406132123/tools/bin/../lib/gcc/arm-none-eabi/12.3.1/../../../../arm-none-eabi/lib/thumb/v7e-m+fp/hard/libm.a(libm_a-s_atan.o)
 .rodata.atanhi
                0x08107568       0x20 /opt/st/stm32cubeide_1.16.1/plugins/com.st.stm32cube.ide.mcu.externaltools.gnu-tools-for-stm32.12.3.rel1.linux64_1.0.200.202406132123/tools/bin/../lib/gcc/arm-none-eabi/12.3.1/../../../../arm-none-eabi/lib/thumb/v7e-m+fp/hard/libm.a(libm_a-s_atan.o)
 .rodata.dp_l   0x08107588        0x8 /opt/st/stm32cubeide_1.16.1/plugins/com.st.stm32cube.ide.mcu.externaltools.gnu-tools-for-stm32.12.3.rel1.linux64_1.0.200.202406132123/tools/bin/../lib/gcc/arm-none-eabi/12.3.1/../../../../arm-none-eabi/lib/thumb/v7e-m+fp/hard/libm.a(libm_a-ef_pow.o)
 .rodata.dp_h   0x08107590        0x8 /opt/st/stm32cubeide_1.16.1/plugins/com.st.stm32cube.ide.mcu.externaltools.gnu-tools-for-stm32.12.3.rel1.linux64_1.0.200.202406132123/tools/bin/../lib/gcc/arm-none-eabi/12.3.1/../../../../arm-none-eabi/lib/thumb/v7e-m+fp/hard/libm.a(libm_a-ef_pow.o)
 .rodata.bp     0x08107598        0x8 /opt/st/stm32cubeide_1.16.1/plugins/com.st.stm32cube.ide.mcu.externaltools.gnu-tools-for-stm32.12.3.rel1.linux64_1.0.200.202406132123/tools/bin/../lib/gcc/arm-none-eabi/12.3.1/../../../../arm-none-eabi/lib/thumb/v7e-m+fp/hard/libm.a(libm_a-ef_pow.o)
                0x081075a0                        . = ALIGN (0x4)

.ARM.extab
 *(.ARM.extab* .gnu.linkonce.armextab.*)

.ARM            0x081075a0        0x0
                0x081075a0                        __exidx_start = .
 *(.ARM.exidx*)
                0x081075a0                        __exidx_end = .

.preinit_array  0x081075a0        0x0
                0x081075a0                        PROVIDE (__preinit_array_start = .)
 *(.preinit_array*)
                0x081075a0                        PROVIDE (__preinit_array_end = .)

.init_array     0x081075a0        0x4
                0x081075a0                        PROVIDE (__init_array_start = .)
 *(SORT_BY_NAME(.init_array.*))
 *(.init_array*)
 .init_array    0x081075a0        0x4 /opt/st/stm32cubeide_1.16.1/plugins/com.st.stm32cube.ide.mcu.externaltools.gnu-tools-for-stm32.12.3.rel1.linux64_1.0.200.202406132123/tools/bin/../lib/gcc/arm-none-eabi/12.3.1/thumb/v7e-m+fp/hard/crtbegin.o
                0x081075a4                        PROVIDE (__init_array_end = .)

.fini_array     0x081075a4        0x4
                [!provide]                        PROVIDE (__fini_array_start = .)
 *(SORT_BY_NAME(.fini_array.*))
 *(.fini_array*)
 .fini_array    0x081075a4        0x4 /opt/st/stm32cubeide_1.16.1/plugins/com.st.stm32cube.ide.mcu.externaltools.gnu-tools-for-stm32.12.3.rel1.linux64_1.0.200.202406132123/tools/bin/../lib/gcc/arm-none-eabi/12.3.1/thumb/v7e-m+fp/hard/crtbegin.o
                [!provide]                        PROVIDE (__fini_array_end = .)
                0x081075a8                        _sidata = LOADADDR (.data)

.rel.dyn        0x081075a8        0x0
 .rel.iplt      0x081075a8        0x0 /opt/st/stm32cubeide_1.16.1/plugins/com.st.stm32cube.ide.mcu.externaltools.gnu-tools-for-stm32.12.3.rel1.linux64_1.0.200.202406132123/tools/bin/../lib/gcc/arm-none-eabi/12.3.1/thumb/v7e-m+fp/hard/crtbegin.o

.data           0x10000000       0x80 load address 0x081075a8
                0x10000000                        . = ALIGN (0x4)
                0x10000000                        _sdata = .
 *(.data)
 *(.data*)
 .data.rotationVector_Q1
                0x10000000        0x2 ./Common/BNO086_SPI/BNO086_SPI.o
                0x10000000                rotationVector_Q1
 .data.accelerometer_Q1
                0x10000002        0x2 ./Common/BNO086_SPI/BNO086_SPI.o
                0x10000002                accelerometer_Q1
 .data.linear_accelerometer_Q1
                0x10000004        0x2 ./Common/BNO086_SPI/BNO086_SPI.o
                0x10000004                linear_accelerometer_Q1
 .data.gyro_Q1  0x10000006        0x2 ./Common/BNO086_SPI/BNO086_SPI.o
                0x10000006                gyro_Q1
 .data.magnetometer_Q1
                0x10000008        0x2 ./Common/BNO086_SPI/BNO086_SPI.o
                0x10000008                magnetometer_Q1
 *fill*         0x1000000a        0x2 
 .data.SystemCoreClock
                0x1000000c        0x4 ./Common/Src/system_stm32h7xx_dualcore_boot_cm4_cm7.o
                0x1000000c                SystemCoreClock
 .data.SystemD2Clock
                0x10000010        0x4 ./Common/Src/system_stm32h7xx_dualcore_boot_cm4_cm7.o
                0x10000010                SystemD2Clock
 .data.uwTickPrio
                0x10000014        0x4 ./Drivers/STM32H7xx_HAL_Driver/stm32h7xx_hal.o
                0x10000014                uwTickPrio
 .data.uwTickFreq
                0x10000018        0x1 ./Drivers/STM32H7xx_HAL_Driver/stm32h7xx_hal.o
                0x10000018                uwTickFreq
 *fill*         0x10000019        0x3 
 .data._impure_ptr
                0x1000001c        0x4 /opt/st/stm32cubeide_1.16.1/plugins/com.st.stm32cube.ide.mcu.externaltools.gnu-tools-for-stm32.12.3.rel1.linux64_1.0.200.202406132123/tools/bin/../lib/gcc/arm-none-eabi/12.3.1/../../../../arm-none-eabi/lib/thumb/v7e-m+fp/hard/libc_nano.a(libc_a-impure.o)
                0x1000001c                _impure_ptr
 .data._impure_data
                0x10000020       0x4c /opt/st/stm32cubeide_1.16.1/plugins/com.st.stm32cube.ide.mcu.externaltools.gnu-tools-for-stm32.12.3.rel1.linux64_1.0.200.202406132123/tools/bin/../lib/gcc/arm-none-eabi/12.3.1/../../../../arm-none-eabi/lib/thumb/v7e-m+fp/hard/libc_nano.a(libc_a-impure.o)
                0x10000020                _impure_data
 *fill*         0x1000006c        0x4 
 .data.tiny     0x10000070        0x8 /opt/st/stm32cubeide_1.16.1/plugins/com.st.stm32cube.ide.mcu.externaltools.gnu-tools-for-stm32.12.3.rel1.linux64_1.0.200.202406132123/tools/bin/../lib/gcc/arm-none-eabi/12.3.1/../../../../arm-none-eabi/lib/thumb/v7e-m+fp/hard/libm.a(libm_a-e_sqrt.o)
 .data.one      0x10000078        0x8 /opt/st/stm32cubeide_1.16.1/plugins/com.st.stm32cube.ide.mcu.externaltools.gnu-tools-for-stm32.12.3.rel1.linux64_1.0.200.202406132123/tools/bin/../lib/gcc/arm-none-eabi/12.3.1/../../../../arm-none-eabi/lib/thumb/v7e-m+fp/hard/libm.a(libm_a-e_sqrt.o)
 *(.RamFunc)
 *(.RamFunc*)
                0x10000080                        . = ALIGN (0x4)
                0x10000080                        _edata = .

.igot.plt       0x10000080        0x0 load address 0x08107628
 .igot.plt      0x10000080        0x0 /opt/st/stm32cubeide_1.16.1/plugins/com.st.stm32cube.ide.mcu.externaltools.gnu-tools-for-stm32.12.3.rel1.linux64_1.0.200.202406132123/tools/bin/../lib/gcc/arm-none-eabi/12.3.1/thumb/v7e-m+fp/hard/crtbegin.o
                0x10000080                        . = ALIGN (0x4)

.bss            0x10000080      0x354 load address 0x08107628
                0x10000080                        _sbss = .
                0x10000080                        __bss_start__ = _sbss
 *(.bss)
 .bss           0x10000080       0x1c /opt/st/stm32cubeide_1.16.1/plugins/com.st.stm32cube.ide.mcu.externaltools.gnu-tools-for-stm32.12.3.rel1.linux64_1.0.200.202406132123/tools/bin/../lib/gcc/arm-none-eabi/12.3.1/thumb/v7e-m+fp/hard/crtbegin.o
 *(.bss*)
 .bss.shtpHeader
                0x1000009c        0x4 ./Common/BNO086_SPI/BNO086_SPI.o
                0x1000009c                shtpHeader
 .bss.shtpData  0x100000a0       0x80 ./Common/BNO086_SPI/BNO086_SPI.o
                0x100000a0                shtpData
 .bss.sequenceNumber
                0x10000120        0x6 ./Common/BNO086_SPI/BNO086_SPI.o
                0x10000120                sequenceNumber
 .bss.commandSequenceNumber
                0x10000126        0x1 ./Common/BNO086_SPI/BNO086_SPI.o
                0x10000126                commandSequenceNumber
 *fill*         0x10000127        0x1 
 .bss.rawAccelX
                0x10000128        0x2 ./Common/BNO086_SPI/BNO086_SPI.o
                0x10000128                rawAccelX
 .bss.rawAccelY
                0x1000012a        0x2 ./Common/BNO086_SPI/BNO086_SPI.o
                0x1000012a                rawAccelY
 .bss.rawAccelZ
                0x1000012c        0x2 ./Common/BNO086_SPI/BNO086_SPI.o
                0x1000012c                rawAccelZ
 .bss.accelAccuracy
                0x1000012e        0x2 ./Common/BNO086_SPI/BNO086_SPI.o
                0x1000012e                accelAccuracy
 .bss.rawLinAccelX
                0x10000130        0x2 ./Common/BNO086_SPI/BNO086_SPI.o
                0x10000130                rawLinAccelX
 .bss.rawLinAccelY
                0x10000132        0x2 ./Common/BNO086_SPI/BNO086_SPI.o
                0x10000132                rawLinAccelY
 .bss.rawLinAccelZ
                0x10000134        0x2 ./Common/BNO086_SPI/BNO086_SPI.o
                0x10000134                rawLinAccelZ
 .bss.accelLinAccuracy
                0x10000136        0x2 ./Common/BNO086_SPI/BNO086_SPI.o
                0x10000136                accelLinAccuracy
 .bss.rawGyroX  0x10000138        0x2 ./Common/BNO086_SPI/BNO086_SPI.o
                0x10000138                rawGyroX
 .bss.rawGyroY  0x1000013a        0x2 ./Common/BNO086_SPI/BNO086_SPI.o
                0x1000013a                rawGyroY
 .bss.rawGyroZ  0x1000013c        0x2 ./Common/BNO086_SPI/BNO086_SPI.o
                0x1000013c                rawGyroZ
 .bss.gyroAccuracy
                0x1000013e        0x2 ./Common/BNO086_SPI/BNO086_SPI.o
                0x1000013e                gyroAccuracy
 .bss.rawMagX   0x10000140        0x2 ./Common/BNO086_SPI/BNO086_SPI.o
                0x10000140                rawMagX
 .bss.rawMagY   0x10000142        0x2 ./Common/BNO086_SPI/BNO086_SPI.o
                0x10000142                rawMagY
 .bss.rawMagZ   0x10000144        0x2 ./Common/BNO086_SPI/BNO086_SPI.o
                0x10000144                rawMagZ
 .bss.magAccuracy
                0x10000146        0x2 ./Common/BNO086_SPI/BNO086_SPI.o
                0x10000146                magAccuracy
 .bss.rawQuatI  0x10000148        0x2 ./Common/BNO086_SPI/BNO086_SPI.o
                0x10000148                rawQuatI
 .bss.rawQuatJ  0x1000014a        0x2 ./Common/BNO086_SPI/BNO086_SPI.o
                0x1000014a                rawQuatJ
 .bss.rawQuatK  0x1000014c        0x2 ./Common/BNO086_SPI/BNO086_SPI.o
                0x1000014c                rawQuatK
 .bss.rawQuatReal
                0x1000014e        0x2 ./Common/BNO086_SPI/BNO086_SPI.o
                0x1000014e                rawQuatReal
 .bss.rawQuatRadianAccuracy
                0x10000150        0x2 ./Common/BNO086_SPI/BNO086_SPI.o
                0x10000150                rawQuatRadianAccuracy
 .bss.quatAccuracy
                0x10000152        0x2 ./Common/BNO086_SPI/BNO086_SPI.o
                0x10000152                quatAccuracy
 .bss.stepCount
                0x10000154        0x2 ./Common/BNO086_SPI/BNO086_SPI.o
                0x10000154                stepCount
 *fill*         0x10000156        0x2 
 .bss.timeStamp
                0x10000158        0x4 ./Common/BNO086_SPI/BNO086_SPI.o
                0x10000158                timeStamp
 .bss.stabilityClassifier
                0x1000015c        0x1 ./Common/BNO086_SPI/BNO086_SPI.o
                0x1000015c                stabilityClassifier
 .bss.activityClassifier
                0x1000015d        0x1 ./Common/BNO086_SPI/BNO086_SPI.o
                0x1000015d                activityClassifier
 *fill*         0x1000015e        0x2 
 .bss._activityConfidences
                0x10000160        0x4 ./Common/BNO086_SPI/BNO086_SPI.o
                0x10000160                _activityConfidences
 .bss.calibrationStatus
                0x10000164        0x1 ./Common/BNO086_SPI/BNO086_SPI.o
                0x10000164                calibrationStatus
 .bss.receivedData
                0x10000165        0x1 ./Common/BNO086_SPI/BNO086_SPI.o
                0x10000165                receivedData
 .bss.mode      0x10000166        0x2 ./Common/BNO086_SPI/BNO086_SPI.o
                0x10000166                mode
 .bss.accuracy  0x10000168        0x1 ./Common/BNO086_SPI/BNO086_SPI.o
                0x10000168                accuracy
 .bss.sensorAccuracy
                0x10000169        0x1 ./Common/BNO086_SPI/BNO086_SPI.o
                0x10000169                sensorAccuracy
 .bss.accuracyQuat
                0x1000016a        0x1 ./Common/BNO086_SPI/BNO086_SPI.o
                0x1000016a                accuracyQuat
 .bss.accuracyAccel
                0x1000016b        0x1 ./Common/BNO086_SPI/BNO086_SPI.o
                0x1000016b                accuracyAccel
 .bss.accuracyGyro
                0x1000016c        0x1 ./Common/BNO086_SPI/BNO086_SPI.o
                0x1000016c                accuracyGyro
 .bss.accuracyMag
                0x1000016d        0x1 ./Common/BNO086_SPI/BNO086_SPI.o
                0x1000016d                accuracyMag
 *fill*         0x1000016e        0x2 
 .bss.BNO086    0x10000170       0x4c ./Core/Src/main.o
                0x10000170                BNO086
 .bss.CALIBRATE
                0x100001bc        0x5 ./Core/Src/main.o
                0x100001bc                CALIBRATE
 *fill*         0x100001c1        0x3 
 .bss.hspi1     0x100001c4       0x88 ./Core/Src/spi.o
                0x100001c4                hspi1
 .bss.htim2     0x1000024c       0x4c ./Core/Src/tim.o
                0x1000024c                htim2
 .bss.uwTick    0x10000298        0x4 ./Drivers/STM32H7xx_HAL_Driver/stm32h7xx_hal.o
                0x10000298                uwTick
 .bss.__sf      0x1000029c      0x138 /opt/st/stm32cubeide_1.16.1/plugins/com.st.stm32cube.ide.mcu.externaltools.gnu-tools-for-stm32.12.3.rel1.linux64_1.0.200.202406132123/tools/bin/../lib/gcc/arm-none-eabi/12.3.1/../../../../arm-none-eabi/lib/thumb/v7e-m+fp/hard/libc_nano.a(libc_a-findfp.o)
                0x1000029c                __sf
 *(COMMON)
                0x100003d4                        . = ALIGN (0x4)
                0x100003d4                        _ebss = .
                0x100003d4                        __bss_end__ = _ebss

._user_heap_stack
                0x100003d4      0x604 load address 0x08107628
                0x100003d8                        . = ALIGN (0x8)
 *fill*         0x100003d4        0x4 
                [!provide]                        PROVIDE (end = .)
                0x100003d8                        PROVIDE (_end = .)
                0x100005d8                        . = (. + _Min_Heap_Size)
 *fill*         0x100003d8      0x200 
                0x100009d8                        . = (. + _Min_Stack_Size)
 *fill*         0x100005d8      0x400 
                0x100009d8                        . = ALIGN (0x8)

/DISCARD/
 libc.a(*)
 libm.a(*)
 libgcc.a(*)

.ARM.attributes
                0x00000000       0x30
 *(.ARM.attributes)
 .ARM.attributes
                0x00000000       0x22 /opt/st/stm32cubeide_1.16.1/plugins/com.st.stm32cube.ide.mcu.externaltools.gnu-tools-for-stm32.12.3.rel1.linux64_1.0.200.202406132123/tools/bin/../lib/gcc/arm-none-eabi/12.3.1/thumb/v7e-m+fp/hard/crti.o
 .ARM.attributes
                0x00000022       0x34 /opt/st/stm32cubeide_1.16.1/plugins/com.st.stm32cube.ide.mcu.externaltools.gnu-tools-for-stm32.12.3.rel1.linux64_1.0.200.202406132123/tools/bin/../lib/gcc/arm-none-eabi/12.3.1/thumb/v7e-m+fp/hard/crtbegin.o
 .ARM.attributes
                0x00000056       0x34 ./Common/BNO086_SPI/BNO086_SPI.o
 .ARM.attributes
                0x0000008a       0x34 ./Common/Src/system_stm32h7xx_dualcore_boot_cm4_cm7.o
 .ARM.attributes
                0x000000be       0x34 ./Core/Src/dma.o
 .ARM.attributes
                0x000000f2       0x34 ./Core/Src/gpio.o
 .ARM.attributes
                0x00000126       0x34 ./Core/Src/main.o
 .ARM.attributes
                0x0000015a       0x34 ./Core/Src/spi.o
 .ARM.attributes
                0x0000018e       0x34 ./Core/Src/stm32h7xx_hal_msp.o
 .ARM.attributes
                0x000001c2       0x34 ./Core/Src/stm32h7xx_it.o
 .ARM.attributes
                0x000001f6       0x34 ./Core/Src/tim.o
 .ARM.attributes
                0x0000022a       0x21 ./Core/Startup/startup_stm32h745zitx.o
 .ARM.attributes
                0x0000024b       0x34 ./Drivers/STM32H7xx_HAL_Driver/stm32h7xx_hal.o
 .ARM.attributes
                0x0000027f       0x34 ./Drivers/STM32H7xx_HAL_Driver/stm32h7xx_hal_cortex.o
 .ARM.attributes
                0x000002b3       0x34 ./Drivers/STM32H7xx_HAL_Driver/stm32h7xx_hal_gpio.o
 .ARM.attributes
                0x000002e7       0x34 ./Drivers/STM32H7xx_HAL_Driver/stm32h7xx_hal_hsem.o
 .ARM.attributes
                0x0000031b       0x34 ./Drivers/STM32H7xx_HAL_Driver/stm32h7xx_hal_pwr_ex.o
 .ARM.attributes
                0x0000034f       0x34 ./Drivers/STM32H7xx_HAL_Driver/stm32h7xx_hal_rcc.o
 .ARM.attributes
                0x00000383       0x34 ./Drivers/STM32H7xx_HAL_Driver/stm32h7xx_hal_rcc_ex.o
 .ARM.attributes
                0x000003b7       0x34 ./Drivers/STM32H7xx_HAL_Driver/stm32h7xx_hal_spi.o
 .ARM.attributes
                0x000003eb       0x34 ./Drivers/STM32H7xx_HAL_Driver/stm32h7xx_hal_tim.o
 .ARM.attributes
                0x0000041f       0x34 ./Drivers/STM32H7xx_HAL_Driver/stm32h7xx_hal_tim_ex.o
 .ARM.attributes
                0x00000453       0x34 /opt/st/stm32cubeide_1.16.1/plugins/com.st.stm32cube.ide.mcu.externaltools.gnu-tools-for-stm32.12.3.rel1.linux64_1.0.200.202406132123/tools/bin/../lib/gcc/arm-none-eabi/12.3.1/../../../../arm-none-eabi/lib/thumb/v7e-m+fp/hard/libc_nano.a(libc_a-findfp.o)
 .ARM.attributes
                0x00000487       0x34 /opt/st/stm32cubeide_1.16.1/plugins/com.st.stm32cube.ide.mcu.externaltools.gnu-tools-for-stm32.12.3.rel1.linux64_1.0.200.202406132123/tools/bin/../lib/gcc/arm-none-eabi/12.3.1/../../../../arm-none-eabi/lib/thumb/v7e-m+fp/hard/libc_nano.a(libc_a-memset.o)
 .ARM.attributes
                0x000004bb       0x34 /opt/st/stm32cubeide_1.16.1/plugins/com.st.stm32cube.ide.mcu.externaltools.gnu-tools-for-stm32.12.3.rel1.linux64_1.0.200.202406132123/tools/bin/../lib/gcc/arm-none-eabi/12.3.1/../../../../arm-none-eabi/lib/thumb/v7e-m+fp/hard/libc_nano.a(libc_a-impure.o)
 .ARM.attributes
                0x000004ef       0x34 /opt/st/stm32cubeide_1.16.1/plugins/com.st.stm32cube.ide.mcu.externaltools.gnu-tools-for-stm32.12.3.rel1.linux64_1.0.200.202406132123/tools/bin/../lib/gcc/arm-none-eabi/12.3.1/../../../../arm-none-eabi/lib/thumb/v7e-m+fp/hard/libc_nano.a(libc_a-errno.o)
 .ARM.attributes
                0x00000523       0x34 /opt/st/stm32cubeide_1.16.1/plugins/com.st.stm32cube.ide.mcu.externaltools.gnu-tools-for-stm32.12.3.rel1.linux64_1.0.200.202406132123/tools/bin/../lib/gcc/arm-none-eabi/12.3.1/../../../../arm-none-eabi/lib/thumb/v7e-m+fp/hard/libc_nano.a(libc_a-init.o)
 .ARM.attributes
                0x00000557       0x34 /opt/st/stm32cubeide_1.16.1/plugins/com.st.stm32cube.ide.mcu.externaltools.gnu-tools-for-stm32.12.3.rel1.linux64_1.0.200.202406132123/tools/bin/../lib/gcc/arm-none-eabi/12.3.1/../../../../arm-none-eabi/lib/thumb/v7e-m+fp/hard/libm.a(libm_a-w_asin.o)
 .ARM.attributes
                0x0000058b       0x34 /opt/st/stm32cubeide_1.16.1/plugins/com.st.stm32cube.ide.mcu.externaltools.gnu-tools-for-stm32.12.3.rel1.linux64_1.0.200.202406132123/tools/bin/../lib/gcc/arm-none-eabi/12.3.1/../../../../arm-none-eabi/lib/thumb/v7e-m+fp/hard/libm.a(libm_a-w_atan2.o)
 .ARM.attributes
                0x000005bf       0x34 /opt/st/stm32cubeide_1.16.1/plugins/com.st.stm32cube.ide.mcu.externaltools.gnu-tools-for-stm32.12.3.rel1.linux64_1.0.200.202406132123/tools/bin/../lib/gcc/arm-none-eabi/12.3.1/../../../../arm-none-eabi/lib/thumb/v7e-m+fp/hard/libm.a(libm_a-w_sqrt.o)
 .ARM.attributes
                0x000005f3       0x34 /opt/st/stm32cubeide_1.16.1/plugins/com.st.stm32cube.ide.mcu.externaltools.gnu-tools-for-stm32.12.3.rel1.linux64_1.0.200.202406132123/tools/bin/../lib/gcc/arm-none-eabi/12.3.1/../../../../arm-none-eabi/lib/thumb/v7e-m+fp/hard/libm.a(libm_a-s_fabs.o)
 .ARM.attributes
                0x00000627       0x34 /opt/st/stm32cubeide_1.16.1/plugins/com.st.stm32cube.ide.mcu.externaltools.gnu-tools-for-stm32.12.3.rel1.linux64_1.0.200.202406132123/tools/bin/../lib/gcc/arm-none-eabi/12.3.1/../../../../arm-none-eabi/lib/thumb/v7e-m+fp/hard/libm.a(libm_a-wf_pow.o)
 .ARM.attributes
                0x0000065b       0x34 /opt/st/stm32cubeide_1.16.1/plugins/com.st.stm32cube.ide.mcu.externaltools.gnu-tools-for-stm32.12.3.rel1.linux64_1.0.200.202406132123/tools/bin/../lib/gcc/arm-none-eabi/12.3.1/../../../../arm-none-eabi/lib/thumb/v7e-m+fp/hard/libm.a(libm_a-s_nan.o)
 .ARM.attributes
                0x0000068f       0x34 /opt/st/stm32cubeide_1.16.1/plugins/com.st.stm32cube.ide.mcu.externaltools.gnu-tools-for-stm32.12.3.rel1.linux64_1.0.200.202406132123/tools/bin/../lib/gcc/arm-none-eabi/12.3.1/../../../../arm-none-eabi/lib/thumb/v7e-m+fp/hard/libm.a(libm_a-sf_finite.o)
 .ARM.attributes
                0x000006c3       0x34 /opt/st/stm32cubeide_1.16.1/plugins/com.st.stm32cube.ide.mcu.externaltools.gnu-tools-for-stm32.12.3.rel1.linux64_1.0.200.202406132123/tools/bin/../lib/gcc/arm-none-eabi/12.3.1/../../../../arm-none-eabi/lib/thumb/v7e-m+fp/hard/libm.a(libm_a-e_sqrt.o)
 .ARM.attributes
                0x000006f7       0x34 /opt/st/stm32cubeide_1.16.1/plugins/com.st.stm32cube.ide.mcu.externaltools.gnu-tools-for-stm32.12.3.rel1.linux64_1.0.200.202406132123/tools/bin/../lib/gcc/arm-none-eabi/12.3.1/../../../../arm-none-eabi/lib/thumb/v7e-m+fp/hard/libm.a(libm_a-e_asin.o)
 .ARM.attributes
                0x0000072b       0x34 /opt/st/stm32cubeide_1.16.1/plugins/com.st.stm32cube.ide.mcu.externaltools.gnu-tools-for-stm32.12.3.rel1.linux64_1.0.200.202406132123/tools/bin/../lib/gcc/arm-none-eabi/12.3.1/../../../../arm-none-eabi/lib/thumb/v7e-m+fp/hard/libm.a(libm_a-e_atan2.o)
 .ARM.attributes
                0x0000075f       0x34 /opt/st/stm32cubeide_1.16.1/plugins/com.st.stm32cube.ide.mcu.externaltools.gnu-tools-for-stm32.12.3.rel1.linux64_1.0.200.202406132123/tools/bin/../lib/gcc/arm-none-eabi/12.3.1/../../../../arm-none-eabi/lib/thumb/v7e-m+fp/hard/libm.a(libm_a-s_atan.o)
 .ARM.attributes
                0x00000793       0x34 /opt/st/stm32cubeide_1.16.1/plugins/com.st.stm32cube.ide.mcu.externaltools.gnu-tools-for-stm32.12.3.rel1.linux64_1.0.200.202406132123/tools/bin/../lib/gcc/arm-none-eabi/12.3.1/../../../../arm-none-eabi/lib/thumb/v7e-m+fp/hard/libm.a(libm_a-ef_pow.o)
 .ARM.attributes
                0x000007c7       0x34 /opt/st/stm32cubeide_1.16.1/plugins/com.st.stm32cube.ide.mcu.externaltools.gnu-tools-for-stm32.12.3.rel1.linux64_1.0.200.202406132123/tools/bin/../lib/gcc/arm-none-eabi/12.3.1/../../../../arm-none-eabi/lib/thumb/v7e-m+fp/hard/libm.a(libm_a-sf_fabs.o)
 .ARM.attributes
                0x000007fb       0x34 /opt/st/stm32cubeide_1.16.1/plugins/com.st.stm32cube.ide.mcu.externaltools.gnu-tools-for-stm32.12.3.rel1.linux64_1.0.200.202406132123/tools/bin/../lib/gcc/arm-none-eabi/12.3.1/../../../../arm-none-eabi/lib/thumb/v7e-m+fp/hard/libm.a(libm_a-sf_scalbn.o)
 .ARM.attributes
                0x0000082f       0x34 /opt/st/stm32cubeide_1.16.1/plugins/com.st.stm32cube.ide.mcu.externaltools.gnu-tools-for-stm32.12.3.rel1.linux64_1.0.200.202406132123/tools/bin/../lib/gcc/arm-none-eabi/12.3.1/../../../../arm-none-eabi/lib/thumb/v7e-m+fp/hard/libm.a(libm_a-math_errf.o)
 .ARM.attributes
                0x00000863       0x34 /opt/st/stm32cubeide_1.16.1/plugins/com.st.stm32cube.ide.mcu.externaltools.gnu-tools-for-stm32.12.3.rel1.linux64_1.0.200.202406132123/tools/bin/../lib/gcc/arm-none-eabi/12.3.1/../../../../arm-none-eabi/lib/thumb/v7e-m+fp/hard/libm.a(libm_a-ef_sqrt.o)
 .ARM.attributes
                0x00000897       0x22 /opt/st/stm32cubeide_1.16.1/plugins/com.st.stm32cube.ide.mcu.externaltools.gnu-tools-for-stm32.12.3.rel1.linux64_1.0.200.202406132123/tools/bin/../lib/gcc/arm-none-eabi/12.3.1/thumb/v7e-m+fp/hard/libgcc.a(_arm_addsubdf3.o)
 .ARM.attributes
                0x000008b9       0x22 /opt/st/stm32cubeide_1.16.1/plugins/com.st.stm32cube.ide.mcu.externaltools.gnu-tools-for-stm32.12.3.rel1.linux64_1.0.200.202406132123/tools/bin/../lib/gcc/arm-none-eabi/12.3.1/thumb/v7e-m+fp/hard/libgcc.a(_arm_muldivdf3.o)
 .ARM.attributes
                0x000008db       0x22 /opt/st/stm32cubeide_1.16.1/plugins/com.st.stm32cube.ide.mcu.externaltools.gnu-tools-for-stm32.12.3.rel1.linux64_1.0.200.202406132123/tools/bin/../lib/gcc/arm-none-eabi/12.3.1/thumb/v7e-m+fp/hard/libgcc.a(_arm_cmpdf2.o)
 .ARM.attributes
                0x000008fd       0x22 /opt/st/stm32cubeide_1.16.1/plugins/com.st.stm32cube.ide.mcu.externaltools.gnu-tools-for-stm32.12.3.rel1.linux64_1.0.200.202406132123/tools/bin/../lib/gcc/arm-none-eabi/12.3.1/thumb/v7e-m+fp/hard/libgcc.a(_arm_unorddf2.o)
 .ARM.attributes
                0x0000091f       0x22 /opt/st/stm32cubeide_1.16.1/plugins/com.st.stm32cube.ide.mcu.externaltools.gnu-tools-for-stm32.12.3.rel1.linux64_1.0.200.202406132123/tools/bin/../lib/gcc/arm-none-eabi/12.3.1/thumb/v7e-m+fp/hard/libgcc.a(_arm_truncdfsf2.o)
 .ARM.attributes
                0x00000941       0x22 /opt/st/stm32cubeide_1.16.1/plugins/com.st.stm32cube.ide.mcu.externaltools.gnu-tools-for-stm32.12.3.rel1.linux64_1.0.200.202406132123/tools/bin/../lib/gcc/arm-none-eabi/12.3.1/thumb/v7e-m+fp/hard/crtn.o
OUTPUT(BNO086_H745_UROS_UART_CM4.elf elf32-littlearm)
LOAD linker stubs
LOAD /opt/st/stm32cubeide_1.16.1/plugins/com.st.stm32cube.ide.mcu.externaltools.gnu-tools-for-stm32.12.3.rel1.linux64_1.0.200.202406132123/tools/bin/../lib/gcc/arm-none-eabi/12.3.1/../../../../arm-none-eabi/lib/thumb/v7e-m+fp/hard/libc.a
LOAD /opt/st/stm32cubeide_1.16.1/plugins/com.st.stm32cube.ide.mcu.externaltools.gnu-tools-for-stm32.12.3.rel1.linux64_1.0.200.202406132123/tools/bin/../lib/gcc/arm-none-eabi/12.3.1/../../../../arm-none-eabi/lib/thumb/v7e-m+fp/hard/libm.a
LOAD /opt/st/stm32cubeide_1.16.1/plugins/com.st.stm32cube.ide.mcu.externaltools.gnu-tools-for-stm32.12.3.rel1.linux64_1.0.200.202406132123/tools/bin/../lib/gcc/arm-none-eabi/12.3.1/thumb/v7e-m+fp/hard/libgcc.a

.debug_info     0x00000000    0x13482
 .debug_info    0x00000000     0x1cc8 ./Common/BNO086_SPI/BNO086_SPI.o
 .debug_info    0x00001cc8      0x761 ./Common/Src/system_stm32h7xx_dualcore_boot_cm4_cm7.o
 .debug_info    0x00002429      0x464 ./Core/Src/dma.o
 .debug_info    0x0000288d      0x64b ./Core/Src/gpio.o
 .debug_info    0x00002ed8     0x12a2 ./Core/Src/main.o
 .debug_info    0x0000417a     0x10a8 ./Core/Src/spi.o
 .debug_info    0x00005222      0x841 ./Core/Src/stm32h7xx_hal_msp.o
 .debug_info    0x00005a63      0x835 ./Core/Src/stm32h7xx_it.o
 .debug_info    0x00006298     0x10ce ./Core/Src/tim.o
 .debug_info    0x00007366       0x30 ./Core/Startup/startup_stm32h745zitx.o
 .debug_info    0x00007396     0x17b0 ./Drivers/STM32H7xx_HAL_Driver/stm32h7xx_hal.o
 .debug_info    0x00008b46      0xf27 ./Drivers/STM32H7xx_HAL_Driver/stm32h7xx_hal_cortex.o
 .debug_info    0x00009a6d      0xcf7 ./Drivers/STM32H7xx_HAL_Driver/stm32h7xx_hal_gpio.o
 .debug_info    0x0000a764      0x3d3 ./Drivers/STM32H7xx_HAL_Driver/stm32h7xx_hal_hsem.o
 .debug_info    0x0000ab37     0x1026 ./Drivers/STM32H7xx_HAL_Driver/stm32h7xx_hal_pwr_ex.o
 .debug_info    0x0000bb5d      0xe58 ./Drivers/STM32H7xx_HAL_Driver/stm32h7xx_hal_rcc.o
 .debug_info    0x0000c9b5     0x12f4 ./Drivers/STM32H7xx_HAL_Driver/stm32h7xx_hal_rcc_ex.o
 .debug_info    0x0000dca9     0x1440 ./Drivers/STM32H7xx_HAL_Driver/stm32h7xx_hal_spi.o
 .debug_info    0x0000f0e9     0x2bae ./Drivers/STM32H7xx_HAL_Driver/stm32h7xx_hal_tim.o
 .debug_info    0x00011c97     0x17eb ./Drivers/STM32H7xx_HAL_Driver/stm32h7xx_hal_tim_ex.o

.debug_abbrev   0x00000000     0x2a78
 .debug_abbrev  0x00000000      0x384 ./Common/BNO086_SPI/BNO086_SPI.o
 .debug_abbrev  0x00000384      0x138 ./Common/Src/system_stm32h7xx_dualcore_boot_cm4_cm7.o
 .debug_abbrev  0x000004bc       0xdb ./Core/Src/dma.o
 .debug_abbrev  0x00000597      0x182 ./Core/Src/gpio.o
 .debug_abbrev  0x00000719      0x2e6 ./Core/Src/main.o
 .debug_abbrev  0x000009ff      0x229 ./Core/Src/spi.o
 .debug_abbrev  0x00000c28      0x11e ./Core/Src/stm32h7xx_hal_msp.o
 .debug_abbrev  0x00000d46      0x1a3 ./Core/Src/stm32h7xx_it.o
 .debug_abbrev  0x00000ee9      0x215 ./Core/Src/tim.o
 .debug_abbrev  0x000010fe       0x24 ./Core/Startup/startup_stm32h745zitx.o
 .debug_abbrev  0x00001122      0x29f ./Drivers/STM32H7xx_HAL_Driver/stm32h7xx_hal.o
 .debug_abbrev  0x000013c1      0x337 ./Drivers/STM32H7xx_HAL_Driver/stm32h7xx_hal_cortex.o
 .debug_abbrev  0x000016f8      0x1fe ./Drivers/STM32H7xx_HAL_Driver/stm32h7xx_hal_gpio.o
 .debug_abbrev  0x000018f6      0x1d3 ./Drivers/STM32H7xx_HAL_Driver/stm32h7xx_hal_hsem.o
 .debug_abbrev  0x00001ac9      0x2d6 ./Drivers/STM32H7xx_HAL_Driver/stm32h7xx_hal_pwr_ex.o
 .debug_abbrev  0x00001d9f      0x2c8 ./Drivers/STM32H7xx_HAL_Driver/stm32h7xx_hal_rcc.o
 .debug_abbrev  0x00002067      0x269 ./Drivers/STM32H7xx_HAL_Driver/stm32h7xx_hal_rcc_ex.o
 .debug_abbrev  0x000022d0      0x2b1 ./Drivers/STM32H7xx_HAL_Driver/stm32h7xx_hal_spi.o
 .debug_abbrev  0x00002581      0x276 ./Drivers/STM32H7xx_HAL_Driver/stm32h7xx_hal_tim.o
 .debug_abbrev  0x000027f7      0x281 ./Drivers/STM32H7xx_HAL_Driver/stm32h7xx_hal_tim_ex.o

.debug_aranges  0x00000000     0x1200
 .debug_aranges
                0x00000000      0x250 ./Common/BNO086_SPI/BNO086_SPI.o
 .debug_aranges
                0x00000250       0x28 ./Common/Src/system_stm32h7xx_dualcore_boot_cm4_cm7.o
 .debug_aranges
                0x00000278       0x20 ./Core/Src/dma.o
 .debug_aranges
                0x00000298       0x20 ./Core/Src/gpio.o
 .debug_aranges
                0x000002b8       0x30 ./Core/Src/main.o
 .debug_aranges
                0x000002e8       0x30 ./Core/Src/spi.o
 .debug_aranges
                0x00000318       0x20 ./Core/Src/stm32h7xx_hal_msp.o
 .debug_aranges
                0x00000338       0x70 ./Core/Src/stm32h7xx_it.o
 .debug_aranges
                0x000003a8       0x30 ./Core/Src/tim.o
 .debug_aranges
                0x000003d8       0x28 ./Core/Startup/startup_stm32h745zitx.o
 .debug_aranges
                0x00000400      0x200 ./Drivers/STM32H7xx_HAL_Driver/stm32h7xx_hal.o
 .debug_aranges
                0x00000600      0x130 ./Drivers/STM32H7xx_HAL_Driver/stm32h7xx_hal_cortex.o
 .debug_aranges
                0x00000730       0x58 ./Drivers/STM32H7xx_HAL_Driver/stm32h7xx_hal_gpio.o
 .debug_aranges
                0x00000788       0x70 ./Drivers/STM32H7xx_HAL_Driver/stm32h7xx_hal_hsem.o
 .debug_aranges
                0x000007f8      0x170 ./Drivers/STM32H7xx_HAL_Driver/stm32h7xx_hal_pwr_ex.o
 .debug_aranges
                0x00000968       0x88 ./Drivers/STM32H7xx_HAL_Driver/stm32h7xx_hal_rcc.o
 .debug_aranges
                0x000009f0      0x100 ./Drivers/STM32H7xx_HAL_Driver/stm32h7xx_hal_rcc_ex.o
 .debug_aranges
                0x00000af0      0x1a8 ./Drivers/STM32H7xx_HAL_Driver/stm32h7xx_hal_spi.o
 .debug_aranges
                0x00000c98      0x3e0 ./Drivers/STM32H7xx_HAL_Driver/stm32h7xx_hal_tim.o
 .debug_aranges
                0x00001078      0x188 ./Drivers/STM32H7xx_HAL_Driver/stm32h7xx_hal_tim_ex.o

.debug_rnglists
                0x00000000      0xdd1
 .debug_rnglists
                0x00000000      0x1d1 ./Common/BNO086_SPI/BNO086_SPI.o
 .debug_rnglists
                0x000001d1       0x1a ./Common/Src/system_stm32h7xx_dualcore_boot_cm4_cm7.o
 .debug_rnglists
                0x000001eb       0x13 ./Core/Src/dma.o
 .debug_rnglists
                0x000001fe       0x14 ./Core/Src/gpio.o
 .debug_rnglists
                0x00000212       0x20 ./Core/Src/main.o
 .debug_rnglists
                0x00000232       0x21 ./Core/Src/spi.o
 .debug_rnglists
                0x00000253       0x13 ./Core/Src/stm32h7xx_hal_msp.o
 .debug_rnglists
                0x00000266       0x4f ./Core/Src/stm32h7xx_it.o
 .debug_rnglists
                0x000002b5       0x20 ./Core/Src/tim.o
 .debug_rnglists
                0x000002d5       0x19 ./Core/Startup/startup_stm32h745zitx.o
 .debug_rnglists
                0x000002ee      0x181 ./Drivers/STM32H7xx_HAL_Driver/stm32h7xx_hal.o
 .debug_rnglists
                0x0000046f       0xe0 ./Drivers/STM32H7xx_HAL_Driver/stm32h7xx_hal_cortex.o
 .debug_rnglists
                0x0000054f       0x3f ./Drivers/STM32H7xx_HAL_Driver/stm32h7xx_hal_gpio.o
 .debug_rnglists
                0x0000058e       0x4f ./Drivers/STM32H7xx_HAL_Driver/stm32h7xx_hal_hsem.o
 .debug_rnglists
                0x000005dd      0x117 ./Drivers/STM32H7xx_HAL_Driver/stm32h7xx_hal_pwr_ex.o
 .debug_rnglists
                0x000006f4       0x68 ./Drivers/STM32H7xx_HAL_Driver/stm32h7xx_hal_rcc.o
 .debug_rnglists
                0x0000075c       0xc6 ./Drivers/STM32H7xx_HAL_Driver/stm32h7xx_hal_rcc_ex.o
 .debug_rnglists
                0x00000822      0x148 ./Drivers/STM32H7xx_HAL_Driver/stm32h7xx_hal_spi.o
 .debug_rnglists
                0x0000096a      0x328 ./Drivers/STM32H7xx_HAL_Driver/stm32h7xx_hal_tim.o
 .debug_rnglists
                0x00000c92      0x13f ./Drivers/STM32H7xx_HAL_Driver/stm32h7xx_hal_tim_ex.o

.debug_macro    0x00000000    0x3bc5f
 .debug_macro   0x00000000      0x2ff ./Common/BNO086_SPI/BNO086_SPI.o
 .debug_macro   0x000002ff      0xaba ./Common/BNO086_SPI/BNO086_SPI.o
 .debug_macro   0x00000db9      0x244 ./Common/BNO086_SPI/BNO086_SPI.o
 .debug_macro   0x00000ffd       0x2e ./Common/BNO086_SPI/BNO086_SPI.o
 .debug_macro   0x0000102b       0x3b ./Common/BNO086_SPI/BNO086_SPI.o
 .debug_macro   0x00001066       0x22 ./Common/BNO086_SPI/BNO086_SPI.o
 .debug_macro   0x00001088       0x8e ./Common/BNO086_SPI/BNO086_SPI.o
 .debug_macro   0x00001116       0x51 ./Common/BNO086_SPI/BNO086_SPI.o
 .debug_macro   0x00001167      0x103 ./Common/BNO086_SPI/BNO086_SPI.o
 .debug_macro   0x0000126a       0x6a ./Common/BNO086_SPI/BNO086_SPI.o
 .debug_macro   0x000012d4      0x1df ./Common/BNO086_SPI/BNO086_SPI.o
 .debug_macro   0x000014b3       0x1c ./Common/BNO086_SPI/BNO086_SPI.o
 .debug_macro   0x000014cf       0x22 ./Common/BNO086_SPI/BNO086_SPI.o
 .debug_macro   0x000014f1       0xfb ./Common/BNO086_SPI/BNO086_SPI.o
 .debug_macro   0x000015ec     0x1011 ./Common/BNO086_SPI/BNO086_SPI.o
 .debug_macro   0x000025fd      0x11f ./Common/BNO086_SPI/BNO086_SPI.o
 .debug_macro   0x0000271c    0x26dba ./Common/BNO086_SPI/BNO086_SPI.o
 .debug_macro   0x000294d6       0x6d ./Common/BNO086_SPI/BNO086_SPI.o
 .debug_macro   0x00029543     0x3d79 ./Common/BNO086_SPI/BNO086_SPI.o
 .debug_macro   0x0002d2bc      0x189 ./Common/BNO086_SPI/BNO086_SPI.o
 .debug_macro   0x0002d445       0x61 ./Common/BNO086_SPI/BNO086_SPI.o
 .debug_macro   0x0002d4a6       0x2a ./Common/BNO086_SPI/BNO086_SPI.o
 .debug_macro   0x0002d4d0       0x43 ./Common/BNO086_SPI/BNO086_SPI.o
 .debug_macro   0x0002d513       0x34 ./Common/BNO086_SPI/BNO086_SPI.o
 .debug_macro   0x0002d547       0x16 ./Common/BNO086_SPI/BNO086_SPI.o
 .debug_macro   0x0002d55d       0x43 ./Common/BNO086_SPI/BNO086_SPI.o
 .debug_macro   0x0002d5a0       0x34 ./Common/BNO086_SPI/BNO086_SPI.o
 .debug_macro   0x0002d5d4       0x10 ./Common/BNO086_SPI/BNO086_SPI.o
 .debug_macro   0x0002d5e4       0x58 ./Common/BNO086_SPI/BNO086_SPI.o
 .debug_macro   0x0002d63c       0x8e ./Common/BNO086_SPI/BNO086_SPI.o
 .debug_macro   0x0002d6ca       0x1c ./Common/BNO086_SPI/BNO086_SPI.o
 .debug_macro   0x0002d6e6      0x177 ./Common/BNO086_SPI/BNO086_SPI.o
 .debug_macro   0x0002d85d      0x369 ./Common/BNO086_SPI/BNO086_SPI.o
 .debug_macro   0x0002dbc6      0x19b ./Common/BNO086_SPI/BNO086_SPI.o
 .debug_macro   0x0002dd61       0x5d ./Common/BNO086_SPI/BNO086_SPI.o
 .debug_macro   0x0002ddbe     0x3a9d ./Common/BNO086_SPI/BNO086_SPI.o
 .debug_macro   0x0003185b     0x1072 ./Common/BNO086_SPI/BNO086_SPI.o
 .debug_macro   0x000328cd      0x154 ./Common/BNO086_SPI/BNO086_SPI.o
 .debug_macro   0x00032a21      0x130 ./Common/BNO086_SPI/BNO086_SPI.o
 .debug_macro   0x00032b51      0x3c2 ./Common/BNO086_SPI/BNO086_SPI.o
 .debug_macro   0x00032f13       0xac ./Common/BNO086_SPI/BNO086_SPI.o
 .debug_macro   0x00032fbf      0x72d ./Common/BNO086_SPI/BNO086_SPI.o
 .debug_macro   0x000336ec      0x228 ./Common/BNO086_SPI/BNO086_SPI.o
 .debug_macro   0x00033914       0x66 ./Common/BNO086_SPI/BNO086_SPI.o
 .debug_macro   0x0003397a      0x3bb ./Common/BNO086_SPI/BNO086_SPI.o
 .debug_macro   0x00033d35      0xa95 ./Common/BNO086_SPI/BNO086_SPI.o
 .debug_macro   0x000347ca      0x129 ./Common/BNO086_SPI/BNO086_SPI.o
 .debug_macro   0x000348f3      0x407 ./Common/BNO086_SPI/BNO086_SPI.o
 .debug_macro   0x00034cfa      0x244 ./Common/BNO086_SPI/BNO086_SPI.o
 .debug_macro   0x00034f3e      0x3ca ./Common/BNO086_SPI/BNO086_SPI.o
 .debug_macro   0x00035308      0x4a2 ./Common/BNO086_SPI/BNO086_SPI.o
 .debug_macro   0x000357aa       0x51 ./Common/BNO086_SPI/BNO086_SPI.o
 .debug_macro   0x000357fb       0x4a ./Common/BNO086_SPI/BNO086_SPI.o
 .debug_macro   0x00035845      0x22c ./Common/BNO086_SPI/BNO086_SPI.o
 .debug_macro   0x00035a71       0x67 ./Common/BNO086_SPI/BNO086_SPI.o
 .debug_macro   0x00035ad8       0xa5 ./Common/BNO086_SPI/BNO086_SPI.o
 .debug_macro   0x00035b7d      0x218 ./Common/BNO086_SPI/BNO086_SPI.o
 .debug_macro   0x00035d95      0x2ea ./Common/BNO086_SPI/BNO086_SPI.o
 .debug_macro   0x0003607f       0x35 ./Common/BNO086_SPI/BNO086_SPI.o
 .debug_macro   0x000360b4      0x5e4 ./Common/BNO086_SPI/BNO086_SPI.o
 .debug_macro   0x00036698       0xc1 ./Common/BNO086_SPI/BNO086_SPI.o
 .debug_macro   0x00036759      0xafa ./Common/BNO086_SPI/BNO086_SPI.o
 .debug_macro   0x00037253      0x29f ./Common/BNO086_SPI/BNO086_SPI.o
 .debug_macro   0x000374f2      0x693 ./Common/BNO086_SPI/BNO086_SPI.o
 .debug_macro   0x00037b85       0xa6 ./Common/BNO086_SPI/BNO086_SPI.o
 .debug_macro   0x00037c2b      0x798 ./Common/BNO086_SPI/BNO086_SPI.o
 .debug_macro   0x000383c3       0x64 ./Common/BNO086_SPI/BNO086_SPI.o
 .debug_macro   0x00038427      0x15f ./Common/BNO086_SPI/BNO086_SPI.o
 .debug_macro   0x00038586       0x10 ./Common/BNO086_SPI/BNO086_SPI.o
 .debug_macro   0x00038596      0x2d8 ./Common/Src/system_stm32h7xx_dualcore_boot_cm4_cm7.o
 .debug_macro   0x0003886e      0x2f1 ./Core/Src/dma.o
 .debug_macro   0x00038b5f      0x2f1 ./Core/Src/gpio.o
 .debug_macro   0x00038e50      0x34c ./Core/Src/main.o
 .debug_macro   0x0003919c      0x165 ./Core/Src/main.o
 .debug_macro   0x00039301      0x321 ./Core/Src/spi.o
 .debug_macro   0x00039622      0x2e7 ./Core/Src/stm32h7xx_hal_msp.o
 .debug_macro   0x00039909      0x2f1 ./Core/Src/stm32h7xx_it.o
 .debug_macro   0x00039bfa      0x321 ./Core/Src/tim.o
 .debug_macro   0x00039f1b      0x302 ./Drivers/STM32H7xx_HAL_Driver/stm32h7xx_hal.o
 .debug_macro   0x0003a21d      0x2d8 ./Drivers/STM32H7xx_HAL_Driver/stm32h7xx_hal_cortex.o
 .debug_macro   0x0003a4f5      0x2ec ./Drivers/STM32H7xx_HAL_Driver/stm32h7xx_hal_gpio.o
 .debug_macro   0x0003a7e1      0x2ea ./Drivers/STM32H7xx_HAL_Driver/stm32h7xx_hal_hsem.o
 .debug_macro   0x0003aacb      0x311 ./Drivers/STM32H7xx_HAL_Driver/stm32h7xx_hal_pwr_ex.o
 .debug_macro   0x0003addc      0x2fc ./Drivers/STM32H7xx_HAL_Driver/stm32h7xx_hal_rcc.o
 .debug_macro   0x0003b0d8      0x2f6 ./Drivers/STM32H7xx_HAL_Driver/stm32h7xx_hal_rcc_ex.o
 .debug_macro   0x0003b3ce      0x2e0 ./Drivers/STM32H7xx_HAL_Driver/stm32h7xx_hal_spi.o
 .debug_macro   0x0003b6ae      0x2d9 ./Drivers/STM32H7xx_HAL_Driver/stm32h7xx_hal_tim.o
 .debug_macro   0x0003b987      0x2d8 ./Drivers/STM32H7xx_HAL_Driver/stm32h7xx_hal_tim_ex.o

.debug_line     0x00000000    0x15cd4
 .debug_line    0x00000000     0x1810 ./Common/BNO086_SPI/BNO086_SPI.o
 .debug_line    0x00001810      0xa23 ./Common/Src/system_stm32h7xx_dualcore_boot_cm4_cm7.o
 .debug_line    0x00002233      0x881 ./Core/Src/dma.o
 .debug_line    0x00002ab4      0x8c7 ./Core/Src/gpio.o
 .debug_line    0x0000337b      0x9b0 ./Core/Src/main.o
 .debug_line    0x00003d2b      0x96c ./Core/Src/spi.o
 .debug_line    0x00004697      0x889 ./Core/Src/stm32h7xx_hal_msp.o
 .debug_line    0x00004f20      0x97a ./Core/Src/stm32h7xx_it.o
 .debug_line    0x0000589a      0x927 ./Core/Src/tim.o
 .debug_line    0x000061c1       0x7a ./Core/Startup/startup_stm32h745zitx.o
 .debug_line    0x0000623b      0xfe1 ./Drivers/STM32H7xx_HAL_Driver/stm32h7xx_hal.o
 .debug_line    0x0000721c      0xeba ./Drivers/STM32H7xx_HAL_Driver/stm32h7xx_hal_cortex.o
 .debug_line    0x000080d6      0xd59 ./Drivers/STM32H7xx_HAL_Driver/stm32h7xx_hal_gpio.o
 .debug_line    0x00008e2f      0xa47 ./Drivers/STM32H7xx_HAL_Driver/stm32h7xx_hal_hsem.o
 .debug_line    0x00009876     0x10bf ./Drivers/STM32H7xx_HAL_Driver/stm32h7xx_hal_pwr_ex.o
 .debug_line    0x0000a935     0x144f ./Drivers/STM32H7xx_HAL_Driver/stm32h7xx_hal_rcc.o
 .debug_line    0x0000bd84     0x1d80 ./Drivers/STM32H7xx_HAL_Driver/stm32h7xx_hal_rcc_ex.o
 .debug_line    0x0000db04     0x239f ./Drivers/STM32H7xx_HAL_Driver/stm32h7xx_hal_spi.o
 .debug_line    0x0000fea3     0x4012 ./Drivers/STM32H7xx_HAL_Driver/stm32h7xx_hal_tim.o
 .debug_line    0x00013eb5     0x1e1f ./Drivers/STM32H7xx_HAL_Driver/stm32h7xx_hal_tim_ex.o

.debug_str      0x00000000   0x18b580
 .debug_str     0x00000000   0x186057 ./Common/BNO086_SPI/BNO086_SPI.o
                             0x186574 (size before relaxing)
 .debug_str     0x00186057      0x377 ./Common/Src/system_stm32h7xx_dualcore_boot_cm4_cm7.o
                             0x184db2 (size before relaxing)
 .debug_str     0x001863ce       0x30 ./Core/Src/dma.o
                             0x184dac (size before relaxing)
 .debug_str     0x001863fe       0x6b ./Core/Src/gpio.o
                             0x184e7a (size before relaxing)
 .debug_str     0x00186469      0x492 ./Core/Src/main.o
                             0x185fe8 (size before relaxing)
 .debug_str     0x001868fb      0x37b ./Core/Src/spi.o
                             0x1858a9 (size before relaxing)
 .debug_str     0x00186c76      0x852 ./Core/Src/stm32h7xx_hal_msp.o
                             0x185640 (size before relaxing)
 .debug_str     0x001874c8      0x111 ./Core/Src/stm32h7xx_it.o
                             0x1852ae (size before relaxing)
 .debug_str     0x001875d9      0x165 ./Core/Src/tim.o
                             0x185ea3 (size before relaxing)
 .debug_str     0x0018773e       0x44 ./Core/Startup/startup_stm32h745zitx.o
                                 0x98 (size before relaxing)
 .debug_str     0x00187782      0xab7 ./Drivers/STM32H7xx_HAL_Driver/stm32h7xx_hal.o
                             0x186119 (size before relaxing)
 .debug_str     0x00188239      0x3b0 ./Drivers/STM32H7xx_HAL_Driver/stm32h7xx_hal_cortex.o
                             0x18589f (size before relaxing)
 .debug_str     0x001885e9      0x157 ./Drivers/STM32H7xx_HAL_Driver/stm32h7xx_hal_gpio.o
                             0x185007 (size before relaxing)
 .debug_str     0x00188740      0x193 ./Drivers/STM32H7xx_HAL_Driver/stm32h7xx_hal_hsem.o
                             0x184c92 (size before relaxing)
 .debug_str     0x001888d3      0x6e9 ./Drivers/STM32H7xx_HAL_Driver/stm32h7xx_hal_pwr_ex.o
                             0x18545d (size before relaxing)
 .debug_str     0x00188fbc      0x54d ./Drivers/STM32H7xx_HAL_Driver/stm32h7xx_hal_rcc.o
                             0x185388 (size before relaxing)
 .debug_str     0x00189509      0x6b6 ./Drivers/STM32H7xx_HAL_Driver/stm32h7xx_hal_rcc_ex.o
                             0x1858bd (size before relaxing)
 .debug_str     0x00189bbf      0x5be ./Drivers/STM32H7xx_HAL_Driver/stm32h7xx_hal_spi.o
                             0x185699 (size before relaxing)
 .debug_str     0x0018a17d      0xe2c ./Drivers/STM32H7xx_HAL_Driver/stm32h7xx_hal_tim.o
                             0x186114 (size before relaxing)
 .debug_str     0x0018afa9      0x5d7 ./Drivers/STM32H7xx_HAL_Driver/stm32h7xx_hal_tim_ex.o
                             0x185a3c (size before relaxing)

.comment        0x00000000       0x43
 .comment       0x00000000       0x43 ./Common/BNO086_SPI/BNO086_SPI.o
                                 0x44 (size before relaxing)
 .comment       0x00000043       0x44 ./Common/Src/system_stm32h7xx_dualcore_boot_cm4_cm7.o
 .comment       0x00000043       0x44 ./Core/Src/dma.o
 .comment       0x00000043       0x44 ./Core/Src/gpio.o
 .comment       0x00000043       0x44 ./Core/Src/main.o
 .comment       0x00000043       0x44 ./Core/Src/spi.o
 .comment       0x00000043       0x44 ./Core/Src/stm32h7xx_hal_msp.o
 .comment       0x00000043       0x44 ./Core/Src/stm32h7xx_it.o
 .comment       0x00000043       0x44 ./Core/Src/tim.o
 .comment       0x00000043       0x44 ./Drivers/STM32H7xx_HAL_Driver/stm32h7xx_hal.o
 .comment       0x00000043       0x44 ./Drivers/STM32H7xx_HAL_Driver/stm32h7xx_hal_cortex.o
 .comment       0x00000043       0x44 ./Drivers/STM32H7xx_HAL_Driver/stm32h7xx_hal_gpio.o