/home/tim/Documents/GitHub/SparkFun-VR-IMU-Breakout-BNO086-Qwiic-SPI/BNO086_H745_UROS_UART/Common/BNO086_SPI/BNO086_SPI.c:60:5:BNO086_Initialization	16	static
/home/tim/Documents/GitHub/SparkFun-VR-IMU-Breakout-BNO086-Qwiic-SPI/BNO086_H745_UROS_UART/Common/BNO086_SPI/BNO086_SPI.c:112:15:SPI2_SendByte	24	static
/home/tim/Documents/GitHub/SparkFun-VR-IMU-Breakout-BNO086-Qwiic-SPI/BNO086_H745_UROS_UART/Common/BNO086_SPI/BNO086_SPI.c:124:5:BNO086_dataAvailable	8	static
/home/tim/Documents/GitHub/SparkFun-VR-IMU-Breakout-BNO086-Qwiic-SPI/BNO086_H745_UROS_UART/Common/BNO086_SPI/BNO086_SPI.c:168:6:BNO086_parseCommandReport	16	static
/home/tim/Documents/GitHub/SparkFun-VR-IMU-Breakout-BNO086-Qwiic-SPI/BNO086_H745_UROS_UART/Common/BNO086_SPI/BNO086_SPI.c:204:6:BNO086_parseInputReport	32	static
/home/tim/Documents/GitHub/SparkFun-VR-IMU-Breakout-BNO086-Qwiic-SPI/BNO086_H745_UROS_UART/Common/BNO086_SPI/BNO086_SPI.c:320:7:BNO086_getQuatI	8	static
/home/tim/Documents/GitHub/SparkFun-VR-IMU-Breakout-BNO086-Qwiic-SPI/BNO086_H745_UROS_UART/Common/BNO086_SPI/BNO086_SPI.c:326:7:BNO086_getQuatJ	8	static
/home/tim/Documents/GitHub/SparkFun-VR-IMU-Breakout-BNO086-Qwiic-SPI/BNO086_H745_UROS_UART/Common/BNO086_SPI/BNO086_SPI.c:332:7:BNO086_getQuatK	8	static
/home/tim/Documents/GitHub/SparkFun-VR-IMU-Breakout-BNO086-Qwiic-SPI/BNO086_H745_UROS_UART/Common/BNO086_SPI/BNO086_SPI.c:338:7:BNO086_getQuatReal	8	static
/home/tim/Documents/GitHub/SparkFun-VR-IMU-Breakout-BNO086-Qwiic-SPI/BNO086_H745_UROS_UART/Common/BNO086_SPI/BNO086_SPI.c:344:7:BNO086_getQuatRadianAccuracy	8	static
/home/tim/Documents/GitHub/SparkFun-VR-IMU-Breakout-BNO086-Qwiic-SPI/BNO086_H745_UROS_UART/Common/BNO086_SPI/BNO086_SPI.c:350:9:BNO086_getQuatAccuracy	4	static
/home/tim/Documents/GitHub/SparkFun-VR-IMU-Breakout-BNO086-Qwiic-SPI/BNO086_H745_UROS_UART/Common/BNO086_SPI/BNO086_SPI.c:356:7:BNO086_getAccelX	8	static
/home/tim/Documents/GitHub/SparkFun-VR-IMU-Breakout-BNO086-Qwiic-SPI/BNO086_H745_UROS_UART/Common/BNO086_SPI/BNO086_SPI.c:362:7:BNO086_getAccelY	8	static
/home/tim/Documents/GitHub/SparkFun-VR-IMU-Breakout-BNO086-Qwiic-SPI/BNO086_H745_UROS_UART/Common/BNO086_SPI/BNO086_SPI.c:368:7:BNO086_getAccelZ	8	static
/home/tim/Documents/GitHub/SparkFun-VR-IMU-Breakout-BNO086-Qwiic-SPI/BNO086_H745_UROS_UART/Common/BNO086_SPI/BNO086_SPI.c:374:9:BNO086_getAccelAccuracy	4	static
/home/tim/Documents/GitHub/SparkFun-VR-IMU-Breakout-BNO086-Qwiic-SPI/BNO086_H745_UROS_UART/Common/BNO086_SPI/BNO086_SPI.c:382:7:BNO086_getLinAccelX	8	static
/home/tim/Documents/GitHub/SparkFun-VR-IMU-Breakout-BNO086-Qwiic-SPI/BNO086_H745_UROS_UART/Common/BNO086_SPI/BNO086_SPI.c:388:7:BNO086_getLinAccelY	8	static
/home/tim/Documents/GitHub/SparkFun-VR-IMU-Breakout-BNO086-Qwiic-SPI/BNO086_H745_UROS_UART/Common/BNO086_SPI/BNO086_SPI.c:394:7:BNO086_getLinAccelZ	8	static
/home/tim/Documents/GitHub/SparkFun-VR-IMU-Breakout-BNO086-Qwiic-SPI/BNO086_H745_UROS_UART/Common/BNO086_SPI/BNO086_SPI.c:400:9:BNO086_getLinAccelAccuracy	4	static
/home/tim/Documents/GitHub/SparkFun-VR-IMU-Breakout-BNO086-Qwiic-SPI/BNO086_H745_UROS_UART/Common/BNO086_SPI/BNO086_SPI.c:406:7:BNO086_getGyroX	8	static
/home/tim/Documents/GitHub/SparkFun-VR-IMU-Breakout-BNO086-Qwiic-SPI/BNO086_H745_UROS_UART/Common/BNO086_SPI/BNO086_SPI.c:412:7:BNO086_getGyroY	8	static
/home/tim/Documents/GitHub/SparkFun-VR-IMU-Breakout-BNO086-Qwiic-SPI/BNO086_H745_UROS_UART/Common/BNO086_SPI/BNO086_SPI.c:418:7:BNO086_getGyroZ	8	static
/home/tim/Documents/GitHub/SparkFun-VR-IMU-Breakout-BNO086-Qwiic-SPI/BNO086_H745_UROS_UART/Common/BNO086_SPI/BNO086_SPI.c:424:9:BNO086_getGyroAccuracy	4	static
/home/tim/Documents/GitHub/SparkFun-VR-IMU-Breakout-BNO086-Qwiic-SPI/BNO086_H745_UROS_UART/Common/BNO086_SPI/BNO086_SPI.c:430:7:BNO086_getMagX	8	static
/home/tim/Documents/GitHub/SparkFun-VR-IMU-Breakout-BNO086-Qwiic-SPI/BNO086_H745_UROS_UART/Common/BNO086_SPI/BNO086_SPI.c:436:7:BNO086_getMagY	8	static
/home/tim/Documents/GitHub/SparkFun-VR-IMU-Breakout-BNO086-Qwiic-SPI/BNO086_H745_UROS_UART/Common/BNO086_SPI/BNO086_SPI.c:442:7:BNO086_getMagZ	8	static
/home/tim/Documents/GitHub/SparkFun-VR-IMU-Breakout-BNO086-Qwiic-SPI/BNO086_H745_UROS_UART/Common/BNO086_SPI/BNO086_SPI.c:448:9:BNO086_getMagAccuracy	4	static
/home/tim/Documents/GitHub/SparkFun-VR-IMU-Breakout-BNO086-Qwiic-SPI/BNO086_H745_UROS_UART/Common/BNO086_SPI/BNO086_SPI.c:454:10:BNO086_getStepCount	4	static
/home/tim/Documents/GitHub/SparkFun-VR-IMU-Breakout-BNO086-Qwiic-SPI/BNO086_H745_UROS_UART/Common/BNO086_SPI/BNO086_SPI.c:460:9:BNO086_getStabilityClassifier	4	static
/home/tim/Documents/GitHub/SparkFun-VR-IMU-Breakout-BNO086-Qwiic-SPI/BNO086_H745_UROS_UART/Common/BNO086_SPI/BNO086_SPI.c:466:9:BNO086_getActivityClassifier	4	static
/home/tim/Documents/GitHub/SparkFun-VR-IMU-Breakout-BNO086-Qwiic-SPI/BNO086_H745_UROS_UART/Common/BNO086_SPI/BNO086_SPI.c:472:10:BNO086_getTimeStamp	4	static
/home/tim/Documents/GitHub/SparkFun-VR-IMU-Breakout-BNO086-Qwiic-SPI/BNO086_H745_UROS_UART/Common/BNO086_SPI/BNO086_SPI.c:479:9:BNO086_getQ1	16	static
/home/tim/Documents/GitHub/SparkFun-VR-IMU-Breakout-BNO086-Qwiic-SPI/BNO086_H745_UROS_UART/Common/BNO086_SPI/BNO086_SPI.c:487:9:BNO086_getQ2	16	static
/home/tim/Documents/GitHub/SparkFun-VR-IMU-Breakout-BNO086-Qwiic-SPI/BNO086_H745_UROS_UART/Common/BNO086_SPI/BNO086_SPI.c:495:9:BNO086_getQ3	16	static
/home/tim/Documents/GitHub/SparkFun-VR-IMU-Breakout-BNO086-Qwiic-SPI/BNO086_H745_UROS_UART/Common/BNO086_SPI/BNO086_SPI.c:502:7:BNO086_getResolution	24	static
/home/tim/Documents/GitHub/SparkFun-VR-IMU-Breakout-BNO086-Qwiic-SPI/BNO086_H745_UROS_UART/Common/BNO086_SPI/BNO086_SPI.c:515:7:BNO086_getRange	24	static
/home/tim/Documents/GitHub/SparkFun-VR-IMU-Breakout-BNO086-Qwiic-SPI/BNO086_H745_UROS_UART/Common/BNO086_SPI/BNO086_SPI.c:530:10:BNO086_readFRSword	16	static
/home/tim/Documents/GitHub/SparkFun-VR-IMU-Breakout-BNO086-Qwiic-SPI/BNO086_H745_UROS_UART/Common/BNO086_SPI/BNO086_SPI.c:540:6:BNO086_frsReadRequest	16	static
/home/tim/Documents/GitHub/SparkFun-VR-IMU-Breakout-BNO086-Qwiic-SPI/BNO086_H745_UROS_UART/Common/BNO086_SPI/BNO086_SPI.c:558:5:BNO086_readFRSdata	32	static
/home/tim/Documents/GitHub/SparkFun-VR-IMU-Breakout-BNO086-Qwiic-SPI/BNO086_H745_UROS_UART/Common/BNO086_SPI/BNO086_SPI.c:619:6:BNO086_softReset	8	static
/home/tim/Documents/GitHub/SparkFun-VR-IMU-Breakout-BNO086-Qwiic-SPI/BNO086_H745_UROS_UART/Common/BNO086_SPI/BNO086_SPI.c:635:9:BNO086_resetReason	8	static
/home/tim/Documents/GitHub/SparkFun-VR-IMU-Breakout-BNO086-Qwiic-SPI/BNO086_H745_UROS_UART/Common/BNO086_SPI/BNO086_SPI.c:657:7:BNO086_qToFloat	24	static
/home/tim/Documents/GitHub/SparkFun-VR-IMU-Breakout-BNO086-Qwiic-SPI/BNO086_H745_UROS_UART/Common/BNO086_SPI/BNO086_SPI.c:663:6:BNO086_enableRotationVector	16	static
/home/tim/Documents/GitHub/SparkFun-VR-IMU-Breakout-BNO086-Qwiic-SPI/BNO086_H745_UROS_UART/Common/BNO086_SPI/BNO086_SPI.c:669:6:BNO086_enableGameRotationVector	16	static
/home/tim/Documents/GitHub/SparkFun-VR-IMU-Breakout-BNO086-Qwiic-SPI/BNO086_H745_UROS_UART/Common/BNO086_SPI/BNO086_SPI.c:675:6:BNO086_enableAccelerometer	16	static
/home/tim/Documents/GitHub/SparkFun-VR-IMU-Breakout-BNO086-Qwiic-SPI/BNO086_H745_UROS_UART/Common/BNO086_SPI/BNO086_SPI.c:681:6:BNO086_enableLinearAccelerometer	16	static
/home/tim/Documents/GitHub/SparkFun-VR-IMU-Breakout-BNO086-Qwiic-SPI/BNO086_H745_UROS_UART/Common/BNO086_SPI/BNO086_SPI.c:687:6:BNO086_enableGyro	16	static
/home/tim/Documents/GitHub/SparkFun-VR-IMU-Breakout-BNO086-Qwiic-SPI/BNO086_H745_UROS_UART/Common/BNO086_SPI/BNO086_SPI.c:693:6:BNO086_enableMagnetometer	16	static
/home/tim/Documents/GitHub/SparkFun-VR-IMU-Breakout-BNO086-Qwiic-SPI/BNO086_H745_UROS_UART/Common/BNO086_SPI/BNO086_SPI.c:699:6:BNO086_enableStepCounter	16	static
/home/tim/Documents/GitHub/SparkFun-VR-IMU-Breakout-BNO086-Qwiic-SPI/BNO086_H745_UROS_UART/Common/BNO086_SPI/BNO086_SPI.c:705:6:BNO086_enableStabilityClassifier	16	static
/home/tim/Documents/GitHub/SparkFun-VR-IMU-Breakout-BNO086-Qwiic-SPI/BNO086_H745_UROS_UART/Common/BNO086_SPI/BNO086_SPI.c:711:6:BNO086_calibrateAccelerometer	8	static
/home/tim/Documents/GitHub/SparkFun-VR-IMU-Breakout-BNO086-Qwiic-SPI/BNO086_H745_UROS_UART/Common/BNO086_SPI/BNO086_SPI.c:717:6:BNO086_calibrateGyro	8	static
/home/tim/Documents/GitHub/SparkFun-VR-IMU-Breakout-BNO086-Qwiic-SPI/BNO086_H745_UROS_UART/Common/BNO086_SPI/BNO086_SPI.c:723:6:BNO086_calibrateMagnetometer	8	static
/home/tim/Documents/GitHub/SparkFun-VR-IMU-Breakout-BNO086-Qwiic-SPI/BNO086_H745_UROS_UART/Common/BNO086_SPI/BNO086_SPI.c:729:6:BNO086_calibratePlanarAccelerometer	8	static
/home/tim/Documents/GitHub/SparkFun-VR-IMU-Breakout-BNO086-Qwiic-SPI/BNO086_H745_UROS_UART/Common/BNO086_SPI/BNO086_SPI.c:735:6:BNO086_calibrateAll	8	static
/home/tim/Documents/GitHub/SparkFun-VR-IMU-Breakout-BNO086-Qwiic-SPI/BNO086_H745_UROS_UART/Common/BNO086_SPI/BNO086_SPI.c:740:6:BNO086_endCalibration	8	static
/home/tim/Documents/GitHub/SparkFun-VR-IMU-Breakout-BNO086-Qwiic-SPI/BNO086_H745_UROS_UART/Common/BNO086_SPI/BNO086_SPI.c:747:5:BNO086_calibrationComplete	4	static
/home/tim/Documents/GitHub/SparkFun-VR-IMU-Breakout-BNO086-Qwiic-SPI/BNO086_H745_UROS_UART/Common/BNO086_SPI/BNO086_SPI.c:756:6:BNO086_setFeatureCommand	24	static
/home/tim/Documents/GitHub/SparkFun-VR-IMU-Breakout-BNO086-Qwiic-SPI/BNO086_H745_UROS_UART/Common/BNO086_SPI/BNO086_SPI.c:783:6:BNO086_sendCommand	16	static
/home/tim/Documents/GitHub/SparkFun-VR-IMU-Breakout-BNO086-Qwiic-SPI/BNO086_H745_UROS_UART/Common/BNO086_SPI/BNO086_SPI.c:806:6:BNO086_sendCalibrateCommand	24	static
/home/tim/Documents/GitHub/SparkFun-VR-IMU-Breakout-BNO086-Qwiic-SPI/BNO086_H745_UROS_UART/Common/BNO086_SPI/BNO086_SPI.c:847:6:BNO086_requestCalibrationStatus	16	static
/home/tim/Documents/GitHub/SparkFun-VR-IMU-Breakout-BNO086-Qwiic-SPI/BNO086_H745_UROS_UART/Common/BNO086_SPI/BNO086_SPI.c:870:6:BNO086_saveCalibration	16	static
/home/tim/Documents/GitHub/SparkFun-VR-IMU-Breakout-BNO086-Qwiic-SPI/BNO086_H745_UROS_UART/Common/BNO086_SPI/BNO086_SPI.c:892:5:BNO086_waitForSPI	16	static
/home/tim/Documents/GitHub/SparkFun-VR-IMU-Breakout-BNO086-Qwiic-SPI/BNO086_H745_UROS_UART/Common/BNO086_SPI/BNO086_SPI.c:910:5:BNO086_receivePacket	24	static
/home/tim/Documents/GitHub/SparkFun-VR-IMU-Breakout-BNO086-Qwiic-SPI/BNO086_H745_UROS_UART/Common/BNO086_SPI/BNO086_SPI.c:967:5:BNO086_sendPacket	24	static
/home/tim/Documents/GitHub/SparkFun-VR-IMU-Breakout-BNO086-Qwiic-SPI/BNO086_H745_UROS_UART/Common/BNO086_SPI/BNO086_SPI.c:996:7:getRoll	64	static
/home/tim/Documents/GitHub/SparkFun-VR-IMU-Breakout-BNO086-Qwiic-SPI/BNO086_H745_UROS_UART/Common/BNO086_SPI/BNO086_SPI.c:1022:7:getPitch	48	static
/home/tim/Documents/GitHub/SparkFun-VR-IMU-Breakout-BNO086-Qwiic-SPI/BNO086_H745_UROS_UART/Common/BNO086_SPI/BNO086_SPI.c:1064:7:getYaw	64	static
/home/tim/Documents/GitHub/SparkFun-VR-IMU-Breakout-BNO086-Qwiic-SPI/BNO086_H745_UROS_UART/Common/BNO086_SPI/BNO086_SPI.c:1092:6:BNO086_getData	16	static
/home/tim/Documents/GitHub/SparkFun-VR-IMU-Breakout-BNO086-Qwiic-SPI/BNO086_H745_UROS_UART/Common/BNO086_SPI/BNO086_SPI.c:1126:6:BNO086_SAVE_HSEM	24	static
/home/tim/Documents/GitHub/SparkFun-VR-IMU-Breakout-BNO086-Qwiic-SPI/BNO086_H745_UROS_UART/Common/BNO086_SPI/BNO086_SPI.c:1161:6:BNO086_Calibration	24	static
