/home/gun/SparkFun-VR-IMU-Breakout-BNO086-Qwiic-SPI/BNO086_H745_UROS_UART/Common/BNO086_SPI/BNO086_SPI.c:60:5:BNO080_Initialization	16	static
/home/gun/SparkFun-VR-IMU-Breakout-BNO086-Qwiic-SPI/BNO086_H745_UROS_UART/Common/BNO086_SPI/BNO086_SPI.c:112:15:SPI2_SendByte	24	static
/home/gun/SparkFun-VR-IMU-Breakout-BNO086-Qwiic-SPI/BNO086_H745_UROS_UART/Common/BNO086_SPI/BNO086_SPI.c:124:5:BNO080_dataAvailable	8	static
/home/gun/SparkFun-VR-IMU-Breakout-BNO086-Qwiic-SPI/BNO086_H745_UROS_UART/Common/BNO086_SPI/BNO086_SPI.c:168:6:BNO080_parseCommandReport	16	static
/home/gun/SparkFun-VR-IMU-Breakout-BNO086-Qwiic-SPI/BNO086_H745_UROS_UART/Common/BNO086_SPI/BNO086_SPI.c:204:6:BNO080_parseInputReport	32	static
/home/gun/SparkFun-VR-IMU-Breakout-BNO086-Qwiic-SPI/BNO086_H745_UROS_UART/Common/BNO086_SPI/BNO086_SPI.c:320:7:BNO080_getQuatI	8	static
/home/gun/SparkFun-VR-IMU-Breakout-BNO086-Qwiic-SPI/BNO086_H745_UROS_UART/Common/BNO086_SPI/BNO086_SPI.c:326:7:BNO080_getQuatJ	8	static
/home/gun/SparkFun-VR-IMU-Breakout-BNO086-Qwiic-SPI/BNO086_H745_UROS_UART/Common/BNO086_SPI/BNO086_SPI.c:332:7:BNO080_getQuatK	8	static
/home/gun/SparkFun-VR-IMU-Breakout-BNO086-Qwiic-SPI/BNO086_H745_UROS_UART/Common/BNO086_SPI/BNO086_SPI.c:338:7:BNO080_getQuatReal	8	static
/home/gun/SparkFun-VR-IMU-Breakout-BNO086-Qwiic-SPI/BNO086_H745_UROS_UART/Common/BNO086_SPI/BNO086_SPI.c:344:7:BNO080_getQuatRadianAccuracy	8	static
/home/gun/SparkFun-VR-IMU-Breakout-BNO086-Qwiic-SPI/BNO086_H745_UROS_UART/Common/BNO086_SPI/BNO086_SPI.c:350:9:BNO080_getQuatAccuracy	4	static
/home/gun/SparkFun-VR-IMU-Breakout-BNO086-Qwiic-SPI/BNO086_H745_UROS_UART/Common/BNO086_SPI/BNO086_SPI.c:356:7:BNO080_getAccelX	8	static
/home/gun/SparkFun-VR-IMU-Breakout-BNO086-Qwiic-SPI/BNO086_H745_UROS_UART/Common/BNO086_SPI/BNO086_SPI.c:362:7:BNO080_getAccelY	8	static
/home/gun/SparkFun-VR-IMU-Breakout-BNO086-Qwiic-SPI/BNO086_H745_UROS_UART/Common/BNO086_SPI/BNO086_SPI.c:368:7:BNO080_getAccelZ	8	static
/home/gun/SparkFun-VR-IMU-Breakout-BNO086-Qwiic-SPI/BNO086_H745_UROS_UART/Common/BNO086_SPI/BNO086_SPI.c:374:9:BNO080_getAccelAccuracy	4	static
/home/gun/SparkFun-VR-IMU-Breakout-BNO086-Qwiic-SPI/BNO086_H745_UROS_UART/Common/BNO086_SPI/BNO086_SPI.c:382:7:BNO080_getLinAccelX	8	static
/home/gun/SparkFun-VR-IMU-Breakout-BNO086-Qwiic-SPI/BNO086_H745_UROS_UART/Common/BNO086_SPI/BNO086_SPI.c:388:7:BNO080_getLinAccelY	8	static
/home/gun/SparkFun-VR-IMU-Breakout-BNO086-Qwiic-SPI/BNO086_H745_UROS_UART/Common/BNO086_SPI/BNO086_SPI.c:394:7:BNO080_getLinAccelZ	8	static
/home/gun/SparkFun-VR-IMU-Breakout-BNO086-Qwiic-SPI/BNO086_H745_UROS_UART/Common/BNO086_SPI/BNO086_SPI.c:400:9:BNO080_getLinAccelAccuracy	4	static
/home/gun/SparkFun-VR-IMU-Breakout-BNO086-Qwiic-SPI/BNO086_H745_UROS_UART/Common/BNO086_SPI/BNO086_SPI.c:406:7:BNO080_getGyroX	8	static
/home/gun/SparkFun-VR-IMU-Breakout-BNO086-Qwiic-SPI/BNO086_H745_UROS_UART/Common/BNO086_SPI/BNO086_SPI.c:412:7:BNO080_getGyroY	8	static
/home/gun/SparkFun-VR-IMU-Breakout-BNO086-Qwiic-SPI/BNO086_H745_UROS_UART/Common/BNO086_SPI/BNO086_SPI.c:418:7:BNO080_getGyroZ	8	static
/home/gun/SparkFun-VR-IMU-Breakout-BNO086-Qwiic-SPI/BNO086_H745_UROS_UART/Common/BNO086_SPI/BNO086_SPI.c:424:9:BNO080_getGyroAccuracy	4	static
/home/gun/SparkFun-VR-IMU-Breakout-BNO086-Qwiic-SPI/BNO086_H745_UROS_UART/Common/BNO086_SPI/BNO086_SPI.c:430:7:BNO080_getMagX	8	static
/home/gun/SparkFun-VR-IMU-Breakout-BNO086-Qwiic-SPI/BNO086_H745_UROS_UART/Common/BNO086_SPI/BNO086_SPI.c:436:7:BNO080_getMagY	8	static
/home/gun/SparkFun-VR-IMU-Breakout-BNO086-Qwiic-SPI/BNO086_H745_UROS_UART/Common/BNO086_SPI/BNO086_SPI.c:442:7:BNO080_getMagZ	8	static
/home/gun/SparkFun-VR-IMU-Breakout-BNO086-Qwiic-SPI/BNO086_H745_UROS_UART/Common/BNO086_SPI/BNO086_SPI.c:448:9:BNO080_getMagAccuracy	4	static
/home/gun/SparkFun-VR-IMU-Breakout-BNO086-Qwiic-SPI/BNO086_H745_UROS_UART/Common/BNO086_SPI/BNO086_SPI.c:454:10:BNO080_getStepCount	4	static
/home/gun/SparkFun-VR-IMU-Breakout-BNO086-Qwiic-SPI/BNO086_H745_UROS_UART/Common/BNO086_SPI/BNO086_SPI.c:460:9:BNO080_getStabilityClassifier	4	static
/home/gun/SparkFun-VR-IMU-Breakout-BNO086-Qwiic-SPI/BNO086_H745_UROS_UART/Common/BNO086_SPI/BNO086_SPI.c:466:9:BNO080_getActivityClassifier	4	static
/home/gun/SparkFun-VR-IMU-Breakout-BNO086-Qwiic-SPI/BNO086_H745_UROS_UART/Common/BNO086_SPI/BNO086_SPI.c:472:10:BNO080_getTimeStamp	4	static
/home/gun/SparkFun-VR-IMU-Breakout-BNO086-Qwiic-SPI/BNO086_H745_UROS_UART/Common/BNO086_SPI/BNO086_SPI.c:479:9:BNO080_getQ1	16	static
/home/gun/SparkFun-VR-IMU-Breakout-BNO086-Qwiic-SPI/BNO086_H745_UROS_UART/Common/BNO086_SPI/BNO086_SPI.c:487:9:BNO080_getQ2	16	static
/home/gun/SparkFun-VR-IMU-Breakout-BNO086-Qwiic-SPI/BNO086_H745_UROS_UART/Common/BNO086_SPI/BNO086_SPI.c:495:9:BNO080_getQ3	16	static
/home/gun/SparkFun-VR-IMU-Breakout-BNO086-Qwiic-SPI/BNO086_H745_UROS_UART/Common/BNO086_SPI/BNO086_SPI.c:502:7:BNO080_getResolution	24	static
/home/gun/SparkFun-VR-IMU-Breakout-BNO086-Qwiic-SPI/BNO086_H745_UROS_UART/Common/BNO086_SPI/BNO086_SPI.c:515:7:BNO080_getRange	24	static
/home/gun/SparkFun-VR-IMU-Breakout-BNO086-Qwiic-SPI/BNO086_H745_UROS_UART/Common/BNO086_SPI/BNO086_SPI.c:530:10:BNO080_readFRSword	16	static
/home/gun/SparkFun-VR-IMU-Breakout-BNO086-Qwiic-SPI/BNO086_H745_UROS_UART/Common/BNO086_SPI/BNO086_SPI.c:540:6:BNO080_frsReadRequest	16	static
/home/gun/SparkFun-VR-IMU-Breakout-BNO086-Qwiic-SPI/BNO086_H745_UROS_UART/Common/BNO086_SPI/BNO086_SPI.c:558:5:BNO080_readFRSdata	32	static
/home/gun/SparkFun-VR-IMU-Breakout-BNO086-Qwiic-SPI/BNO086_H745_UROS_UART/Common/BNO086_SPI/BNO086_SPI.c:619:6:BNO080_softReset	8	static
/home/gun/SparkFun-VR-IMU-Breakout-BNO086-Qwiic-SPI/BNO086_H745_UROS_UART/Common/BNO086_SPI/BNO086_SPI.c:635:9:BNO080_resetReason	8	static
/home/gun/SparkFun-VR-IMU-Breakout-BNO086-Qwiic-SPI/BNO086_H745_UROS_UART/Common/BNO086_SPI/BNO086_SPI.c:657:7:BNO080_qToFloat	24	static
/home/gun/SparkFun-VR-IMU-Breakout-BNO086-Qwiic-SPI/BNO086_H745_UROS_UART/Common/BNO086_SPI/BNO086_SPI.c:663:6:BNO080_enableRotationVector	16	static
/home/gun/SparkFun-VR-IMU-Breakout-BNO086-Qwiic-SPI/BNO086_H745_UROS_UART/Common/BNO086_SPI/BNO086_SPI.c:669:6:BNO080_enableGameRotationVector	16	static
/home/gun/SparkFun-VR-IMU-Breakout-BNO086-Qwiic-SPI/BNO086_H745_UROS_UART/Common/BNO086_SPI/BNO086_SPI.c:675:6:BNO080_enableAccelerometer	16	static
/home/gun/SparkFun-VR-IMU-Breakout-BNO086-Qwiic-SPI/BNO086_H745_UROS_UART/Common/BNO086_SPI/BNO086_SPI.c:681:6:BNO080_enableLinearAccelerometer	16	static
/home/gun/SparkFun-VR-IMU-Breakout-BNO086-Qwiic-SPI/BNO086_H745_UROS_UART/Common/BNO086_SPI/BNO086_SPI.c:687:6:BNO080_enableGyro	16	static
/home/gun/SparkFun-VR-IMU-Breakout-BNO086-Qwiic-SPI/BNO086_H745_UROS_UART/Common/BNO086_SPI/BNO086_SPI.c:693:6:BNO080_enableMagnetometer	16	static
/home/gun/SparkFun-VR-IMU-Breakout-BNO086-Qwiic-SPI/BNO086_H745_UROS_UART/Common/BNO086_SPI/BNO086_SPI.c:699:6:BNO080_enableStepCounter	16	static
/home/gun/SparkFun-VR-IMU-Breakout-BNO086-Qwiic-SPI/BNO086_H745_UROS_UART/Common/BNO086_SPI/BNO086_SPI.c:705:6:BNO080_enableStabilityClassifier	16	static
/home/gun/SparkFun-VR-IMU-Breakout-BNO086-Qwiic-SPI/BNO086_H745_UROS_UART/Common/BNO086_SPI/BNO086_SPI.c:711:6:BNO080_calibrateAccelerometer	8	static
/home/gun/SparkFun-VR-IMU-Breakout-BNO086-Qwiic-SPI/BNO086_H745_UROS_UART/Common/BNO086_SPI/BNO086_SPI.c:717:6:BNO080_calibrateGyro	8	static
/home/gun/SparkFun-VR-IMU-Breakout-BNO086-Qwiic-SPI/BNO086_H745_UROS_UART/Common/BNO086_SPI/BNO086_SPI.c:723:6:BNO080_calibrateMagnetometer	8	static
/home/gun/SparkFun-VR-IMU-Breakout-BNO086-Qwiic-SPI/BNO086_H745_UROS_UART/Common/BNO086_SPI/BNO086_SPI.c:729:6:BNO080_calibratePlanarAccelerometer	8	static
/home/gun/SparkFun-VR-IMU-Breakout-BNO086-Qwiic-SPI/BNO086_H745_UROS_UART/Common/BNO086_SPI/BNO086_SPI.c:735:6:BNO080_calibrateAll	8	static
/home/gun/SparkFun-VR-IMU-Breakout-BNO086-Qwiic-SPI/BNO086_H745_UROS_UART/Common/BNO086_SPI/BNO086_SPI.c:740:6:BNO080_endCalibration	8	static
/home/gun/SparkFun-VR-IMU-Breakout-BNO086-Qwiic-SPI/BNO086_H745_UROS_UART/Common/BNO086_SPI/BNO086_SPI.c:747:5:BNO080_calibrationComplete	4	static
/home/gun/SparkFun-VR-IMU-Breakout-BNO086-Qwiic-SPI/BNO086_H745_UROS_UART/Common/BNO086_SPI/BNO086_SPI.c:756:6:BNO080_setFeatureCommand	24	static
/home/gun/SparkFun-VR-IMU-Breakout-BNO086-Qwiic-SPI/BNO086_H745_UROS_UART/Common/BNO086_SPI/BNO086_SPI.c:783:6:BNO080_sendCommand	16	static
/home/gun/SparkFun-VR-IMU-Breakout-BNO086-Qwiic-SPI/BNO086_H745_UROS_UART/Common/BNO086_SPI/BNO086_SPI.c:806:6:BNO080_sendCalibrateCommand	24	static
/home/gun/SparkFun-VR-IMU-Breakout-BNO086-Qwiic-SPI/BNO086_H745_UROS_UART/Common/BNO086_SPI/BNO086_SPI.c:847:6:BNO080_requestCalibrationStatus	16	static
/home/gun/SparkFun-VR-IMU-Breakout-BNO086-Qwiic-SPI/BNO086_H745_UROS_UART/Common/BNO086_SPI/BNO086_SPI.c:870:6:BNO080_saveCalibration	16	static
/home/gun/SparkFun-VR-IMU-Breakout-BNO086-Qwiic-SPI/BNO086_H745_UROS_UART/Common/BNO086_SPI/BNO086_SPI.c:892:5:BNO080_waitForSPI	16	static
/home/gun/SparkFun-VR-IMU-Breakout-BNO086-Qwiic-SPI/BNO086_H745_UROS_UART/Common/BNO086_SPI/BNO086_SPI.c:910:5:BNO080_receivePacket	24	static
/home/gun/SparkFun-VR-IMU-Breakout-BNO086-Qwiic-SPI/BNO086_H745_UROS_UART/Common/BNO086_SPI/BNO086_SPI.c:967:5:BNO080_sendPacket	24	static
/home/gun/SparkFun-VR-IMU-Breakout-BNO086-Qwiic-SPI/BNO086_H745_UROS_UART/Common/BNO086_SPI/BNO086_SPI.c:996:7:getRoll	64	static
/home/gun/SparkFun-VR-IMU-Breakout-BNO086-Qwiic-SPI/BNO086_H745_UROS_UART/Common/BNO086_SPI/BNO086_SPI.c:1022:7:getPitch	48	static
/home/gun/SparkFun-VR-IMU-Breakout-BNO086-Qwiic-SPI/BNO086_H745_UROS_UART/Common/BNO086_SPI/BNO086_SPI.c:1064:7:getYaw	64	static
/home/gun/SparkFun-VR-IMU-Breakout-BNO086-Qwiic-SPI/BNO086_H745_UROS_UART/Common/BNO086_SPI/BNO086_SPI.c:1092:6:BNO086_getData	16	static
/home/gun/SparkFun-VR-IMU-Breakout-BNO086-Qwiic-SPI/BNO086_H745_UROS_UART/Common/BNO086_SPI/BNO086_SPI.c:1126:6:SAVEIMU_HSEM	24	static
/home/gun/SparkFun-VR-IMU-Breakout-BNO086-Qwiic-SPI/BNO086_H745_UROS_UART/Common/BNO086_SPI/BNO086_SPI.c:1157:6:BNO080_Calibration	24	static
