/home/tim/Downloads/BNO086_H745_UROS_UART/Common/BNO086_SPI/BNO086_SPI.c:49:5:BNO080_Initialization	16	static
/home/tim/Downloads/BNO086_H745_UROS_UART/Common/BNO086_SPI/BNO086_SPI.c:101:15:SPI2_SendByte	24	static
/home/tim/Downloads/BNO086_H745_UROS_UART/Common/BNO086_SPI/BNO086_SPI.c:113:5:BNO080_dataAvailable	8	static
/home/tim/Downloads/BNO086_H745_UROS_UART/Common/BNO086_SPI/BNO086_SPI.c:157:6:BNO080_parseCommandReport	16	static
/home/tim/Downloads/BNO086_H745_UROS_UART/Common/BNO086_SPI/BNO086_SPI.c:193:6:BNO080_parseInputReport	32	static
/home/tim/Downloads/BNO086_H745_UROS_UART/Common/BNO086_SPI/BNO086_SPI.c:309:7:BNO080_getQuatI	8	static
/home/tim/Downloads/BNO086_H745_UROS_UART/Common/BNO086_SPI/BNO086_SPI.c:315:7:BNO080_getQuatJ	8	static
/home/tim/Downloads/BNO086_H745_UROS_UART/Common/BNO086_SPI/BNO086_SPI.c:321:7:BNO080_getQuatK	8	static
/home/tim/Downloads/BNO086_H745_UROS_UART/Common/BNO086_SPI/BNO086_SPI.c:327:7:BNO080_getQuatReal	8	static
/home/tim/Downloads/BNO086_H745_UROS_UART/Common/BNO086_SPI/BNO086_SPI.c:333:7:BNO080_getQuatRadianAccuracy	8	static
/home/tim/Downloads/BNO086_H745_UROS_UART/Common/BNO086_SPI/BNO086_SPI.c:339:9:BNO080_getQuatAccuracy	4	static
/home/tim/Downloads/BNO086_H745_UROS_UART/Common/BNO086_SPI/BNO086_SPI.c:345:7:BNO080_getAccelX	8	static
/home/tim/Downloads/BNO086_H745_UROS_UART/Common/BNO086_SPI/BNO086_SPI.c:351:7:BNO080_getAccelY	8	static
/home/tim/Downloads/BNO086_H745_UROS_UART/Common/BNO086_SPI/BNO086_SPI.c:357:7:BNO080_getAccelZ	8	static
/home/tim/Downloads/BNO086_H745_UROS_UART/Common/BNO086_SPI/BNO086_SPI.c:363:9:BNO080_getAccelAccuracy	4	static
/home/tim/Downloads/BNO086_H745_UROS_UART/Common/BNO086_SPI/BNO086_SPI.c:371:7:BNO080_getLinAccelX	8	static
/home/tim/Downloads/BNO086_H745_UROS_UART/Common/BNO086_SPI/BNO086_SPI.c:377:7:BNO080_getLinAccelY	8	static
/home/tim/Downloads/BNO086_H745_UROS_UART/Common/BNO086_SPI/BNO086_SPI.c:383:7:BNO080_getLinAccelZ	8	static
/home/tim/Downloads/BNO086_H745_UROS_UART/Common/BNO086_SPI/BNO086_SPI.c:389:9:BNO080_getLinAccelAccuracy	4	static
/home/tim/Downloads/BNO086_H745_UROS_UART/Common/BNO086_SPI/BNO086_SPI.c:395:7:BNO080_getGyroX	8	static
/home/tim/Downloads/BNO086_H745_UROS_UART/Common/BNO086_SPI/BNO086_SPI.c:401:7:BNO080_getGyroY	8	static
/home/tim/Downloads/BNO086_H745_UROS_UART/Common/BNO086_SPI/BNO086_SPI.c:407:7:BNO080_getGyroZ	8	static
/home/tim/Downloads/BNO086_H745_UROS_UART/Common/BNO086_SPI/BNO086_SPI.c:413:9:BNO080_getGyroAccuracy	4	static
/home/tim/Downloads/BNO086_H745_UROS_UART/Common/BNO086_SPI/BNO086_SPI.c:419:7:BNO080_getMagX	8	static
/home/tim/Downloads/BNO086_H745_UROS_UART/Common/BNO086_SPI/BNO086_SPI.c:425:7:BNO080_getMagY	8	static
/home/tim/Downloads/BNO086_H745_UROS_UART/Common/BNO086_SPI/BNO086_SPI.c:431:7:BNO080_getMagZ	8	static
/home/tim/Downloads/BNO086_H745_UROS_UART/Common/BNO086_SPI/BNO086_SPI.c:437:9:BNO080_getMagAccuracy	4	static
/home/tim/Downloads/BNO086_H745_UROS_UART/Common/BNO086_SPI/BNO086_SPI.c:443:10:BNO080_getStepCount	4	static
/home/tim/Downloads/BNO086_H745_UROS_UART/Common/BNO086_SPI/BNO086_SPI.c:449:9:BNO080_getStabilityClassifier	4	static
/home/tim/Downloads/BNO086_H745_UROS_UART/Common/BNO086_SPI/BNO086_SPI.c:455:9:BNO080_getActivityClassifier	4	static
/home/tim/Downloads/BNO086_H745_UROS_UART/Common/BNO086_SPI/BNO086_SPI.c:461:10:BNO080_getTimeStamp	4	static
/home/tim/Downloads/BNO086_H745_UROS_UART/Common/BNO086_SPI/BNO086_SPI.c:468:9:BNO080_getQ1	16	static
/home/tim/Downloads/BNO086_H745_UROS_UART/Common/BNO086_SPI/BNO086_SPI.c:476:9:BNO080_getQ2	16	static
/home/tim/Downloads/BNO086_H745_UROS_UART/Common/BNO086_SPI/BNO086_SPI.c:484:9:BNO080_getQ3	16	static
/home/tim/Downloads/BNO086_H745_UROS_UART/Common/BNO086_SPI/BNO086_SPI.c:491:7:BNO080_getResolution	24	static
/home/tim/Downloads/BNO086_H745_UROS_UART/Common/BNO086_SPI/BNO086_SPI.c:504:7:BNO080_getRange	24	static
/home/tim/Downloads/BNO086_H745_UROS_UART/Common/BNO086_SPI/BNO086_SPI.c:519:10:BNO080_readFRSword	16	static
/home/tim/Downloads/BNO086_H745_UROS_UART/Common/BNO086_SPI/BNO086_SPI.c:529:6:BNO080_frsReadRequest	16	static
/home/tim/Downloads/BNO086_H745_UROS_UART/Common/BNO086_SPI/BNO086_SPI.c:547:5:BNO080_readFRSdata	32	static
/home/tim/Downloads/BNO086_H745_UROS_UART/Common/BNO086_SPI/BNO086_SPI.c:608:6:BNO080_softReset	8	static
/home/tim/Downloads/BNO086_H745_UROS_UART/Common/BNO086_SPI/BNO086_SPI.c:624:9:BNO080_resetReason	8	static
/home/tim/Downloads/BNO086_H745_UROS_UART/Common/BNO086_SPI/BNO086_SPI.c:646:7:BNO080_qToFloat	24	static
/home/tim/Downloads/BNO086_H745_UROS_UART/Common/BNO086_SPI/BNO086_SPI.c:652:6:BNO080_enableRotationVector	16	static
/home/tim/Downloads/BNO086_H745_UROS_UART/Common/BNO086_SPI/BNO086_SPI.c:658:6:BNO080_enableGameRotationVector	16	static
/home/tim/Downloads/BNO086_H745_UROS_UART/Common/BNO086_SPI/BNO086_SPI.c:664:6:BNO080_enableAccelerometer	16	static
/home/tim/Downloads/BNO086_H745_UROS_UART/Common/BNO086_SPI/BNO086_SPI.c:670:6:BNO080_enableLinearAccelerometer	16	static
/home/tim/Downloads/BNO086_H745_UROS_UART/Common/BNO086_SPI/BNO086_SPI.c:676:6:BNO080_enableGyro	16	static
/home/tim/Downloads/BNO086_H745_UROS_UART/Common/BNO086_SPI/BNO086_SPI.c:682:6:BNO080_enableMagnetometer	16	static
/home/tim/Downloads/BNO086_H745_UROS_UART/Common/BNO086_SPI/BNO086_SPI.c:688:6:BNO080_enableStepCounter	16	static
/home/tim/Downloads/BNO086_H745_UROS_UART/Common/BNO086_SPI/BNO086_SPI.c:694:6:BNO080_enableStabilityClassifier	16	static
/home/tim/Downloads/BNO086_H745_UROS_UART/Common/BNO086_SPI/BNO086_SPI.c:700:6:BNO080_calibrateAccelerometer	8	static
/home/tim/Downloads/BNO086_H745_UROS_UART/Common/BNO086_SPI/BNO086_SPI.c:706:6:BNO080_calibrateGyro	8	static
/home/tim/Downloads/BNO086_H745_UROS_UART/Common/BNO086_SPI/BNO086_SPI.c:712:6:BNO080_calibrateMagnetometer	8	static
/home/tim/Downloads/BNO086_H745_UROS_UART/Common/BNO086_SPI/BNO086_SPI.c:718:6:BNO080_calibratePlanarAccelerometer	8	static
/home/tim/Downloads/BNO086_H745_UROS_UART/Common/BNO086_SPI/BNO086_SPI.c:724:6:BNO080_calibrateAll	8	static
/home/tim/Downloads/BNO086_H745_UROS_UART/Common/BNO086_SPI/BNO086_SPI.c:729:6:BNO080_endCalibration	8	static
/home/tim/Downloads/BNO086_H745_UROS_UART/Common/BNO086_SPI/BNO086_SPI.c:736:5:BNO080_calibrationComplete	4	static
/home/tim/Downloads/BNO086_H745_UROS_UART/Common/BNO086_SPI/BNO086_SPI.c:745:6:BNO080_setFeatureCommand	24	static
/home/tim/Downloads/BNO086_H745_UROS_UART/Common/BNO086_SPI/BNO086_SPI.c:772:6:BNO080_sendCommand	16	static
/home/tim/Downloads/BNO086_H745_UROS_UART/Common/BNO086_SPI/BNO086_SPI.c:795:6:BNO080_sendCalibrateCommand	24	static
/home/tim/Downloads/BNO086_H745_UROS_UART/Common/BNO086_SPI/BNO086_SPI.c:836:6:BNO080_requestCalibrationStatus	16	static
/home/tim/Downloads/BNO086_H745_UROS_UART/Common/BNO086_SPI/BNO086_SPI.c:859:6:BNO080_saveCalibration	16	static
/home/tim/Downloads/BNO086_H745_UROS_UART/Common/BNO086_SPI/BNO086_SPI.c:881:5:BNO080_waitForSPI	16	static
/home/tim/Downloads/BNO086_H745_UROS_UART/Common/BNO086_SPI/BNO086_SPI.c:899:5:BNO080_receivePacket	24	static
/home/tim/Downloads/BNO086_H745_UROS_UART/Common/BNO086_SPI/BNO086_SPI.c:956:5:BNO080_sendPacket	24	static
/home/tim/Downloads/BNO086_H745_UROS_UART/Common/BNO086_SPI/BNO086_SPI.c:985:7:getRoll	64	static
/home/tim/Downloads/BNO086_H745_UROS_UART/Common/BNO086_SPI/BNO086_SPI.c:1011:7:getPitch	48	static
/home/tim/Downloads/BNO086_H745_UROS_UART/Common/BNO086_SPI/BNO086_SPI.c:1053:7:getYaw	64	static
/home/tim/Downloads/BNO086_H745_UROS_UART/Common/BNO086_SPI/BNO086_SPI.c:1081:6:BNO086_getData	16	static
/home/tim/Downloads/BNO086_H745_UROS_UART/Common/BNO086_SPI/BNO086_SPI.c:1115:6:SAVEIMU_HSEM	24	static
