/home/gun/SparkFun-VR-IMU-Breakout-BNO086-Qwiic-SPI/BNO086_H745_UROS_UART/Common/BNO086_SPI/BNO086_SPI.c:56:5:BNO080_Initialization	16	static
/home/gun/SparkFun-VR-IMU-Breakout-BNO086-Qwiic-SPI/BNO086_H745_UROS_UART/Common/BNO086_SPI/BNO086_SPI.c:108:15:SPI2_SendByte	24	static
/home/gun/SparkFun-VR-IMU-Breakout-BNO086-Qwiic-SPI/BNO086_H745_UROS_UART/Common/BNO086_SPI/BNO086_SPI.c:120:5:BNO080_dataAvailable	8	static
/home/gun/SparkFun-VR-IMU-Breakout-BNO086-Qwiic-SPI/BNO086_H745_UROS_UART/Common/BNO086_SPI/BNO086_SPI.c:164:6:BNO080_parseCommandReport	16	static
/home/gun/SparkFun-VR-IMU-Breakout-BNO086-Qwiic-SPI/BNO086_H745_UROS_UART/Common/BNO086_SPI/BNO086_SPI.c:200:6:BNO080_parseInputReport	32	static
/home/gun/SparkFun-VR-IMU-Breakout-BNO086-Qwiic-SPI/BNO086_H745_UROS_UART/Common/BNO086_SPI/BNO086_SPI.c:316:7:BNO080_getQuatI	8	static
/home/gun/SparkFun-VR-IMU-Breakout-BNO086-Qwiic-SPI/BNO086_H745_UROS_UART/Common/BNO086_SPI/BNO086_SPI.c:322:7:BNO080_getQuatJ	8	static
/home/gun/SparkFun-VR-IMU-Breakout-BNO086-Qwiic-SPI/BNO086_H745_UROS_UART/Common/BNO086_SPI/BNO086_SPI.c:328:7:BNO080_getQuatK	8	static
/home/gun/SparkFun-VR-IMU-Breakout-BNO086-Qwiic-SPI/BNO086_H745_UROS_UART/Common/BNO086_SPI/BNO086_SPI.c:334:7:BNO080_getQuatReal	8	static
/home/gun/SparkFun-VR-IMU-Breakout-BNO086-Qwiic-SPI/BNO086_H745_UROS_UART/Common/BNO086_SPI/BNO086_SPI.c:340:7:BNO080_getQuatRadianAccuracy	8	static
/home/gun/SparkFun-VR-IMU-Breakout-BNO086-Qwiic-SPI/BNO086_H745_UROS_UART/Common/BNO086_SPI/BNO086_SPI.c:346:9:BNO080_getQuatAccuracy	4	static
/home/gun/SparkFun-VR-IMU-Breakout-BNO086-Qwiic-SPI/BNO086_H745_UROS_UART/Common/BNO086_SPI/BNO086_SPI.c:352:7:BNO080_getAccelX	8	static
/home/gun/SparkFun-VR-IMU-Breakout-BNO086-Qwiic-SPI/BNO086_H745_UROS_UART/Common/BNO086_SPI/BNO086_SPI.c:358:7:BNO080_getAccelY	8	static
/home/gun/SparkFun-VR-IMU-Breakout-BNO086-Qwiic-SPI/BNO086_H745_UROS_UART/Common/BNO086_SPI/BNO086_SPI.c:364:7:BNO080_getAccelZ	8	static
/home/gun/SparkFun-VR-IMU-Breakout-BNO086-Qwiic-SPI/BNO086_H745_UROS_UART/Common/BNO086_SPI/BNO086_SPI.c:370:9:BNO080_getAccelAccuracy	4	static
/home/gun/SparkFun-VR-IMU-Breakout-BNO086-Qwiic-SPI/BNO086_H745_UROS_UART/Common/BNO086_SPI/BNO086_SPI.c:378:7:BNO080_getLinAccelX	8	static
/home/gun/SparkFun-VR-IMU-Breakout-BNO086-Qwiic-SPI/BNO086_H745_UROS_UART/Common/BNO086_SPI/BNO086_SPI.c:384:7:BNO080_getLinAccelY	8	static
/home/gun/SparkFun-VR-IMU-Breakout-BNO086-Qwiic-SPI/BNO086_H745_UROS_UART/Common/BNO086_SPI/BNO086_SPI.c:390:7:BNO080_getLinAccelZ	8	static
/home/gun/SparkFun-VR-IMU-Breakout-BNO086-Qwiic-SPI/BNO086_H745_UROS_UART/Common/BNO086_SPI/BNO086_SPI.c:396:9:BNO080_getLinAccelAccuracy	4	static
/home/gun/SparkFun-VR-IMU-Breakout-BNO086-Qwiic-SPI/BNO086_H745_UROS_UART/Common/BNO086_SPI/BNO086_SPI.c:402:7:BNO080_getGyroX	8	static
/home/gun/SparkFun-VR-IMU-Breakout-BNO086-Qwiic-SPI/BNO086_H745_UROS_UART/Common/BNO086_SPI/BNO086_SPI.c:408:7:BNO080_getGyroY	8	static
/home/gun/SparkFun-VR-IMU-Breakout-BNO086-Qwiic-SPI/BNO086_H745_UROS_UART/Common/BNO086_SPI/BNO086_SPI.c:414:7:BNO080_getGyroZ	8	static
/home/gun/SparkFun-VR-IMU-Breakout-BNO086-Qwiic-SPI/BNO086_H745_UROS_UART/Common/BNO086_SPI/BNO086_SPI.c:420:9:BNO080_getGyroAccuracy	4	static
/home/gun/SparkFun-VR-IMU-Breakout-BNO086-Qwiic-SPI/BNO086_H745_UROS_UART/Common/BNO086_SPI/BNO086_SPI.c:426:7:BNO080_getMagX	8	static
/home/gun/SparkFun-VR-IMU-Breakout-BNO086-Qwiic-SPI/BNO086_H745_UROS_UART/Common/BNO086_SPI/BNO086_SPI.c:432:7:BNO080_getMagY	8	static
/home/gun/SparkFun-VR-IMU-Breakout-BNO086-Qwiic-SPI/BNO086_H745_UROS_UART/Common/BNO086_SPI/BNO086_SPI.c:438:7:BNO080_getMagZ	8	static
/home/gun/SparkFun-VR-IMU-Breakout-BNO086-Qwiic-SPI/BNO086_H745_UROS_UART/Common/BNO086_SPI/BNO086_SPI.c:444:9:BNO080_getMagAccuracy	4	static
/home/gun/SparkFun-VR-IMU-Breakout-BNO086-Qwiic-SPI/BNO086_H745_UROS_UART/Common/BNO086_SPI/BNO086_SPI.c:450:10:BNO080_getStepCount	4	static
/home/gun/SparkFun-VR-IMU-Breakout-BNO086-Qwiic-SPI/BNO086_H745_UROS_UART/Common/BNO086_SPI/BNO086_SPI.c:456:9:BNO080_getStabilityClassifier	4	static
/home/gun/SparkFun-VR-IMU-Breakout-BNO086-Qwiic-SPI/BNO086_H745_UROS_UART/Common/BNO086_SPI/BNO086_SPI.c:462:9:BNO080_getActivityClassifier	4	static
/home/gun/SparkFun-VR-IMU-Breakout-BNO086-Qwiic-SPI/BNO086_H745_UROS_UART/Common/BNO086_SPI/BNO086_SPI.c:468:10:BNO080_getTimeStamp	4	static
/home/gun/SparkFun-VR-IMU-Breakout-BNO086-Qwiic-SPI/BNO086_H745_UROS_UART/Common/BNO086_SPI/BNO086_SPI.c:475:9:BNO080_getQ1	16	static
/home/gun/SparkFun-VR-IMU-Breakout-BNO086-Qwiic-SPI/BNO086_H745_UROS_UART/Common/BNO086_SPI/BNO086_SPI.c:483:9:BNO080_getQ2	16	static
/home/gun/SparkFun-VR-IMU-Breakout-BNO086-Qwiic-SPI/BNO086_H745_UROS_UART/Common/BNO086_SPI/BNO086_SPI.c:491:9:BNO080_getQ3	16	static
/home/gun/SparkFun-VR-IMU-Breakout-BNO086-Qwiic-SPI/BNO086_H745_UROS_UART/Common/BNO086_SPI/BNO086_SPI.c:498:7:BNO080_getResolution	24	static
/home/gun/SparkFun-VR-IMU-Breakout-BNO086-Qwiic-SPI/BNO086_H745_UROS_UART/Common/BNO086_SPI/BNO086_SPI.c:511:7:BNO080_getRange	24	static
/home/gun/SparkFun-VR-IMU-Breakout-BNO086-Qwiic-SPI/BNO086_H745_UROS_UART/Common/BNO086_SPI/BNO086_SPI.c:526:10:BNO080_readFRSword	16	static
/home/gun/SparkFun-VR-IMU-Breakout-BNO086-Qwiic-SPI/BNO086_H745_UROS_UART/Common/BNO086_SPI/BNO086_SPI.c:536:6:BNO080_frsReadRequest	16	static
/home/gun/SparkFun-VR-IMU-Breakout-BNO086-Qwiic-SPI/BNO086_H745_UROS_UART/Common/BNO086_SPI/BNO086_SPI.c:554:5:BNO080_readFRSdata	32	static
/home/gun/SparkFun-VR-IMU-Breakout-BNO086-Qwiic-SPI/BNO086_H745_UROS_UART/Common/BNO086_SPI/BNO086_SPI.c:615:6:BNO080_softReset	8	static
/home/gun/SparkFun-VR-IMU-Breakout-BNO086-Qwiic-SPI/BNO086_H745_UROS_UART/Common/BNO086_SPI/BNO086_SPI.c:631:9:BNO080_resetReason	8	static
/home/gun/SparkFun-VR-IMU-Breakout-BNO086-Qwiic-SPI/BNO086_H745_UROS_UART/Common/BNO086_SPI/BNO086_SPI.c:653:7:BNO080_qToFloat	24	static
/home/gun/SparkFun-VR-IMU-Breakout-BNO086-Qwiic-SPI/BNO086_H745_UROS_UART/Common/BNO086_SPI/BNO086_SPI.c:659:6:BNO080_enableRotationVector	16	static
/home/gun/SparkFun-VR-IMU-Breakout-BNO086-Qwiic-SPI/BNO086_H745_UROS_UART/Common/BNO086_SPI/BNO086_SPI.c:665:6:BNO080_enableGameRotationVector	16	static
/home/gun/SparkFun-VR-IMU-Breakout-BNO086-Qwiic-SPI/BNO086_H745_UROS_UART/Common/BNO086_SPI/BNO086_SPI.c:671:6:BNO080_enableAccelerometer	16	static
/home/gun/SparkFun-VR-IMU-Breakout-BNO086-Qwiic-SPI/BNO086_H745_UROS_UART/Common/BNO086_SPI/BNO086_SPI.c:677:6:BNO080_enableLinearAccelerometer	16	static
/home/gun/SparkFun-VR-IMU-Breakout-BNO086-Qwiic-SPI/BNO086_H745_UROS_UART/Common/BNO086_SPI/BNO086_SPI.c:683:6:BNO080_enableGyro	16	static
/home/gun/SparkFun-VR-IMU-Breakout-BNO086-Qwiic-SPI/BNO086_H745_UROS_UART/Common/BNO086_SPI/BNO086_SPI.c:689:6:BNO080_enableMagnetometer	16	static
/home/gun/SparkFun-VR-IMU-Breakout-BNO086-Qwiic-SPI/BNO086_H745_UROS_UART/Common/BNO086_SPI/BNO086_SPI.c:695:6:BNO080_enableStepCounter	16	static
/home/gun/SparkFun-VR-IMU-Breakout-BNO086-Qwiic-SPI/BNO086_H745_UROS_UART/Common/BNO086_SPI/BNO086_SPI.c:701:6:BNO080_enableStabilityClassifier	16	static
/home/gun/SparkFun-VR-IMU-Breakout-BNO086-Qwiic-SPI/BNO086_H745_UROS_UART/Common/BNO086_SPI/BNO086_SPI.c:707:6:BNO080_calibrateAccelerometer	8	static
/home/gun/SparkFun-VR-IMU-Breakout-BNO086-Qwiic-SPI/BNO086_H745_UROS_UART/Common/BNO086_SPI/BNO086_SPI.c:713:6:BNO080_calibrateGyro	8	static
/home/gun/SparkFun-VR-IMU-Breakout-BNO086-Qwiic-SPI/BNO086_H745_UROS_UART/Common/BNO086_SPI/BNO086_SPI.c:719:6:BNO080_calibrateMagnetometer	8	static
/home/gun/SparkFun-VR-IMU-Breakout-BNO086-Qwiic-SPI/BNO086_H745_UROS_UART/Common/BNO086_SPI/BNO086_SPI.c:725:6:BNO080_calibratePlanarAccelerometer	8	static
/home/gun/SparkFun-VR-IMU-Breakout-BNO086-Qwiic-SPI/BNO086_H745_UROS_UART/Common/BNO086_SPI/BNO086_SPI.c:731:6:BNO080_calibrateAll	8	static
/home/gun/SparkFun-VR-IMU-Breakout-BNO086-Qwiic-SPI/BNO086_H745_UROS_UART/Common/BNO086_SPI/BNO086_SPI.c:736:6:BNO080_endCalibration	8	static
/home/gun/SparkFun-VR-IMU-Breakout-BNO086-Qwiic-SPI/BNO086_H745_UROS_UART/Common/BNO086_SPI/BNO086_SPI.c:743:5:BNO080_calibrationComplete	4	static
/home/gun/SparkFun-VR-IMU-Breakout-BNO086-Qwiic-SPI/BNO086_H745_UROS_UART/Common/BNO086_SPI/BNO086_SPI.c:752:6:BNO080_setFeatureCommand	24	static
/home/gun/SparkFun-VR-IMU-Breakout-BNO086-Qwiic-SPI/BNO086_H745_UROS_UART/Common/BNO086_SPI/BNO086_SPI.c:779:6:BNO080_sendCommand	16	static
/home/gun/SparkFun-VR-IMU-Breakout-BNO086-Qwiic-SPI/BNO086_H745_UROS_UART/Common/BNO086_SPI/BNO086_SPI.c:802:6:BNO080_sendCalibrateCommand	24	static
/home/gun/SparkFun-VR-IMU-Breakout-BNO086-Qwiic-SPI/BNO086_H745_UROS_UART/Common/BNO086_SPI/BNO086_SPI.c:843:6:BNO080_requestCalibrationStatus	16	static
/home/gun/SparkFun-VR-IMU-Breakout-BNO086-Qwiic-SPI/BNO086_H745_UROS_UART/Common/BNO086_SPI/BNO086_SPI.c:866:6:BNO080_saveCalibration	16	static
/home/gun/SparkFun-VR-IMU-Breakout-BNO086-Qwiic-SPI/BNO086_H745_UROS_UART/Common/BNO086_SPI/BNO086_SPI.c:888:5:BNO080_waitForSPI	16	static
/home/gun/SparkFun-VR-IMU-Breakout-BNO086-Qwiic-SPI/BNO086_H745_UROS_UART/Common/BNO086_SPI/BNO086_SPI.c:906:5:BNO080_receivePacket	24	static
/home/gun/SparkFun-VR-IMU-Breakout-BNO086-Qwiic-SPI/BNO086_H745_UROS_UART/Common/BNO086_SPI/BNO086_SPI.c:963:5:BNO080_sendPacket	24	static
/home/gun/SparkFun-VR-IMU-Breakout-BNO086-Qwiic-SPI/BNO086_H745_UROS_UART/Common/BNO086_SPI/BNO086_SPI.c:992:7:getRoll	64	static
/home/gun/SparkFun-VR-IMU-Breakout-BNO086-Qwiic-SPI/BNO086_H745_UROS_UART/Common/BNO086_SPI/BNO086_SPI.c:1018:7:getPitch	48	static
/home/gun/SparkFun-VR-IMU-Breakout-BNO086-Qwiic-SPI/BNO086_H745_UROS_UART/Common/BNO086_SPI/BNO086_SPI.c:1060:7:getYaw	64	static
/home/gun/SparkFun-VR-IMU-Breakout-BNO086-Qwiic-SPI/BNO086_H745_UROS_UART/Common/BNO086_SPI/BNO086_SPI.c:1088:6:BNO086_getData	16	static
/home/gun/SparkFun-VR-IMU-Breakout-BNO086-Qwiic-SPI/BNO086_H745_UROS_UART/Common/BNO086_SPI/BNO086_SPI.c:1122:6:SAVEIMU_HSEM	24	static
/home/gun/SparkFun-VR-IMU-Breakout-BNO086-Qwiic-SPI/BNO086_H745_UROS_UART/Common/BNO086_SPI/BNO086_SPI.c:1153:6:BNO080_Calibration	24	static
