Archive member included to satisfy reference by file (symbol)

/opt/st/stm32cubeide_1.16.1/plugins/com.st.stm32cube.ide.mcu.externaltools.gnu-tools-for-stm32.12.3.rel1.linux64_1.0.200.202406132123/tools/bin/../lib/gcc/arm-none-eabi/12.3.1/../../../../arm-none-eabi/lib/thumb/v7e-m+fp/hard/libc_nano.a(libc_a-exit.o)
                              /opt/st/stm32cubeide_1.16.1/plugins/com.st.stm32cube.ide.mcu.externaltools.gnu-tools-for-stm32.12.3.rel1.linux64_1.0.200.202406132123/tools/bin/../lib/gcc/arm-none-eabi/12.3.1/../../../../arm-none-eabi/lib/thumb/v7e-m+fp/hard/crt0.o (exit)
/opt/st/stm32cubeide_1.16.1/plugins/com.st.stm32cube.ide.mcu.externaltools.gnu-tools-for-stm32.12.3.rel1.linux64_1.0.200.202406132123/tools/bin/../lib/gcc/arm-none-eabi/12.3.1/../../../../arm-none-eabi/lib/thumb/v7e-m+fp/hard/libc_nano.a(libc_a-findfp.o)
                              /opt/st/stm32cubeide_1.16.1/plugins/com.st.stm32cube.ide.mcu.externaltools.gnu-tools-for-stm32.12.3.rel1.linux64_1.0.200.202406132123/tools/bin/../lib/gcc/arm-none-eabi/12.3.1/../../../../arm-none-eabi/lib/thumb/v7e-m+fp/hard/libc_nano.a(libc_a-exit.o) (__stdio_exit_handler)
/opt/st/stm32cubeide_1.16.1/plugins/com.st.stm32cube.ide.mcu.externaltools.gnu-tools-for-stm32.12.3.rel1.linux64_1.0.200.202406132123/tools/bin/../lib/gcc/arm-none-eabi/12.3.1/../../../../arm-none-eabi/lib/thumb/v7e-m+fp/hard/libc_nano.a(libc_a-fwalk.o)
                              /opt/st/stm32cubeide_1.16.1/plugins/com.st.stm32cube.ide.mcu.externaltools.gnu-tools-for-stm32.12.3.rel1.linux64_1.0.200.202406132123/tools/bin/../lib/gcc/arm-none-eabi/12.3.1/../../../../arm-none-eabi/lib/thumb/v7e-m+fp/hard/libc_nano.a(libc_a-findfp.o) (_fwalk_sglue)
/opt/st/stm32cubeide_1.16.1/plugins/com.st.stm32cube.ide.mcu.externaltools.gnu-tools-for-stm32.12.3.rel1.linux64_1.0.200.202406132123/tools/bin/../lib/gcc/arm-none-eabi/12.3.1/../../../../arm-none-eabi/lib/thumb/v7e-m+fp/hard/libc_nano.a(libc_a-stdio.o)
                              /opt/st/stm32cubeide_1.16.1/plugins/com.st.stm32cube.ide.mcu.externaltools.gnu-tools-for-stm32.12.3.rel1.linux64_1.0.200.202406132123/tools/bin/../lib/gcc/arm-none-eabi/12.3.1/../../../../arm-none-eabi/lib/thumb/v7e-m+fp/hard/libc_nano.a(libc_a-findfp.o) (__sread)
/opt/st/stm32cubeide_1.16.1/plugins/com.st.stm32cube.ide.mcu.externaltools.gnu-tools-for-stm32.12.3.rel1.linux64_1.0.200.202406132123/tools/bin/../lib/gcc/arm-none-eabi/12.3.1/../../../../arm-none-eabi/lib/thumb/v7e-m+fp/hard/libc_nano.a(libc_a-memset.o)
                              /opt/st/stm32cubeide_1.16.1/plugins/com.st.stm32cube.ide.mcu.externaltools.gnu-tools-for-stm32.12.3.rel1.linux64_1.0.200.202406132123/tools/bin/../lib/gcc/arm-none-eabi/12.3.1/../../../../arm-none-eabi/lib/thumb/v7e-m+fp/hard/crt0.o (memset)
/opt/st/stm32cubeide_1.16.1/plugins/com.st.stm32cube.ide.mcu.externaltools.gnu-tools-for-stm32.12.3.rel1.linux64_1.0.200.202406132123/tools/bin/../lib/gcc/arm-none-eabi/12.3.1/../../../../arm-none-eabi/lib/thumb/v7e-m+fp/hard/libc_nano.a(libc_a-closer.o)
                              /opt/st/stm32cubeide_1.16.1/plugins/com.st.stm32cube.ide.mcu.externaltools.gnu-tools-for-stm32.12.3.rel1.linux64_1.0.200.202406132123/tools/bin/../lib/gcc/arm-none-eabi/12.3.1/../../../../arm-none-eabi/lib/thumb/v7e-m+fp/hard/libc_nano.a(libc_a-stdio.o) (_close_r)
/opt/st/stm32cubeide_1.16.1/plugins/com.st.stm32cube.ide.mcu.externaltools.gnu-tools-for-stm32.12.3.rel1.linux64_1.0.200.202406132123/tools/bin/../lib/gcc/arm-none-eabi/12.3.1/../../../../arm-none-eabi/lib/thumb/v7e-m+fp/hard/libc_nano.a(libc_a-reent.o)
                              /opt/st/stm32cubeide_1.16.1/plugins/com.st.stm32cube.ide.mcu.externaltools.gnu-tools-for-stm32.12.3.rel1.linux64_1.0.200.202406132123/tools/bin/../lib/gcc/arm-none-eabi/12.3.1/../../../../arm-none-eabi/lib/thumb/v7e-m+fp/hard/libc_nano.a(libc_a-closer.o) (errno)
/opt/st/stm32cubeide_1.16.1/plugins/com.st.stm32cube.ide.mcu.externaltools.gnu-tools-for-stm32.12.3.rel1.linux64_1.0.200.202406132123/tools/bin/../lib/gcc/arm-none-eabi/12.3.1/../../../../arm-none-eabi/lib/thumb/v7e-m+fp/hard/libc_nano.a(libc_a-impure.o)
                              /opt/st/stm32cubeide_1.16.1/plugins/com.st.stm32cube.ide.mcu.externaltools.gnu-tools-for-stm32.12.3.rel1.linux64_1.0.200.202406132123/tools/bin/../lib/gcc/arm-none-eabi/12.3.1/../../../../arm-none-eabi/lib/thumb/v7e-m+fp/hard/libc_nano.a(libc_a-reent.o) (_impure_ptr)
/opt/st/stm32cubeide_1.16.1/plugins/com.st.stm32cube.ide.mcu.externaltools.gnu-tools-for-stm32.12.3.rel1.linux64_1.0.200.202406132123/tools/bin/../lib/gcc/arm-none-eabi/12.3.1/../../../../arm-none-eabi/lib/thumb/v7e-m+fp/hard/libc_nano.a(libc_a-lseekr.o)
                              /opt/st/stm32cubeide_1.16.1/plugins/com.st.stm32cube.ide.mcu.externaltools.gnu-tools-for-stm32.12.3.rel1.linux64_1.0.200.202406132123/tools/bin/../lib/gcc/arm-none-eabi/12.3.1/../../../../arm-none-eabi/lib/thumb/v7e-m+fp/hard/libc_nano.a(libc_a-stdio.o) (_lseek_r)
[...]
Memory Configuration

Name             Origin             Length             Attributes
FLASH            0x08100000         0x00100000         xr
RAM              0x10000000         0x00048000         xrw
*default*        0x00000000         0xffffffff

Linker script and memory map

LOAD /opt/st/stm32cubeide_1.16.1/plugins/com.st.stm32cube.ide.mcu.externaltools.gnu-tools-for-stm32.12.3.rel1.linux64_1.0.200.202406132123/tools/bin/../lib/gcc/arm-none-eabi/12.3.1/thumb/v7e-m+fp/hard/crti.o
LOAD /opt/st/stm32cubeide_1.16.1/plugins/com.st.stm32cube.ide.mcu.externaltools.gnu-tools-for-stm32.12.3.rel1.linux64_1.0.200.202406132123/tools/bin/../lib/gcc/arm-none-eabi/12.3.1/thumb/v7e-m+fp/hard/crtbegin.o
LOAD /opt/st/stm32cubeide_1.16.1/plugins/com.st.stm32cube.ide.mcu.externaltools.gnu-tools-for-stm32.12.3.rel1.linux64_1.0.200.202406132123/tools/bin/../lib/gcc/arm-none-eabi/12.3.1/../../../../arm-none-eabi/lib/thumb/v7e-m+fp/hard/crt0.o
LOAD ./Common/BNO055_I2C/BNO055.o
LOAD ./Common/BNO055_I2C/BNO055_config.o
LOAD ./Common/BNO086_SPI/BNO086_SPI.o
LOAD ./Common/Src/system_stm32h7xx_dualcore_boot_cm4_cm7.o
LOAD ./Core/Src/dma.o
LOAD ./Core/Src/eth.o
LOAD ./Core/Src/gpio.o
LOAD ./Core/Src/i2c.o
LOAD ./Core/Src/main.o
LOAD ./Core/Src/spi.o
LOAD ./Core/Src/stm32h7xx_hal_msp.o
LOAD ./Core/Src/stm32h7xx_it.o
LOAD ./Core/Src/syscalls.o
LOAD ./Core/Src/sysmem.o
LOAD ./Core/Src/tim.o
LOAD ./Core/Src/usart.o
LOAD ./Core/Startup/startup_stm32h745zitx.o
LOAD ./Drivers/STM32H7xx_HAL_Driver/stm32h7xx_hal.o
LOAD ./Drivers/STM32H7xx_HAL_Driver/stm32h7xx_hal_cortex.o
LOAD ./Drivers/STM32H7xx_HAL_Driver/stm32h7xx_hal_dma.o
LOAD ./Drivers/STM32H7xx_HAL_Driver/stm32h7xx_hal_dma_ex.o
LOAD ./Drivers/STM32H7xx_HAL_Driver/stm32h7xx_hal_eth.o
LOAD ./Drivers/STM32H7xx_HAL_Driver/stm32h7xx_hal_eth_ex.o
LOAD ./Drivers/STM32H7xx_HAL_Driver/stm32h7xx_hal_exti.o
LOAD ./Drivers/STM32H7xx_HAL_Driver/stm32h7xx_hal_flash.o
LOAD ./Drivers/STM32H7xx_HAL_Driver/stm32h7xx_hal_flash_ex.o
LOAD ./Drivers/STM32H7xx_HAL_Driver/stm32h7xx_hal_gpio.o
LOAD ./Drivers/STM32H7xx_HAL_Driver/stm32h7xx_hal_hsem.o
LOAD ./Drivers/STM32H7xx_HAL_Driver/stm32h7xx_hal_i2c.o
LOAD ./Drivers/STM32H7xx_HAL_Driver/stm32h7xx_hal_i2c_ex.o
LOAD ./Drivers/STM32H7xx_HAL_Driver/stm32h7xx_hal_mdma.o
LOAD ./Drivers/STM32H7xx_HAL_Driver/stm32h7xx_hal_pwr.o
LOAD ./Drivers/STM32H7xx_HAL_Driver/stm32h7xx_hal_pwr_ex.o
LOAD ./Drivers/STM32H7xx_HAL_Driver/stm32h7xx_hal_rcc.o
LOAD ./Drivers/STM32H7xx_HAL_Driver/stm32h7xx_hal_rcc_ex.o
LOAD ./Drivers/STM32H7xx_HAL_Driver/stm32h7xx_hal_spi.o
LOAD ./Drivers/STM32H7xx_HAL_Driver/stm32h7xx_hal_spi_ex.o
LOAD ./Drivers/STM32H7xx_HAL_Driver/stm32h7xx_hal_tim.o
LOAD ./Drivers/STM32H7xx_HAL_Driver/stm32h7xx_hal_tim_ex.o
LOAD ./Drivers/STM32H7xx_HAL_Driver/stm32h7xx_hal_uart.o
LOAD ./Drivers/STM32H7xx_HAL_Driver/stm32h7xx_hal_uart_ex.o
START GROUP
LOAD /opt/st/stm32cubeide_1.16.1/plugins/com.st.stm32cube.ide.mcu.externaltools.gnu-tools-for-stm32.12.3.rel1.linux64_1.0.200.202406132123/tools/bin/../lib/gcc/arm-none-eabi/12.3.1/../../../../arm-none-eabi/lib/thumb/v7e-m+fp/hard/libc_nano.a
LOAD /opt/st/stm32cubeide_1.16.1/plugins/com.st.stm32cube.ide.mcu.externaltools.gnu-tools-for-stm32.12.3.rel1.linux64_1.0.200.202406132123/tools/bin/../lib/gcc/arm-none-eabi/12.3.1/../../../../arm-none-eabi/lib/thumb/v7e-m+fp/hard/libm.a
END GROUP
START GROUP
LOAD /opt/st/stm32cubeide_1.16.1/plugins/com.st.stm32cube.ide.mcu.externaltools.gnu-tools-for-stm32.12.3.rel1.linux64_1.0.200.202406132123/tools/bin/../lib/gcc/arm-none-eabi/12.3.1/thumb/v7e-m+fp/hard/libgcc.a
LOAD /opt/st/stm32cubeide_1.16.1/plugins/com.st.stm32cube.ide.mcu.externaltools.gnu-tools-for-stm32.12.3.rel1.linux64_1.0.200.202406132123/tools/bin/../lib/gcc/arm-none-eabi/12.3.1/../../../../arm-none-eabi/lib/thumb/v7e-m+fp/hard/libc_nano.a
END GROUP
START GROUP
LOAD /opt/st/stm32cubeide_1.16.1/plugins/com.st.stm32cube.ide.mcu.externaltools.gnu-tools-for-stm32.12.3.rel1.linux64_1.0.200.202406132123/tools/bin/../lib/gcc/arm-none-eabi/12.3.1/thumb/v7e-m+fp/hard/libgcc.a
LOAD /opt/st/stm32cubeide_1.16.1/plugins/com.st.stm32cube.ide.mcu.externaltools.gnu-tools-for-stm32.12.3.rel1.linux64_1.0.200.202406132123/tools/bin/../lib/gcc/arm-none-eabi/12.3.1/../../../../arm-none-eabi/lib/thumb/v7e-m+fp/hard/libc_nano.a
LOAD /opt/st/stm32cubeide_1.16.1/plugins/com.st.stm32cube.ide.mcu.externaltools.gnu-tools-for-stm32.12.3.rel1.linux64_1.0.200.202406132123/tools/bin/../lib/gcc/arm-none-eabi/12.3.1/../../../../arm-none-eabi/lib/thumb/v7e-m+fp/hard/libnosys.a
END GROUP
START GROUP
LOAD /opt/st/stm32cubeide_1.16.1/plugins/com.st.stm32cube.ide.mcu.externaltools.gnu-tools-for-stm32.12.3.rel1.linux64_1.0.200.202406132123/tools/bin/../lib/gcc/arm-none-eabi/12.3.1/thumb/v7e-m+fp/hard/libgcc.a
LOAD /opt/st/stm32cubeide_1.16.1/plugins/com.st.stm32cube.ide.mcu.externaltools.gnu-tools-for-stm32.12.3.rel1.linux64_1.0.200.202406132123/tools/bin/../lib/gcc/arm-none-eabi/12.3.1/../../../../arm-none-eabi/lib/thumb/v7e-m+fp/hard/libc_nano.a
LOAD /opt/st/stm32cubeide_1.16.1/plugins/com.st.stm32cube.ide.mcu.externaltools.gnu-tools-for-stm32.12.3.rel1.linux64_1.0.200.202406132123/tools/bin/../lib/gcc/arm-none-eabi/12.3.1/../../../../arm-none-eabi/lib/thumb/v7e-m+fp/hard/libnosys.a
END GROUP
LOAD /opt/st/stm32cubeide_1.16.1/plugins/com.st.stm32cube.ide.mcu.externaltools.gnu-tools-for-stm32.12.3.rel1.linux64_1.0.200.202406132123/tools/bin/../lib/gcc/arm-none-eabi/12.3.1/thumb/v7e-m+fp/hard/crtend.o
LOAD /opt/st/stm32cubeide_1.16.1/plugins/com.st.stm32cube.ide.mcu.externaltools.gnu-tools-for-stm32.12.3.rel1.linux64_1.0.200.202406132123/tools/bin/../lib/gcc/arm-none-eabi/12.3.1/thumb/v7e-m+fp/hard/crtn.o
                0x10048000                        _estack = (ORIGIN (RAM) + LENGTH (RAM))
                0x00000200                        _Min_Heap_Size = 0x200
                0x00000400                        _Min_Stack_Size = 0x400

.isr_vector     0x08100000      0x298
                0x08100000                        . = ALIGN (0x4)
 *(.isr_vector)
 .isr_vector    0x08100000      0x298 ./Core/Startup/startup_stm32h745zitx.o
                0x08100000                g_pfnVectors
                0x08100298                        . = ALIGN (0x4)

.text           0x08100298     0xcef0
                0x08100298                        . = ALIGN (0x4)
 *(.text)
 .text          0x08100298       0x40 /opt/st/stm32cubeide_1.16.1/plugins/com.st.stm32cube.ide.mcu.externaltools.gnu-tools-for-stm32.12.3.rel1.linux64_1.0.200.202406132123/tools/bin/../lib/gcc/arm-none-eabi/12.3.1/thumb/v7e-m+fp/hard/crtbegin.o
 .text          0x081002d8      0x378 /opt/st/stm32cubeide_1.16.1/plugins/com.st.stm32cube.ide.mcu.externaltools.gnu-tools-for-stm32.12.3.rel1.linux64_1.0.200.202406132123/tools/bin/../lib/gcc/arm-none-eabi/12.3.1/thumb/v7e-m+fp/hard/libgcc.a(_arm_addsubdf3.o)
                0x081002d8                __aeabi_drsub
                0x081002e0                __aeabi_dsub
                0x081002e0                __subdf3
                0x081002e4                __adddf3
                0x081002e4                __aeabi_dadd
                0x0810055c                __aeabi_ui2d
                0x0810055c                __floatunsidf
                0x0810057c                __floatsidf
                0x0810057c                __aeabi_i2d
                0x081005a0                __extendsfdf2
                0x081005a0                __aeabi_f2d
                0x081005e4                __aeabi_ul2d
                0x081005e4                __floatundidf
                0x081005f4                __floatdidf
                0x081005f4                __aeabi_l2d
 .text          0x08100650      0x424 /opt/st/stm32cubeide_1.16.1/plugins/com.st.stm32cube.ide.mcu.externaltools.gnu-tools-for-stm32.12.3.rel1.linux64_1.0.200.202406132123/tools/bin/../lib/gcc/arm-none-eabi/12.3.1/thumb/v7e-m+fp/hard/libgcc.a(_arm_muldivdf3.o)
                0x08100650                __aeabi_dmul
                0x08100650                __muldf3
                0x081008a4                __aeabi_ddiv
                0x081008a4                __divdf3
 .text          0x08100a74      0x110 /opt/st/stm32cubeide_1.16.1/plugins/com.st.stm32cube.ide.mcu.externaltools.gnu-tools-for-stm32.12.3.rel1.linux64_1.0.200.202406132123/tools/bin/../lib/gcc/arm-none-eabi/12.3.1/thumb/v7e-m+fp/hard/libgcc.a(_arm_cmpdf2.o)
                0x08100a74                __gtdf2
                0x08100a74                __gedf2
                0x08100a7c                __ltdf2
                0x08100a7c                __ledf2
                0x08100a84                __cmpdf2
                0x08100a84                __eqdf2
                0x08100a84                __nedf2
                0x08100b00                __aeabi_cdrcmple
                0x08100b10                __aeabi_cdcmple
                0x08100b10                __aeabi_cdcmpeq
                0x08100b20                __aeabi_dcmpeq
                0x08100b34                __aeabi_dcmplt
                0x08100b48                __aeabi_dcmple
                0x08100b5c                __aeabi_dcmpge
                0x08100b70                __aeabi_dcmpgt
 .text          0x08100b84       0x2c /opt/st/stm32cubeide_1.16.1/plugins/com.st.stm32cube.ide.mcu.externaltools.gnu-tools-for-stm32.12.3.rel1.linux64_1.0.200.202406132123/tools/bin/../lib/gcc/arm-none-eabi/12.3.1/thumb/v7e-m+fp/hard/libgcc.a(_arm_unorddf2.o)
                0x08100b84                __aeabi_dcmpun
                0x08100b84                __unorddf2
 .text          0x08100bb0       0xa0 /opt/st/stm32cubeide_1.16.1/plugins/com.st.stm32cube.ide.mcu.externaltools.gnu-tools-for-stm32.12.3.rel1.linux64_1.0.200.202406132123/tools/bin/../lib/gcc/arm-none-eabi/12.3.1/thumb/v7e-m+fp/hard/libgcc.a(_arm_truncdfsf2.o)
                0x08100bb0                __aeabi_d2f
                0x08100bb0                __truncdfsf2
 *(.text*)
 .text.BNO055_Init
                0x08100c50      0x1c2 ./Common/BNO055_I2C/BNO055.o
                0x08100c50                BNO055_Init
 *fill*         0x08100e12        0x6 
 .text.BNO055_Read_DMA
                0x08100e18      0x3f0 ./Common/BNO055_I2C/BNO055.o
                0x08100e18                BNO055_Read_DMA
 .text.BNO055_SetOffsets
                0x08101208      0x166 ./Common/BNO055_I2C/BNO055.o
                0x08101208                BNO055_SetOffsets
 .text.BNO055_SetAxis
                0x0810136e      0x10c ./Common/BNO055_I2C/BNO055.o
                0x0810136e                BNO055_SetAxis
 *fill*         0x0810147a        0x2 
 .text.BNO055_SAVE_HSEM
                0x0810147c      0x114 ./Common/BNO055_I2C/BNO055.o
                0x0810147c                BNO055_SAVE_HSEM
 .text.BNO086_Initialization
                0x08101590       0x68 ./Common/BNO086_SPI/BNO086_SPI.o
                0x08101590                BNO086_Initialization
 .text.SPI2_SendByte
                0x081015f8       0x30 ./Common/BNO086_SPI/BNO086_SPI.o
                0x081015f8                SPI2_SendByte
 .text.BNO086_dataAvailable
                0x08101628       0x5c ./Common/BNO086_SPI/BNO086_SPI.o
                0x08101628                BNO086_dataAvailable
 .text.BNO086_parseCommandReport
                0x08101684       0x38 ./Common/BNO086_SPI/BNO086_SPI.o
                0x08101684                BNO086_parseCommandReport
 .text.BNO086_parseInputReport
                0x081016bc      0x2e0 ./Common/BNO086_SPI/BNO086_SPI.o
                0x081016bc                BNO086_parseInputReport
 .text.BNO086_getQuatI
                0x0810199c       0x2c ./Common/BNO086_SPI/BNO086_SPI.o
                0x0810199c                BNO086_getQuatI
 .text.BNO086_getQuatJ
                0x081019c8       0x2c ./Common/BNO086_SPI/BNO086_SPI.o
                0x081019c8                BNO086_getQuatJ
 .text.BNO086_getQuatK
                0x081019f4       0x2c ./Common/BNO086_SPI/BNO086_SPI.o
                0x081019f4                BNO086_getQuatK
 .text.BNO086_getQuatReal
                0x08101a20       0x2c ./Common/BNO086_SPI/BNO086_SPI.o
                0x08101a20                BNO086_getQuatReal
 .text.BNO086_getQuatAccuracy
                0x08101a4c       0x18 ./Common/BNO086_SPI/BNO086_SPI.o
                0x08101a4c                BNO086_getQuatAccuracy
 .text.BNO086_getAccelX
                0x08101a64       0x2c ./Common/BNO086_SPI/BNO086_SPI.o
                0x08101a64                BNO086_getAccelX
 .text.BNO086_getAccelY
                0x08101a90       0x2c ./Common/BNO086_SPI/BNO086_SPI.o
                0x08101a90                BNO086_getAccelY
 .text.BNO086_getAccelZ
                0x08101abc       0x2c ./Common/BNO086_SPI/BNO086_SPI.o
                0x08101abc                BNO086_getAccelZ
 .text.BNO086_getAccelAccuracy
                0x08101ae8       0x18 ./Common/BNO086_SPI/BNO086_SPI.o
                0x08101ae8                BNO086_getAccelAccuracy
 .text.BNO086_getLinAccelX
                0x08101b00       0x2c ./Common/BNO086_SPI/BNO086_SPI.o
                0x08101b00                BNO086_getLinAccelX
 .text.BNO086_getLinAccelY
                0x08101b2c       0x2c ./Common/BNO086_SPI/BNO086_SPI.o
                0x08101b2c                BNO086_getLinAccelY
 .text.BNO086_getLinAccelZ
                0x08101b58       0x2c ./Common/BNO086_SPI/BNO086_SPI.o
                0x08101b58                BNO086_getLinAccelZ
 .text.BNO086_getGyroX
                0x08101b84       0x2c ./Common/BNO086_SPI/BNO086_SPI.o
                0x08101b84                BNO086_getGyroX
 .text.BNO086_getGyroY
                0x08101bb0       0x2c ./Common/BNO086_SPI/BNO086_SPI.o
                0x08101bb0                BNO086_getGyroY
 .text.BNO086_getGyroZ
                0x08101bdc       0x2c ./Common/BNO086_SPI/BNO086_SPI.o
                0x08101bdc                BNO086_getGyroZ
 .text.BNO086_getGyroAccuracy
                0x08101c08       0x18 ./Common/BNO086_SPI/BNO086_SPI.o
                0x08101c08                BNO086_getGyroAccuracy
 .text.BNO086_getMagX
                0x08101c20       0x2c ./Common/BNO086_SPI/BNO086_SPI.o
                0x08101c20                BNO086_getMagX
 .text.BNO086_getMagY
                0x08101c4c       0x2c ./Common/BNO086_SPI/BNO086_SPI.o
                0x08101c4c                BNO086_getMagY
 .text.BNO086_getMagZ
                0x08101c78       0x2c ./Common/BNO086_SPI/BNO086_SPI.o
                0x08101c78                BNO086_getMagZ
 .text.BNO086_getMagAccuracy
                0x08101ca4       0x18 ./Common/BNO086_SPI/BNO086_SPI.o
                0x08101ca4                BNO086_getMagAccuracy
 .text.BNO086_qToFloat
                0x08101cbc       0x4e ./Common/BNO086_SPI/BNO086_SPI.o
                0x08101cbc                BNO086_qToFloat
 .text.BNO086_enableRotationVector
                0x08101d0a       0x1e ./Common/BNO086_SPI/BNO086_SPI.o
                0x08101d0a                BNO086_enableRotationVector
 .text.BNO086_enableGameRotationVector
                0x08101d28       0x1e ./Common/BNO086_SPI/BNO086_SPI.o
                0x08101d28                BNO086_enableGameRotationVector
 .text.BNO086_enableAccelerometer
                0x08101d46       0x1e ./Common/BNO086_SPI/BNO086_SPI.o
                0x08101d46                BNO086_enableAccelerometer
 .text.BNO086_enableLinearAccelerometer
                0x08101d64       0x1e ./Common/BNO086_SPI/BNO086_SPI.o
                0x08101d64                BNO086_enableLinearAccelerometer
 .text.BNO086_enableGyro
                0x08101d82       0x1e ./Common/BNO086_SPI/BNO086_SPI.o
                0x08101d82                BNO086_enableGyro
 .text.BNO086_enableMagnetometer
                0x08101da0       0x1e ./Common/BNO086_SPI/BNO086_SPI.o
                0x08101da0                BNO086_enableMagnetometer
 .text.BNO086_calibrateAll
                0x08101dbe        0xe ./Common/BNO086_SPI/BNO086_SPI.o
                0x08101dbe                BNO086_calibrateAll
 .text.BNO086_calibrationComplete
                0x08101dcc       0x20 ./Common/BNO086_SPI/BNO086_SPI.o
                0x08101dcc                BNO086_calibrationComplete
 .text.BNO086_setFeatureCommand
                0x08101dec       0xa4 ./Common/BNO086_SPI/BNO086_SPI.o
                0x08101dec                BNO086_setFeatureCommand
 .text.BNO086_sendCommand
                0x08101e90       0x40 ./Common/BNO086_SPI/BNO086_SPI.o
                0x08101e90                BNO086_sendCommand
 .text.BNO086_sendCalibrateCommand
                0x08101ed0       0x90 ./Common/BNO086_SPI/BNO086_SPI.o
                0x08101ed0                BNO086_sendCalibrateCommand
 .text.BNO086_requestCalibrationStatus
                0x08101f60       0x38 ./Common/BNO086_SPI/BNO086_SPI.o
                0x08101f60                BNO086_requestCalibrationStatus
 .text.BNO086_saveCalibration
                0x08101f98       0x34 ./Common/BNO086_SPI/BNO086_SPI.o
                0x08101f98                BNO086_saveCalibration
 .text.BNO086_waitForSPI
                0x08101fcc       0x3c ./Common/BNO086_SPI/BNO086_SPI.o
                0x08101fcc                BNO086_waitForSPI
 .text.BNO086_receivePacket
                0x08102008       0xe0 ./Common/BNO086_SPI/BNO086_SPI.o
                0x08102008                BNO086_receivePacket
 .text.BNO086_sendPacket
                0x081020e8       0xa0 ./Common/BNO086_SPI/BNO086_SPI.o
                0x081020e8                BNO086_sendPacket
 .text.getRoll  0x08102188      0x1b0 ./Common/BNO086_SPI/BNO086_SPI.o
                0x08102188                getRoll
 .text.getPitch
                0x08102338      0x188 ./Common/BNO086_SPI/BNO086_SPI.o
                0x08102338                getPitch
 .text.getYaw   0x081024c0      0x1b0 ./Common/BNO086_SPI/BNO086_SPI.o
                0x081024c0                getYaw
 .text.BNO086_getData
                0x08102670      0x12a ./Common/BNO086_SPI/BNO086_SPI.o
                0x08102670                BNO086_getData
 .text.BNO086_SAVE_HSEM
                0x0810279a      0x212 ./Common/BNO086_SPI/BNO086_SPI.o
                0x0810279a                BNO086_SAVE_HSEM
 .text.BNO086_Calibration
                0x081029ac      0x284 ./Common/BNO086_SPI/BNO086_SPI.o
                0x081029ac                BNO086_Calibration
 .text.SystemInit
                0x08102c30       0x30 ./Common/Src/system_stm32h7xx_dualcore_boot_cm4_cm7.o
                0x08102c30                SystemInit
 .text.MX_DMA_Init
                0x08102c60       0x50 ./Core/Src/dma.o
                0x08102c60                MX_DMA_Init
 .text.MX_GPIO_Init
                0x08102cb0      0x140 ./Core/Src/gpio.o
                0x08102cb0                MX_GPIO_Init
 .text.MX_I2C1_Init
                0x08102df0       0x80 ./Core/Src/i2c.o
                0x08102df0                MX_I2C1_Init
 .text.HAL_I2C_MspInit
                0x08102e70      0x1bc ./Core/Src/i2c.o
                0x08102e70                HAL_I2C_MspInit
 .text.main     0x0810302c      0x110 ./Core/Src/main.o
                0x0810302c                main
 .text.HAL_TIM_PeriodElapsedCallback
                0x0810313c       0x60 ./Core/Src/main.o
                0x0810313c                HAL_TIM_PeriodElapsedCallback
 .text.HAL_I2C_MemRxCpltCallback
                0x0810319c       0x30 ./Core/Src/main.o
                0x0810319c                HAL_I2C_MemRxCpltCallback
 .text.Error_Handler
                0x081031cc        0xc ./Core/Src/main.o
                0x081031cc                Error_Handler
 .text.MX_SPI1_Init
                0x081031d8       0xb4 ./Core/Src/spi.o
                0x081031d8                MX_SPI1_Init
 .text.HAL_SPI_MspInit
                0x0810328c      0x11c ./Core/Src/spi.o
                0x0810328c                HAL_SPI_MspInit
 .text.HAL_MspInit
                0x081033a8       0x40 ./Core/Src/stm32h7xx_hal_msp.o
                0x081033a8                HAL_MspInit
 .text.NMI_Handler
                0x081033e8        0x8 ./Core/Src/stm32h7xx_it.o
                0x081033e8                NMI_Handler
 .text.HardFault_Handler
                0x081033f0        0x8 ./Core/Src/stm32h7xx_it.o
                0x081033f0                HardFault_Handler
 .text.MemManage_Handler
                0x081033f8        0x8 ./Core/Src/stm32h7xx_it.o
                0x081033f8                MemManage_Handler
 .text.BusFault_Handler
                0x08103400        0x8 ./Core/Src/stm32h7xx_it.o
                0x08103400                BusFault_Handler
 .text.UsageFault_Handler
                0x08103408        0x8 ./Core/Src/stm32h7xx_it.o
                0x08103408                UsageFault_Handler
 .text.SVC_Handler
                0x08103410        0xe ./Core/Src/stm32h7xx_it.o
                0x08103410                SVC_Handler
 .text.DebugMon_Handler
                0x0810341e        0xe ./Core/Src/stm32h7xx_it.o
                0x0810341e                DebugMon_Handler
 .text.PendSV_Handler
                0x0810342c        0xe ./Core/Src/stm32h7xx_it.o
                0x0810342c                PendSV_Handler
 .text.SysTick_Handler
                0x0810343a        0xc ./Core/Src/stm32h7xx_it.o
                0x0810343a                SysTick_Handler
 *fill*         0x08103446        0x2 
 .text.DMA1_Stream2_IRQHandler
                0x08103448       0x14 ./Core/Src/stm32h7xx_it.o
                0x08103448                DMA1_Stream2_IRQHandler
 .text.DMA1_Stream3_IRQHandler
                0x0810345c       0x14 ./Core/Src/stm32h7xx_it.o
                0x0810345c                DMA1_Stream3_IRQHandler
 .text.TIM2_IRQHandler
                0x08103470       0x14 ./Core/Src/stm32h7xx_it.o
                0x08103470                TIM2_IRQHandler
 .text.I2C1_EV_IRQHandler
                0x08103484       0x14 ./Core/Src/stm32h7xx_it.o
                0x08103484                I2C1_EV_IRQHandler
 .text.I2C1_ER_IRQHandler
                0x08103498       0x14 ./Core/Src/stm32h7xx_it.o
                0x08103498                I2C1_ER_IRQHandler
 .text.HSEM2_IRQHandler
                0x081034ac        0xc ./Core/Src/stm32h7xx_it.o
                0x081034ac                HSEM2_IRQHandler
 .text.MX_TIM2_Init
                0x081034b8       0x98 ./Core/Src/tim.o
                0x081034b8                MX_TIM2_Init
 .text.HAL_TIM_Base_MspInit
                0x08103550       0x4c ./Core/Src/tim.o
                0x08103550                HAL_TIM_Base_MspInit
 .text.Reset_Handler
                0x0810359c       0x50 ./Core/Startup/startup_stm32h745zitx.o
                0x0810359c                Reset_Handler
 .text.Default_Handler
                0x081035ec        0x2 ./Core/Startup/startup_stm32h745zitx.o
                0x081035ec                RTC_Alarm_IRQHandler
                0x081035ec                EXTI2_IRQHandler
                0x081035ec                TIM8_CC_IRQHandler
                0x081035ec                HRTIM1_Master_IRQHandler
                0x081035ec                UART8_IRQHandler
                0x081035ec                SPI4_IRQHandler
                0x081035ec                TIM1_CC_IRQHandler
                0x081035ec                BDMA_Channel6_IRQHandler
                0x081035ec                DMA2_Stream5_IRQHandler
                0x081035ec                HRTIM1_FLT_IRQHandler
                0x081035ec                JPEG_IRQHandler
                0x081035ec                DMA1_Stream5_IRQHandler
                0x081035ec                BDMA_Channel1_IRQHandler
                0x081035ec                HRTIM1_TIMD_IRQHandler
                0x081035ec                TAMP_STAMP_IRQHandler
                0x081035ec                EXTI3_IRQHandler
                0x081035ec                LPTIM4_IRQHandler
                0x081035ec                TIM8_TRG_COM_TIM14_IRQHandler
                0x081035ec                LPTIM2_IRQHandler
                0x081035ec                DFSDM1_FLT1_IRQHandler
                0x081035ec                DMAMUX2_OVR_IRQHandler
                0x081035ec                TIM8_UP_TIM13_IRQHandler
                0x081035ec                I2C3_ER_IRQHandler
                0x081035ec                DFSDM1_FLT2_IRQHandler
                0x081035ec                MDMA_IRQHandler
                0x081035ec                LPTIM3_IRQHandler
                0x081035ec                HSEM1_IRQHandler
                0x081035ec                EXTI0_IRQHandler
                0x081035ec                I2C2_EV_IRQHandler
                0x081035ec                FPU_IRQHandler
                0x081035ec                OTG_HS_WKUP_IRQHandler
                0x081035ec                FDCAN1_IT1_IRQHandler
                0x081035ec                LTDC_ER_IRQHandler
                0x081035ec                DMA2_Stream2_IRQHandler
                0x081035ec                HRTIM1_TIME_IRQHandler
                0x081035ec                SPI1_IRQHandler
                0x081035ec                TIM6_DAC_IRQHandler
                0x081035ec                DCMI_IRQHandler
                0x081035ec                HRTIM1_TIMC_IRQHandler
                0x081035ec                DMA2_Stream3_IRQHandler
                0x081035ec                SAI2_IRQHandler
                0x081035ec                DFSDM1_FLT3_IRQHandler
                0x081035ec                USART6_IRQHandler
                0x081035ec                TIM17_IRQHandler
                0x081035ec                USART3_IRQHandler
                0x081035ec                BDMA_Channel7_IRQHandler
                0x081035ec                LPTIM5_IRQHandler
                0x081035ec                UART5_IRQHandler
                0x081035ec                ADC3_IRQHandler
                0x081035ec                DMA2_Stream0_IRQHandler
                0x081035ec                TIM4_IRQHandler
                0x081035ec                BDMA_Channel2_IRQHandler
                0x081035ec                QUADSPI_IRQHandler
                0x081035ec                DMA1_Stream6_IRQHandler
                0x081035ec                DMAMUX1_OVR_IRQHandler
                0x081035ec                DMA1_Stream1_IRQHandler
                0x081035ec                TIM16_IRQHandler
                0x081035ec                UART4_IRQHandler
                0x081035ec                BDMA_Channel5_IRQHandler
                0x081035ec                TIM3_IRQHandler
                0x081035ec                RCC_IRQHandler
                0x081035ec                TIM8_BRK_TIM12_IRQHandler
                0x081035ec                TIM1_TRG_COM_IRQHandler
                0x081035ec                Default_Handler
                0x081035ec                ECC_IRQHandler
                0x081035ec                CEC_IRQHandler
                0x081035ec                EXTI15_10_IRQHandler
                0x081035ec                BDMA_Channel0_IRQHandler
                0x081035ec                ADC_IRQHandler
                0x081035ec                DMA1_Stream7_IRQHandler
                0x081035ec                HRTIM1_TIMA_IRQHandler
                0x081035ec                SPI5_IRQHandler
                0x081035ec                TIM7_IRQHandler
                0x081035ec                SDMMC1_IRQHandler
                0x081035ec                TIM5_IRQHandler
                0x081035ec                DMA2_Stream7_IRQHandler
                0x081035ec                TIM15_IRQHandler
                0x081035ec                PVD_AVD_IRQHandler
                0x081035ec                I2C3_EV_IRQHandler
                0x081035ec                EXTI9_5_IRQHandler
                0x081035ec                RTC_WKUP_IRQHandler
                0x081035ec                LTDC_IRQHandler
                0x081035ec                SAI3_IRQHandler
                0x081035ec                ETH_WKUP_IRQHandler
                0x081035ec                SPDIF_RX_IRQHandler
                0x081035ec                SPI2_IRQHandler
                0x081035ec                OTG_HS_EP1_IN_IRQHandler
                0x081035ec                DMA1_Stream0_IRQHandler
                0x081035ec                CRS_IRQHandler
                0x081035ec                CM7_SEV_IRQHandler
                0x081035ec                EXTI4_IRQHandler
                0x081035ec                RNG_IRQHandler
                0x081035ec                CM4_SEV_IRQHandler
                0x081035ec                HRTIM1_TIMB_IRQHandler
                0x081035ec                FDCAN2_IT1_IRQHandler
                0x081035ec                ETH_IRQHandler
                0x081035ec                TIM1_UP_IRQHandler
                0x081035ec                WWDG_RST_IRQHandler
                0x081035ec                BDMA_Channel4_IRQHandler
                0x081035ec                OTG_HS_EP1_OUT_IRQHandler
                0x081035ec                WWDG_IRQHandler
                0x081035ec                SPI6_IRQHandler
                0x081035ec                MDIOS_IRQHandler
                0x081035ec                I2C4_EV_IRQHandler
                0x081035ec                FDCAN2_IT0_IRQHandler
                0x081035ec                LPUART1_IRQHandler
                0x081035ec                FDCAN1_IT0_IRQHandler
                0x081035ec                OTG_FS_WKUP_IRQHandler
                0x081035ec                OTG_HS_IRQHandler
                0x081035ec                DMA2D_IRQHandler
                0x081035ec                TIM1_BRK_IRQHandler
                0x081035ec                EXTI1_IRQHandler
                0x081035ec                SDMMC2_IRQHandler
                0x081035ec                OTG_FS_EP1_OUT_IRQHandler
                0x081035ec                BDMA_Channel3_IRQHandler
                0x081035ec                HOLD_CORE_IRQHandler
                0x081035ec                UART7_IRQHandler
                0x081035ec                MDIOS_WKUP_IRQHandler
                0x081035ec                USART2_IRQHandler
                0x081035ec                DFSDM1_FLT0_IRQHandler
                0x081035ec                SAI4_IRQHandler
                0x081035ec                I2C2_ER_IRQHandler
                0x081035ec                DMA2_Stream1_IRQHandler
                0x081035ec                FLASH_IRQHandler
                0x081035ec                DMA2_Stream4_IRQHandler
                0x081035ec                USART1_IRQHandler
                0x081035ec                OTG_FS_IRQHandler
                0x081035ec                SPI3_IRQHandler
                0x081035ec                WAKEUP_PIN_IRQHandler
                0x081035ec                DMA1_Stream4_IRQHandler
                0x081035ec                OTG_FS_EP1_IN_IRQHandler
                0x081035ec                FMC_IRQHandler
                0x081035ec                FDCAN_CAL_IRQHandler
                0x081035ec                SWPMI1_IRQHandler
                0x081035ec                COMP1_IRQHandler
                0x081035ec                LPTIM1_IRQHandler
                0x081035ec                I2C4_ER_IRQHandler
                0x081035ec                DMA2_Stream6_IRQHandler
                0x081035ec                SAI1_IRQHandler
 *fill*         0x081035ee        0x2 
 .text.HAL_Init
                0x081035f0       0xbc ./Drivers/STM32H7xx_HAL_Driver/stm32h7xx_hal.o
                0x081035f0                HAL_Init
 .text.HAL_InitTick
                0x081036ac       0x6c ./Drivers/STM32H7xx_HAL_Driver/stm32h7xx_hal.o
                0x081036ac                HAL_InitTick
 .text.HAL_IncTick
                0x08103718       0x28 ./Drivers/STM32H7xx_HAL_Driver/stm32h7xx_hal.o
                0x08103718                HAL_IncTick
 .text.HAL_GetTick
                0x08103740       0x18 ./Drivers/STM32H7xx_HAL_Driver/stm32h7xx_hal.o
                0x08103740                HAL_GetTick
 .text.HAL_Delay
                0x08103758       0x48 ./Drivers/STM32H7xx_HAL_Driver/stm32h7xx_hal.o
                0x08103758                HAL_Delay
 .text.__NVIC_SetPriorityGrouping
                0x081037a0       0x48 ./Drivers/STM32H7xx_HAL_Driver/stm32h7xx_hal_cortex.o
 .text.__NVIC_GetPriorityGrouping
                0x081037e8       0x1c ./Drivers/STM32H7xx_HAL_Driver/stm32h7xx_hal_cortex.o
 .text.__NVIC_EnableIRQ
                0x08103804       0x3c ./Drivers/STM32H7xx_HAL_Driver/stm32h7xx_hal_cortex.o
 .text.__NVIC_SetPriority
                0x08103840       0x54 ./Drivers/STM32H7xx_HAL_Driver/stm32h7xx_hal_cortex.o
 .text.NVIC_EncodePriority
                0x08103894       0x66 ./Drivers/STM32H7xx_HAL_Driver/stm32h7xx_hal_cortex.o
 *fill*         0x081038fa        0x2 
 .text.SysTick_Config
                0x081038fc       0x44 ./Drivers/STM32H7xx_HAL_Driver/stm32h7xx_hal_cortex.o
 .text.HAL_NVIC_SetPriorityGrouping
                0x08103940       0x16 ./Drivers/STM32H7xx_HAL_Driver/stm32h7xx_hal_cortex.o
                0x08103940                HAL_NVIC_SetPriorityGrouping
 .text.HAL_NVIC_SetPriority
                0x08103956       0x34 ./Drivers/STM32H7xx_HAL_Driver/stm32h7xx_hal_cortex.o
                0x08103956                HAL_NVIC_SetPriority
 .text.HAL_NVIC_EnableIRQ
                0x0810398a       0x1c ./Drivers/STM32H7xx_HAL_Driver/stm32h7xx_hal_cortex.o
                0x0810398a                HAL_NVIC_EnableIRQ
 .text.HAL_SYSTICK_Config
                0x081039a6       0x18 ./Drivers/STM32H7xx_HAL_Driver/stm32h7xx_hal_cortex.o
                0x081039a6                HAL_SYSTICK_Config
 *fill*         0x081039be        0x2 
 .text.HAL_GetCurrentCPUID
                0x081039c0       0x28 ./Drivers/STM32H7xx_HAL_Driver/stm32h7xx_hal_cortex.o
                0x081039c0                HAL_GetCurrentCPUID
 .text.HAL_DMA_Init
                0x081039e8      0x6b4 ./Drivers/STM32H7xx_HAL_Driver/stm32h7xx_hal_dma.o
                0x081039e8                HAL_DMA_Init
 .text.HAL_DMA_Start_IT
                0x0810409c      0x4d4 ./Drivers/STM32H7xx_HAL_Driver/stm32h7xx_hal_dma.o
                0x0810409c                HAL_DMA_Start_IT
 .text.HAL_DMA_Abort_IT
                0x08104570      0x48c ./Drivers/STM32H7xx_HAL_Driver/stm32h7xx_hal_dma.o
                0x08104570                HAL_DMA_Abort_IT
 .text.HAL_DMA_IRQHandler
                0x081049fc      0xe54 ./Drivers/STM32H7xx_HAL_Driver/stm32h7xx_hal_dma.o
                0x081049fc                HAL_DMA_IRQHandler
 .text.HAL_DMA_GetState
                0x08105850       0x1c ./Drivers/STM32H7xx_HAL_Driver/stm32h7xx_hal_dma.o
                0x08105850                HAL_DMA_GetState
 .text.HAL_DMA_GetError
                0x0810586c       0x18 ./Drivers/STM32H7xx_HAL_Driver/stm32h7xx_hal_dma.o
                0x0810586c                HAL_DMA_GetError
 .text.DMA_SetConfig
                0x08105884      0x358 ./Drivers/STM32H7xx_HAL_Driver/stm32h7xx_hal_dma.o
 .text.DMA_CalcBaseAndBitshift
                0x08105bdc      0x164 ./Drivers/STM32H7xx_HAL_Driver/stm32h7xx_hal_dma.o
 .text.DMA_CheckFifoParam
                0x08105d40       0xf8 ./Drivers/STM32H7xx_HAL_Driver/stm32h7xx_hal_dma.o
 .text.DMA_CalcDMAMUXChannelBaseAndMask
                0x08105e38      0x134 ./Drivers/STM32H7xx_HAL_Driver/stm32h7xx_hal_dma.o
 .text.DMA_CalcDMAMUXRequestGenBaseAndMask
                0x08105f6c       0xe8 ./Drivers/STM32H7xx_HAL_Driver/stm32h7xx_hal_dma.o
 .text.HAL_GPIO_Init
                0x08106054      0x360 ./Drivers/STM32H7xx_HAL_Driver/stm32h7xx_hal_gpio.o
                0x08106054                HAL_GPIO_Init
 .text.HAL_GPIO_ReadPin
                0x081063b4       0x30 ./Drivers/STM32H7xx_HAL_Driver/stm32h7xx_hal_gpio.o
                0x081063b4                HAL_GPIO_ReadPin
 .text.HAL_GPIO_WritePin
                0x081063e4       0x32 ./Drivers/STM32H7xx_HAL_Driver/stm32h7xx_hal_gpio.o
                0x081063e4                HAL_GPIO_WritePin
 *fill*         0x08106416        0x2 
 .text.HAL_HSEM_FastTake
                0x08106418       0x34 ./Drivers/STM32H7xx_HAL_Driver/stm32h7xx_hal_hsem.o
                0x08106418                HAL_HSEM_FastTake
 .text.HAL_HSEM_Release
                0x0810644c       0x28 ./Drivers/STM32H7xx_HAL_Driver/stm32h7xx_hal_hsem.o
                0x0810644c                HAL_HSEM_Release
 .text.HAL_HSEM_ActivateNotification
                0x08106474       0x24 ./Drivers/STM32H7xx_HAL_Driver/stm32h7xx_hal_hsem.o
                0x08106474                HAL_HSEM_ActivateNotification
 .text.HAL_HSEM_DeactivateNotification
                0x08106498       0x28 ./Drivers/STM32H7xx_HAL_Driver/stm32h7xx_hal_hsem.o
                0x08106498                HAL_HSEM_DeactivateNotification
 .text.HAL_HSEM_IRQHandler
                0x081064c0       0x34 ./Drivers/STM32H7xx_HAL_Driver/stm32h7xx_hal_hsem.o
                0x081064c0                HAL_HSEM_IRQHandler
 .text.HAL_HSEM_FreeCallback
                0x081064f4       0x14 ./Drivers/STM32H7xx_HAL_Driver/stm32h7xx_hal_hsem.o
                0x081064f4                HAL_HSEM_FreeCallback
 .text.HAL_I2C_Init
                0x08106508      0x136 ./Drivers/STM32H7xx_HAL_Driver/stm32h7xx_hal_i2c.o
                0x08106508                HAL_I2C_Init
 *fill*         0x0810663e        0x2 
 .text.HAL_I2C_Mem_Write
                0x08106640      0x228 ./Drivers/STM32H7xx_HAL_Driver/stm32h7xx_hal_i2c.o
                0x08106640                HAL_I2C_Mem_Write
 .text.HAL_I2C_Mem_Read
                0x08106868      0x234 ./Drivers/STM32H7xx_HAL_Driver/stm32h7xx_hal_i2c.o
                0x08106868                HAL_I2C_Mem_Read
 .text.HAL_I2C_Mem_Read_DMA
                0x08106a9c      0x1cc ./Drivers/STM32H7xx_HAL_Driver/stm32h7xx_hal_i2c.o
                0x08106a9c                HAL_I2C_Mem_Read_DMA
 .text.HAL_I2C_EV_IRQHandler
                0x08106c68       0x34 ./Drivers/STM32H7xx_HAL_Driver/stm32h7xx_hal_i2c.o
                0x08106c68                HAL_I2C_EV_IRQHandler
 .text.HAL_I2C_ER_IRQHandler
                0x08106c9c       0xb6 ./Drivers/STM32H7xx_HAL_Driver/stm32h7xx_hal_i2c.o
                0x08106c9c                HAL_I2C_ER_IRQHandler
 .text.HAL_I2C_MasterTxCpltCallback
                0x08106d52       0x14 ./Drivers/STM32H7xx_HAL_Driver/stm32h7xx_hal_i2c.o
                0x08106d52                HAL_I2C_MasterTxCpltCallback
 .text.HAL_I2C_MasterRxCpltCallback
                0x08106d66       0x14 ./Drivers/STM32H7xx_HAL_Driver/stm32h7xx_hal_i2c.o
                0x08106d66                HAL_I2C_MasterRxCpltCallback
 .text.HAL_I2C_SlaveTxCpltCallback
                0x08106d7a       0x14 ./Drivers/STM32H7xx_HAL_Driver/stm32h7xx_hal_i2c.o
                0x08106d7a                HAL_I2C_SlaveTxCpltCallback
 .text.HAL_I2C_SlaveRxCpltCallback
                0x08106d8e       0x14 ./Drivers/STM32H7xx_HAL_Driver/stm32h7xx_hal_i2c.o
                0x08106d8e                HAL_I2C_SlaveRxCpltCallback
 .text.HAL_I2C_AddrCallback
                0x08106da2       0x1c ./Drivers/STM32H7xx_HAL_Driver/stm32h7xx_hal_i2c.o
                0x08106da2                HAL_I2C_AddrCallback
 .text.HAL_I2C_ListenCpltCallback
                0x08106dbe       0x14 ./Drivers/STM32H7xx_HAL_Driver/stm32h7xx_hal_i2c.o
                0x08106dbe                HAL_I2C_ListenCpltCallback
 .text.HAL_I2C_MemTxCpltCallback
                0x08106dd2       0x14 ./Drivers/STM32H7xx_HAL_Driver/stm32h7xx_hal_i2c.o
                0x08106dd2                HAL_I2C_MemTxCpltCallback
 .text.HAL_I2C_ErrorCallback
                0x08106de6       0x14 ./Drivers/STM32H7xx_HAL_Driver/stm32h7xx_hal_i2c.o
                0x08106de6                HAL_I2C_ErrorCallback
 .text.HAL_I2C_AbortCpltCallback
                0x08106dfa       0x14 ./Drivers/STM32H7xx_HAL_Driver/stm32h7xx_hal_i2c.o
                0x08106dfa                HAL_I2C_AbortCpltCallback
 .text.I2C_Slave_ISR_IT
                0x08106e0e      0x1f2 ./Drivers/STM32H7xx_HAL_Driver/stm32h7xx_hal_i2c.o
 .text.I2C_Master_ISR_DMA
                0x08107000      0x1d6 ./Drivers/STM32H7xx_HAL_Driver/stm32h7xx_hal_i2c.o
 *fill*         0x081071d6        0x2 
 .text.I2C_Mem_ISR_DMA
                0x081071d8      0x24c ./Drivers/STM32H7xx_HAL_Driver/stm32h7xx_hal_i2c.o
 .text.I2C_Slave_ISR_DMA
                0x08107424      0x3b4 ./Drivers/STM32H7xx_HAL_Driver/stm32h7xx_hal_i2c.o
 .text.I2C_RequestMemoryWrite
                0x081077d8       0xa8 ./Drivers/STM32H7xx_HAL_Driver/stm32h7xx_hal_i2c.o
 .text.I2C_RequestMemoryRead
                0x08107880       0xa8 ./Drivers/STM32H7xx_HAL_Driver/stm32h7xx_hal_i2c.o
 .text.I2C_ITAddrCplt
                0x08107928      0x108 ./Drivers/STM32H7xx_HAL_Driver/stm32h7xx_hal_i2c.o
 .text.I2C_ITMasterSeqCplt
                0x08107a30       0x7a ./Drivers/STM32H7xx_HAL_Driver/stm32h7xx_hal_i2c.o
 .text.I2C_ITSlaveSeqCplt
                0x08107aaa       0xb8 ./Drivers/STM32H7xx_HAL_Driver/stm32h7xx_hal_i2c.o
 *fill*         0x08107b62        0x2 
 .text.I2C_ITMasterCplt
                0x08107b64      0x190 ./Drivers/STM32H7xx_HAL_Driver/stm32h7xx_hal_i2c.o
 .text.I2C_ITSlaveCplt
                0x08107cf4      0x4a8 ./Drivers/STM32H7xx_HAL_Driver/stm32h7xx_hal_i2c.o
 .text.I2C_ITListenCplt
                0x0810819c       0xa8 ./Drivers/STM32H7xx_HAL_Driver/stm32h7xx_hal_i2c.o
 .text.I2C_ITError
                0x08108244      0x1e0 ./Drivers/STM32H7xx_HAL_Driver/stm32h7xx_hal_i2c.o
 .text.I2C_TreatErrorCallback
                0x08108424       0x4e ./Drivers/STM32H7xx_HAL_Driver/stm32h7xx_hal_i2c.o
 .text.I2C_Flush_TXDR
                0x08108472       0x48 ./Drivers/STM32H7xx_HAL_Driver/stm32h7xx_hal_i2c.o
 .text.I2C_DMAMasterReceiveCplt
                0x081084ba       0x96 ./Drivers/STM32H7xx_HAL_Driver/stm32h7xx_hal_i2c.o
 .text.I2C_DMAError
                0x08108550      0x274 ./Drivers/STM32H7xx_HAL_Driver/stm32h7xx_hal_i2c.o
 .text.I2C_DMAAbort
                0x081087c4       0x3c ./Drivers/STM32H7xx_HAL_Driver/stm32h7xx_hal_i2c.o
 .text.I2C_WaitOnFlagUntilTimeout
                0x08108800       0xb2 ./Drivers/STM32H7xx_HAL_Driver/stm32h7xx_hal_i2c.o
 .text.I2C_WaitOnTXISFlagUntilTimeout
                0x081088b2       0x8e ./Drivers/STM32H7xx_HAL_Driver/stm32h7xx_hal_i2c.o
 .text.I2C_WaitOnSTOPFlagUntilTimeout
                0x08108940       0x86 ./Drivers/STM32H7xx_HAL_Driver/stm32h7xx_hal_i2c.o
 *fill*         0x081089c6        0x2 
 .text.I2C_IsErrorOccurred
                0x081089c8      0x1c0 ./Drivers/STM32H7xx_HAL_Driver/stm32h7xx_hal_i2c.o
 .text.I2C_TransferConfig
                0x08108b88       0x64 ./Drivers/STM32H7xx_HAL_Driver/stm32h7xx_hal_i2c.o
 .text.I2C_Enable_IRQ
                0x08108bec      0x108 ./Drivers/STM32H7xx_HAL_Driver/stm32h7xx_hal_i2c.o
 .text.I2C_Disable_IRQ
                0x08108cf4       0xbc ./Drivers/STM32H7xx_HAL_Driver/stm32h7xx_hal_i2c.o
 .text.HAL_I2CEx_ConfigAnalogFilter
                0x08108db0       0x96 ./Drivers/STM32H7xx_HAL_Driver/stm32h7xx_hal_i2c_ex.o
                0x08108db0                HAL_I2CEx_ConfigAnalogFilter
 .text.HAL_I2CEx_ConfigDigitalFilter
                0x08108e46       0x98 ./Drivers/STM32H7xx_HAL_Driver/stm32h7xx_hal_i2c_ex.o
                0x08108e46                HAL_I2CEx_ConfigDigitalFilter
 *fill*         0x08108ede        0x2 
 .text.HAL_PWREx_EnterSTOPMode
                0x08108ee0       0xf4 ./Drivers/STM32H7xx_HAL_Driver/stm32h7xx_hal_pwr_ex.o
                0x08108ee0                HAL_PWREx_EnterSTOPMode
 .text.HAL_PWREx_ClearPendingEvent
                0x08108fd4       0x1a ./Drivers/STM32H7xx_HAL_Driver/stm32h7xx_hal_pwr_ex.o
                0x08108fd4                HAL_PWREx_ClearPendingEvent
 *fill*         0x08108fee        0x2 
 .text.HAL_RCC_GetSysClockFreq
                0x08108ff0      0x2f4 ./Drivers/STM32H7xx_HAL_Driver/stm32h7xx_hal_rcc.o
                0x08108ff0                HAL_RCC_GetSysClockFreq
 .text.HAL_RCCEx_PeriphCLKConfig
                0x081092e4     0x1414 ./Drivers/STM32H7xx_HAL_Driver/stm32h7xx_hal_rcc_ex.o
                0x081092e4                HAL_RCCEx_PeriphCLKConfig
 .text.RCCEx_PLL2_Config
                0x0810a6f8      0x164 ./Drivers/STM32H7xx_HAL_Driver/stm32h7xx_hal_rcc_ex.o
 .text.RCCEx_PLL3_Config
                0x0810a85c      0x164 ./Drivers/STM32H7xx_HAL_Driver/stm32h7xx_hal_rcc_ex.o
 .text.HAL_SPI_Init
                0x0810a9c0      0x248 ./Drivers/STM32H7xx_HAL_Driver/stm32h7xx_hal_spi.o
                0x0810a9c0                HAL_SPI_Init
 .text.HAL_SPI_TransmitReceive
                0x0810ac08      0x670 ./Drivers/STM32H7xx_HAL_Driver/stm32h7xx_hal_spi.o
                0x0810ac08                HAL_SPI_TransmitReceive
 .text.SPI_CloseTransfer
                0x0810b278      0x140 ./Drivers/STM32H7xx_HAL_Driver/stm32h7xx_hal_spi.o
 .text.SPI_WaitOnFlagUntilTimeout
                0x0810b3b8       0x5c ./Drivers/STM32H7xx_HAL_Driver/stm32h7xx_hal_spi.o
 .text.SPI_GetPacketSize
                0x0810b414       0x36 ./Drivers/STM32H7xx_HAL_Driver/stm32h7xx_hal_spi.o
 .text.HAL_TIM_Base_Init
                0x0810b44a       0xae ./Drivers/STM32H7xx_HAL_Driver/stm32h7xx_hal_tim.o
                0x0810b44a                HAL_TIM_Base_Init
 .text.HAL_TIM_Base_Start_IT
                0x0810b4f8       0xf0 ./Drivers/STM32H7xx_HAL_Driver/stm32h7xx_hal_tim.o
                0x0810b4f8                HAL_TIM_Base_Start_IT
 .text.HAL_TIM_IRQHandler
                0x0810b5e8      0x20e ./Drivers/STM32H7xx_HAL_Driver/stm32h7xx_hal_tim.o
                0x0810b5e8                HAL_TIM_IRQHandler
 *fill*         0x0810b7f6        0x2 
 .text.HAL_TIM_ConfigClockSource
                0x0810b7f8      0x1f0 ./Drivers/STM32H7xx_HAL_Driver/stm32h7xx_hal_tim.o
                0x0810b7f8                HAL_TIM_ConfigClockSource
 .text.HAL_TIM_OC_DelayElapsedCallback
                0x0810b9e8       0x14 ./Drivers/STM32H7xx_HAL_Driver/stm32h7xx_hal_tim.o
                0x0810b9e8                HAL_TIM_OC_DelayElapsedCallback
 .text.HAL_TIM_IC_CaptureCallback
                0x0810b9fc       0x14 ./Drivers/STM32H7xx_HAL_Driver/stm32h7xx_hal_tim.o
                0x0810b9fc                HAL_TIM_IC_CaptureCallback
 .text.HAL_TIM_PWM_PulseFinishedCallback
                0x0810ba10       0x14 ./Drivers/STM32H7xx_HAL_Driver/stm32h7xx_hal_tim.o
                0x0810ba10                HAL_TIM_PWM_PulseFinishedCallback
 .text.HAL_TIM_TriggerCallback
                0x0810ba24       0x14 ./Drivers/STM32H7xx_HAL_Driver/stm32h7xx_hal_tim.o
                0x0810ba24                HAL_TIM_TriggerCallback
 .text.TIM_Base_SetConfig
                0x0810ba38      0x14c ./Drivers/STM32H7xx_HAL_Driver/stm32h7xx_hal_tim.o
                0x0810ba38                TIM_Base_SetConfig
 .text.TIM_TI1_ConfigInputStage
                0x0810bb84       0x5e ./Drivers/STM32H7xx_HAL_Driver/stm32h7xx_hal_tim.o
 .text.TIM_TI2_ConfigInputStage
                0x0810bbe2       0x60 ./Drivers/STM32H7xx_HAL_Driver/stm32h7xx_hal_tim.o
 .text.TIM_ITRx_SetConfig
                0x0810bc42       0x3a ./Drivers/STM32H7xx_HAL_Driver/stm32h7xx_hal_tim.o
 .text.TIM_ETR_SetConfig
                0x0810bc7c       0x40 ./Drivers/STM32H7xx_HAL_Driver/stm32h7xx_hal_tim.o
                0x0810bc7c                TIM_ETR_SetConfig
 .text.HAL_TIMEx_MasterConfigSynchronization
                0x0810bcbc      0x11c ./Drivers/STM32H7xx_HAL_Driver/stm32h7xx_hal_tim_ex.o
                0x0810bcbc                HAL_TIMEx_MasterConfigSynchronization
 .text.HAL_TIMEx_CommutCallback
                0x0810bdd8       0x14 ./Drivers/STM32H7xx_HAL_Driver/stm32h7xx_hal_tim_ex.o
                0x0810bdd8                HAL_TIMEx_CommutCallback
 .text.HAL_TIMEx_BreakCallback
                0x0810bdec       0x14 ./Drivers/STM32H7xx_HAL_Driver/stm32h7xx_hal_tim_ex.o
                0x0810bdec                HAL_TIMEx_BreakCallback
 .text.HAL_TIMEx_Break2Callback
                0x0810be00       0x14 ./Drivers/STM32H7xx_HAL_Driver/stm32h7xx_hal_tim_ex.o
                0x0810be00                HAL_TIMEx_Break2Callback
 .text.memset   0x0810be14       0x10 /opt/st/stm32cubeide_1.16.1/plugins/com.st.stm32cube.ide.mcu.externaltools.gnu-tools-for-stm32.12.3.rel1.linux64_1.0.200.202406132123/tools/bin/../lib/gcc/arm-none-eabi/12.3.1/../../../../arm-none-eabi/lib/thumb/v7e-m+fp/hard/libc_nano.a(libc_a-memset.o)
                0x0810be14                memset
 .text.__errno  0x0810be24        0xc /opt/st/stm32cubeide_1.16.1/plugins/com.st.stm32cube.ide.mcu.externaltools.gnu-tools-for-stm32.12.3.rel1.linux64_1.0.200.202406132123/tools/bin/../lib/gcc/arm-none-eabi/12.3.1/../../../../arm-none-eabi/lib/thumb/v7e-m+fp/hard/libc_nano.a(libc_a-errno.o)
                0x0810be24                __errno
 .text.__libc_init_array
                0x0810be30       0x48 /opt/st/stm32cubeide_1.16.1/plugins/com.st.stm32cube.ide.mcu.externaltools.gnu-tools-for-stm32.12.3.rel1.linux64_1.0.200.202406132123/tools/bin/../lib/gcc/arm-none-eabi/12.3.1/../../../../arm-none-eabi/lib/thumb/v7e-m+fp/hard/libc_nano.a(libc_a-init.o)
                0x0810be30                __libc_init_array
 .text.asin     0x0810be78       0x68 /opt/st/stm32cubeide_1.16.1/plugins/com.st.stm32cube.ide.mcu.externaltools.gnu-tools-for-stm32.12.3.rel1.linux64_1.0.200.202406132123/tools/bin/../lib/gcc/arm-none-eabi/12.3.1/../../../../arm-none-eabi/lib/thumb/v7e-m+fp/hard/libm.a(libm_a-w_asin.o)
                0x0810be78                asin
 .text.atan2    0x0810bee0        0x4 /opt/st/stm32cubeide_1.16.1/plugins/com.st.stm32cube.ide.mcu.externaltools.gnu-tools-for-stm32.12.3.rel1.linux64_1.0.200.202406132123/tools/bin/../lib/gcc/arm-none-eabi/12.3.1/../../../../arm-none-eabi/lib/thumb/v7e-m+fp/hard/libm.a(libm_a-w_atan2.o)
                0x0810bee0                atan2
 .text.sqrt     0x0810bee4       0x58 /opt/st/stm32cubeide_1.16.1/plugins/com.st.stm32cube.ide.mcu.externaltools.gnu-tools-for-stm32.12.3.rel1.linux64_1.0.200.202406132123/tools/bin/../lib/gcc/arm-none-eabi/12.3.1/../../../../arm-none-eabi/lib/thumb/v7e-m+fp/hard/libm.a(libm_a-w_sqrt.o)
                0x0810bee4                sqrt
 .text.fabs     0x0810bf3c       0x10 /opt/st/stm32cubeide_1.16.1/plugins/com.st.stm32cube.ide.mcu.externaltools.gnu-tools-for-stm32.12.3.rel1.linux64_1.0.200.202406132123/tools/bin/../lib/gcc/arm-none-eabi/12.3.1/../../../../arm-none-eabi/lib/thumb/v7e-m+fp/hard/libm.a(libm_a-s_fabs.o)
                0x0810bf3c                fabs
 .text.powf     0x0810bf4c       0xae /opt/st/stm32cubeide_1.16.1/plugins/com.st.stm32cube.ide.mcu.externaltools.gnu-tools-for-stm32.12.3.rel1.linux64_1.0.200.202406132123/tools/bin/../lib/gcc/arm-none-eabi/12.3.1/../../../../arm-none-eabi/lib/thumb/v7e-m+fp/hard/libm.a(libm_a-wf_pow.o)
                0x0810bf4c                powf
 *fill*         0x0810bffa        0x6 
 .text.nan      0x0810c000       0x10 /opt/st/stm32cubeide_1.16.1/plugins/com.st.stm32cube.ide.mcu.externaltools.gnu-tools-for-stm32.12.3.rel1.linux64_1.0.200.202406132123/tools/bin/../lib/gcc/arm-none-eabi/12.3.1/../../../../arm-none-eabi/lib/thumb/v7e-m+fp/hard/libm.a(libm_a-s_nan.o)
                0x0810c000                nan
 .text.finitef  0x0810c010       0x14 /opt/st/stm32cubeide_1.16.1/plugins/com.st.stm32cube.ide.mcu.externaltools.gnu-tools-for-stm32.12.3.rel1.linux64_1.0.200.202406132123/tools/bin/../lib/gcc/arm-none-eabi/12.3.1/../../../../arm-none-eabi/lib/thumb/v7e-m+fp/hard/libm.a(libm_a-sf_finite.o)
                0x0810c010                finitef
 .text.__ieee754_sqrt
                0x0810c024      0x1b4 /opt/st/stm32cubeide_1.16.1/plugins/com.st.stm32cube.ide.mcu.externaltools.gnu-tools-for-stm32.12.3.rel1.linux64_1.0.200.202406132123/tools/bin/../lib/gcc/arm-none-eabi/12.3.1/../../../../arm-none-eabi/lib/thumb/v7e-m+fp/hard/libm.a(libm_a-e_sqrt.o)
                0x0810c024                __ieee754_sqrt
 .text.__ieee754_asin
                0x0810c1d8      0x408 /opt/st/stm32cubeide_1.16.1/plugins/com.st.stm32cube.ide.mcu.externaltools.gnu-tools-for-stm32.12.3.rel1.linux64_1.0.200.202406132123/tools/bin/../lib/gcc/arm-none-eabi/12.3.1/../../../../arm-none-eabi/lib/thumb/v7e-m+fp/hard/libm.a(libm_a-e_asin.o)
                0x0810c1d8                __ieee754_asin
 .text.__ieee754_atan2
                0x0810c5e0      0x18c /opt/st/stm32cubeide_1.16.1/plugins/com.st.stm32cube.ide.mcu.externaltools.gnu-tools-for-stm32.12.3.rel1.linux64_1.0.200.202406132123/tools/bin/../lib/gcc/arm-none-eabi/12.3.1/../../../../arm-none-eabi/lib/thumb/v7e-m+fp/hard/libm.a(libm_a-e_atan2.o)
                0x0810c5e0                __ieee754_atan2
 *fill*         0x0810c76c        0x4 
 .text.atan     0x0810c770      0x330 /opt/st/stm32cubeide_1.16.1/plugins/com.st.stm32cube.ide.mcu.externaltools.gnu-tools-for-stm32.12.3.rel1.linux64_1.0.200.202406132123/tools/bin/../lib/gcc/arm-none-eabi/12.3.1/../../../../arm-none-eabi/lib/thumb/v7e-m+fp/hard/libm.a(libm_a-s_atan.o)
                0x0810c770                atan
 .text.__ieee754_powf
                0x0810caa0      0x5a0 /opt/st/stm32cubeide_1.16.1/plugins/com.st.stm32cube.ide.mcu.externaltools.gnu-tools-for-stm32.12.3.rel1.linux64_1.0.200.202406132123/tools/bin/../lib/gcc/arm-none-eabi/12.3.1/../../../../arm-none-eabi/lib/thumb/v7e-m+fp/hard/libm.a(libm_a-ef_pow.o)
                0x0810caa0                __ieee754_powf
 .text.fabsf    0x0810d040        0xe /opt/st/stm32cubeide_1.16.1/plugins/com.st.stm32cube.ide.mcu.externaltools.gnu-tools-for-stm32.12.3.rel1.linux64_1.0.200.202406132123/tools/bin/../lib/gcc/arm-none-eabi/12.3.1/../../../../arm-none-eabi/lib/thumb/v7e-m+fp/hard/libm.a(libm_a-sf_fabs.o)
                0x0810d040                fabsf
 *fill*         0x0810d04e        0x2 
 .text.scalbnf  0x0810d050       0xcc /opt/st/stm32cubeide_1.16.1/plugins/com.st.stm32cube.ide.mcu.externaltools.gnu-tools-for-stm32.12.3.rel1.linux64_1.0.200.202406132123/tools/bin/../lib/gcc/arm-none-eabi/12.3.1/../../../../arm-none-eabi/lib/thumb/v7e-m+fp/hard/libm.a(libm_a-sf_scalbn.o)
                0x0810d050                scalbnf
 .text.with_errnof
                0x0810d11c       0x1c /opt/st/stm32cubeide_1.16.1/plugins/com.st.stm32cube.ide.mcu.externaltools.gnu-tools-for-stm32.12.3.rel1.linux64_1.0.200.202406132123/tools/bin/../lib/gcc/arm-none-eabi/12.3.1/../../../../arm-none-eabi/lib/thumb/v7e-m+fp/hard/libm.a(libm_a-math_errf.o)
 .text.xflowf   0x0810d138       0x16 /opt/st/stm32cubeide_1.16.1/plugins/com.st.stm32cube.ide.mcu.externaltools.gnu-tools-for-stm32.12.3.rel1.linux64_1.0.200.202406132123/tools/bin/../lib/gcc/arm-none-eabi/12.3.1/../../../../arm-none-eabi/lib/thumb/v7e-m+fp/hard/libm.a(libm_a-math_errf.o)
 *fill*         0x0810d14e        0x2 
 .text.__math_uflowf
                0x0810d150        0xc /opt/st/stm32cubeide_1.16.1/plugins/com.st.stm32cube.ide.mcu.externaltools.gnu-tools-for-stm32.12.3.rel1.linux64_1.0.200.202406132123/tools/bin/../lib/gcc/arm-none-eabi/12.3.1/../../../../arm-none-eabi/lib/thumb/v7e-m+fp/hard/libm.a(libm_a-math_errf.o)
                0x0810d150                __math_uflowf
 .text.__math_oflowf
                0x0810d15c        0xc /opt/st/stm32cubeide_1.16.1/plugins/com.st.stm32cube.ide.mcu.externaltools.gnu-tools-for-stm32.12.3.rel1.linux64_1.0.200.202406132123/tools/bin/../lib/gcc/arm-none-eabi/12.3.1/../../../../arm-none-eabi/lib/thumb/v7e-m+fp/hard/libm.a(libm_a-math_errf.o)
                0x0810d15c                __math_oflowf
 .text.__ieee754_sqrtf
                0x0810d168        0x6 /opt/st/stm32cubeide_1.16.1/plugins/com.st.stm32cube.ide.mcu.externaltools.gnu-tools-for-stm32.12.3.rel1.linux64_1.0.200.202406132123/tools/bin/../lib/gcc/arm-none-eabi/12.3.1/../../../../arm-none-eabi/lib/thumb/v7e-m+fp/hard/libm.a(libm_a-ef_sqrt.o)
                0x0810d168                __ieee754_sqrtf
 *(.glue_7)
 .glue_7        0x0810d16e        0x0 linker stubs
 *(.glue_7t)
 .glue_7t       0x0810d16e        0x0 linker stubs
 *(.eh_frame)
 *fill*         0x0810d16e        0x2 
 .eh_frame      0x0810d170        0x0 /opt/st/stm32cubeide_1.16.1/plugins/com.st.stm32cube.ide.mcu.externaltools.gnu-tools-for-stm32.12.3.rel1.linux64_1.0.200.202406132123/tools/bin/../lib/gcc/arm-none-eabi/12.3.1/thumb/v7e-m+fp/hard/crtbegin.o
 *(.init)
 .init          0x0810d170        0x4 /opt/st/stm32cubeide_1.16.1/plugins/com.st.stm32cube.ide.mcu.externaltools.gnu-tools-for-stm32.12.3.rel1.linux64_1.0.200.202406132123/tools/bin/../lib/gcc/arm-none-eabi/12.3.1/thumb/v7e-m+fp/hard/crti.o
                0x0810d170                _init
 .init          0x0810d174        0x8 /opt/st/stm32cubeide_1.16.1/plugins/com.st.stm32cube.ide.mcu.externaltools.gnu-tools-for-stm32.12.3.rel1.linux64_1.0.200.202406132123/tools/bin/../lib/gcc/arm-none-eabi/12.3.1/thumb/v7e-m+fp/hard/crtn.o
 *(.fini)
 .fini          0x0810d17c        0x4 /opt/st/stm32cubeide_1.16.1/plugins/com.st.stm32cube.ide.mcu.externaltools.gnu-tools-for-stm32.12.3.rel1.linux64_1.0.200.202406132123/tools/bin/../lib/gcc/arm-none-eabi/12.3.1/thumb/v7e-m+fp/hard/crti.o
                0x0810d17c                _fini
 .fini          0x0810d180        0x8 /opt/st/stm32cubeide_1.16.1/plugins/com.st.stm32cube.ide.mcu.externaltools.gnu-tools-for-stm32.12.3.rel1.linux64_1.0.200.202406132123/tools/bin/../lib/gcc/arm-none-eabi/12.3.1/thumb/v7e-m+fp/hard/crtn.o
                0x0810d188                        . = ALIGN (0x4)
                0x0810d188                        _etext = .

.vfp11_veneer   0x0810d188        0x0
 .vfp11_veneer  0x0810d188        0x0 linker stubs

.v4_bx          0x0810d188        0x0
 .v4_bx         0x0810d188        0x0 linker stubs

.iplt           0x0810d188        0x0
 .iplt          0x0810d188        0x0 /opt/st/stm32cubeide_1.16.1/plugins/com.st.stm32cube.ide.mcu.externaltools.gnu-tools-for-stm32.12.3.rel1.linux64_1.0.200.202406132123/tools/bin/../lib/gcc/arm-none-eabi/12.3.1/thumb/v7e-m+fp/hard/crtbegin.o

.rodata         0x0810d188       0xa8
                0x0810d188                        . = ALIGN (0x4)
 *(.rodata)
 *(.rodata*)
 .rodata.D1CorePrescTable
                0x0810d188       0x10 ./Common/Src/system_stm32h7xx_dualcore_boot_cm4_cm7.o
                0x0810d188                D1CorePrescTable
 .rodata.flagBitshiftOffset.0
                0x0810d198        0x8 ./Drivers/STM32H7xx_HAL_Driver/stm32h7xx_hal_dma.o
 .rodata.asin.str1.1
                0x0810d1a0        0x1 /opt/st/stm32cubeide_1.16.1/plugins/com.st.stm32cube.ide.mcu.externaltools.gnu-tools-for-stm32.12.3.rel1.linux64_1.0.200.202406132123/tools/bin/../lib/gcc/arm-none-eabi/12.3.1/../../../../arm-none-eabi/lib/thumb/v7e-m+fp/hard/libm.a(libm_a-w_asin.o)
 *fill*         0x0810d1a1        0x7 
 .rodata.CSWTCH.9
                0x0810d1a8       0x18 /opt/st/stm32cubeide_1.16.1/plugins/com.st.stm32cube.ide.mcu.externaltools.gnu-tools-for-stm32.12.3.rel1.linux64_1.0.200.202406132123/tools/bin/../lib/gcc/arm-none-eabi/12.3.1/../../../../arm-none-eabi/lib/thumb/v7e-m+fp/hard/libm.a(libm_a-e_atan2.o)
 .rodata.CSWTCH.8
                0x0810d1c0       0x18 /opt/st/stm32cubeide_1.16.1/plugins/com.st.stm32cube.ide.mcu.externaltools.gnu-tools-for-stm32.12.3.rel1.linux64_1.0.200.202406132123/tools/bin/../lib/gcc/arm-none-eabi/12.3.1/../../../../arm-none-eabi/lib/thumb/v7e-m+fp/hard/libm.a(libm_a-e_atan2.o)
 .rodata.atanlo
                0x0810d1d8       0x20 /opt/st/stm32cubeide_1.16.1/plugins/com.st.stm32cube.ide.mcu.externaltools.gnu-tools-for-stm32.12.3.rel1.linux64_1.0.200.202406132123/tools/bin/../lib/gcc/arm-none-eabi/12.3.1/../../../../arm-none-eabi/lib/thumb/v7e-m+fp/hard/libm.a(libm_a-s_atan.o)
 .rodata.atanhi
                0x0810d1f8       0x20 /opt/st/stm32cubeide_1.16.1/plugins/com.st.stm32cube.ide.mcu.externaltools.gnu-tools-for-stm32.12.3.rel1.linux64_1.0.200.202406132123/tools/bin/../lib/gcc/arm-none-eabi/12.3.1/../../../../arm-none-eabi/lib/thumb/v7e-m+fp/hard/libm.a(libm_a-s_atan.o)
 .rodata.dp_l   0x0810d218        0x8 /opt/st/stm32cubeide_1.16.1/plugins/com.st.stm32cube.ide.mcu.externaltools.gnu-tools-for-stm32.12.3.rel1.linux64_1.0.200.202406132123/tools/bin/../lib/gcc/arm-none-eabi/12.3.1/../../../../arm-none-eabi/lib/thumb/v7e-m+fp/hard/libm.a(libm_a-ef_pow.o)
 .rodata.dp_h   0x0810d220        0x8 /opt/st/stm32cubeide_1.16.1/plugins/com.st.stm32cube.ide.mcu.externaltools.gnu-tools-for-stm32.12.3.rel1.linux64_1.0.200.202406132123/tools/bin/../lib/gcc/arm-none-eabi/12.3.1/../../../../arm-none-eabi/lib/thumb/v7e-m+fp/hard/libm.a(libm_a-ef_pow.o)
 .rodata.bp     0x0810d228        0x8 /opt/st/stm32cubeide_1.16.1/plugins/com.st.stm32cube.ide.mcu.externaltools.gnu-tools-for-stm32.12.3.rel1.linux64_1.0.200.202406132123/tools/bin/../lib/gcc/arm-none-eabi/12.3.1/../../../../arm-none-eabi/lib/thumb/v7e-m+fp/hard/libm.a(libm_a-ef_pow.o)
                0x0810d230                        . = ALIGN (0x4)

.ARM.extab
 *(.ARM.extab* .gnu.linkonce.armextab.*)

.ARM            0x0810d230        0x0
                0x0810d230                        __exidx_start = .
 *(.ARM.exidx*)
                0x0810d230                        __exidx_end = .

.preinit_array  0x0810d230        0x0
                0x0810d230                        PROVIDE (__preinit_array_start = .)
 *(.preinit_array*)
                0x0810d230                        PROVIDE (__preinit_array_end = .)

.init_array     0x0810d230        0x4
                0x0810d230                        PROVIDE (__init_array_start = .)
 *(SORT_BY_NAME(.init_array.*))
 *(.init_array*)
 .init_array    0x0810d230        0x4 /opt/st/stm32cubeide_1.16.1/plugins/com.st.stm32cube.ide.mcu.externaltools.gnu-tools-for-stm32.12.3.rel1.linux64_1.0.200.202406132123/tools/bin/../lib/gcc/arm-none-eabi/12.3.1/thumb/v7e-m+fp/hard/crtbegin.o
                0x0810d234                        PROVIDE (__init_array_end = .)

.fini_array     0x0810d234        0x4
                [!provide]                        PROVIDE (__fini_array_start = .)
 *(SORT_BY_NAME(.fini_array.*))
 *(.fini_array*)
 .fini_array    0x0810d234        0x4 /opt/st/stm32cubeide_1.16.1/plugins/com.st.stm32cube.ide.mcu.externaltools.gnu-tools-for-stm32.12.3.rel1.linux64_1.0.200.202406132123/tools/bin/../lib/gcc/arm-none-eabi/12.3.1/thumb/v7e-m+fp/hard/crtbegin.o
                [!provide]                        PROVIDE (__fini_array_end = .)
                0x0810d238                        _sidata = LOADADDR (.data)

.rel.dyn        0x0810d238        0x0
 .rel.iplt      0x0810d238        0x0 /opt/st/stm32cubeide_1.16.1/plugins/com.st.stm32cube.ide.mcu.externaltools.gnu-tools-for-stm32.12.3.rel1.linux64_1.0.200.202406132123/tools/bin/../lib/gcc/arm-none-eabi/12.3.1/thumb/v7e-m+fp/hard/crtbegin.o

.data           0x10000000       0x90 load address 0x0810d238
                0x10000000                        . = ALIGN (0x4)
                0x10000000                        _sdata = .
 *(.data)
 *(.data*)
 .data.BNO055_off
                0x10000000       0x16 ./Common/BNO055_I2C/BNO055_config.o
                0x10000000                BNO055_off
 .data.rotationVector_Q1
                0x10000016        0x2 ./Common/BNO086_SPI/BNO086_SPI.o
                0x10000016                rotationVector_Q1
 .data.accelerometer_Q1
                0x10000018        0x2 ./Common/BNO086_SPI/BNO086_SPI.o
                0x10000018                accelerometer_Q1
 .data.linear_accelerometer_Q1
                0x1000001a        0x2 ./Common/BNO086_SPI/BNO086_SPI.o
                0x1000001a                linear_accelerometer_Q1
 .data.gyro_Q1  0x1000001c        0x2 ./Common/BNO086_SPI/BNO086_SPI.o
                0x1000001c                gyro_Q1
 .data.magnetometer_Q1
                0x1000001e        0x2 ./Common/BNO086_SPI/BNO086_SPI.o
                0x1000001e                magnetometer_Q1
 .data.SystemCoreClock
                0x10000020        0x4 ./Common/Src/system_stm32h7xx_dualcore_boot_cm4_cm7.o
                0x10000020                SystemCoreClock
 .data.SystemD2Clock
                0x10000024        0x4 ./Common/Src/system_stm32h7xx_dualcore_boot_cm4_cm7.o
                0x10000024                SystemD2Clock
 .data.uwTickPrio
                0x10000028        0x4 ./Drivers/STM32H7xx_HAL_Driver/stm32h7xx_hal.o
                0x10000028                uwTickPrio
 .data.uwTickFreq
                0x1000002c        0x1 ./Drivers/STM32H7xx_HAL_Driver/stm32h7xx_hal.o
                0x1000002c                uwTickFreq
 *fill*         0x1000002d        0x3 
 .data._impure_ptr
                0x10000030        0x4 /opt/st/stm32cubeide_1.16.1/plugins/com.st.stm32cube.ide.mcu.externaltools.gnu-tools-for-stm32.12.3.rel1.linux64_1.0.200.202406132123/tools/bin/../lib/gcc/arm-none-eabi/12.3.1/../../../../arm-none-eabi/lib/thumb/v7e-m+fp/hard/libc_nano.a(libc_a-impure.o)
                0x10000030                _impure_ptr
 .data._impure_data
                0x10000034       0x4c /opt/st/stm32cubeide_1.16.1/plugins/com.st.stm32cube.ide.mcu.externaltools.gnu-tools-for-stm32.12.3.rel1.linux64_1.0.200.202406132123/tools/bin/../lib/gcc/arm-none-eabi/12.3.1/../../../../arm-none-eabi/lib/thumb/v7e-m+fp/hard/libc_nano.a(libc_a-impure.o)
                0x10000034                _impure_data
 .data.tiny     0x10000080        0x8 /opt/st/stm32cubeide_1.16.1/plugins/com.st.stm32cube.ide.mcu.externaltools.gnu-tools-for-stm32.12.3.rel1.linux64_1.0.200.202406132123/tools/bin/../lib/gcc/arm-none-eabi/12.3.1/../../../../arm-none-eabi/lib/thumb/v7e-m+fp/hard/libm.a(libm_a-e_sqrt.o)
 .data.one      0x10000088        0x8 /opt/st/stm32cubeide_1.16.1/plugins/com.st.stm32cube.ide.mcu.externaltools.gnu-tools-for-stm32.12.3.rel1.linux64_1.0.200.202406132123/tools/bin/../lib/gcc/arm-none-eabi/12.3.1/../../../../arm-none-eabi/lib/thumb/v7e-m+fp/hard/libm.a(libm_a-e_sqrt.o)
 *(.RamFunc)
 *(.RamFunc*)
                0x10000090                        . = ALIGN (0x4)
                0x10000090                        _edata = .

.igot.plt       0x10000090        0x0 load address 0x0810d2c8
 .igot.plt      0x10000090        0x0 /opt/st/stm32cubeide_1.16.1/plugins/com.st.stm32cube.ide.mcu.externaltools.gnu-tools-for-stm32.12.3.rel1.linux64_1.0.200.202406132123/tools/bin/../lib/gcc/arm-none-eabi/12.3.1/thumb/v7e-m+fp/hard/crtbegin.o
                0x10000090                        . = ALIGN (0x4)

.bss            0x10000090      0x580 load address 0x0810d2c8
                0x10000090                        _sbss = .
                0x10000090                        __bss_start__ = _sbss
 *(.bss)
 .bss           0x10000090       0x1c /opt/st/stm32cubeide_1.16.1/plugins/com.st.stm32cube.ide.mcu.externaltools.gnu-tools-for-stm32.12.3.rel1.linux64_1.0.200.202406132123/tools/bin/../lib/gcc/arm-none-eabi/12.3.1/thumb/v7e-m+fp/hard/crtbegin.o
 *(.bss*)
 .bss.shtpHeader
                0x100000ac        0x4 ./Common/BNO086_SPI/BNO086_SPI.o
                0x100000ac                shtpHeader
 .bss.shtpData  0x100000b0       0x80 ./Common/BNO086_SPI/BNO086_SPI.o
                0x100000b0                shtpData
 .bss.sequenceNumber
                0x10000130        0x6 ./Common/BNO086_SPI/BNO086_SPI.o
                0x10000130                sequenceNumber
 .bss.commandSequenceNumber
                0x10000136        0x1 ./Common/BNO086_SPI/BNO086_SPI.o
                0x10000136                commandSequenceNumber
 *fill*         0x10000137        0x1 
 .bss.rawAccelX
                0x10000138        0x2 ./Common/BNO086_SPI/BNO086_SPI.o
                0x10000138                rawAccelX
 .bss.rawAccelY
                0x1000013a        0x2 ./Common/BNO086_SPI/BNO086_SPI.o
                0x1000013a                rawAccelY
 .bss.rawAccelZ
                0x1000013c        0x2 ./Common/BNO086_SPI/BNO086_SPI.o
                0x1000013c                rawAccelZ
 .bss.accelAccuracy
                0x1000013e        0x2 ./Common/BNO086_SPI/BNO086_SPI.o
                0x1000013e                accelAccuracy
 .bss.rawLinAccelX
                0x10000140        0x2 ./Common/BNO086_SPI/BNO086_SPI.o
                0x10000140                rawLinAccelX
 .bss.rawLinAccelY
                0x10000142        0x2 ./Common/BNO086_SPI/BNO086_SPI.o
                0x10000142                rawLinAccelY
 .bss.rawLinAccelZ
                0x10000144        0x2 ./Common/BNO086_SPI/BNO086_SPI.o
                0x10000144                rawLinAccelZ
 .bss.accelLinAccuracy
                0x10000146        0x2 ./Common/BNO086_SPI/BNO086_SPI.o
                0x10000146                accelLinAccuracy
 .bss.rawGyroX  0x10000148        0x2 ./Common/BNO086_SPI/BNO086_SPI.o
                0x10000148                rawGyroX
 .bss.rawGyroY  0x1000014a        0x2 ./Common/BNO086_SPI/BNO086_SPI.o
                0x1000014a                rawGyroY
 .bss.rawGyroZ  0x1000014c        0x2 ./Common/BNO086_SPI/BNO086_SPI.o
                0x1000014c                rawGyroZ
 .bss.gyroAccuracy
                0x1000014e        0x2 ./Common/BNO086_SPI/BNO086_SPI.o
                0x1000014e                gyroAccuracy
 .bss.rawMagX   0x10000150        0x2 ./Common/BNO086_SPI/BNO086_SPI.o
                0x10000150                rawMagX
 .bss.rawMagY   0x10000152        0x2 ./Common/BNO086_SPI/BNO086_SPI.o
                0x10000152                rawMagY
 .bss.rawMagZ   0x10000154        0x2 ./Common/BNO086_SPI/BNO086_SPI.o
                0x10000154                rawMagZ
 .bss.magAccuracy
                0x10000156        0x2 ./Common/BNO086_SPI/BNO086_SPI.o
                0x10000156                magAccuracy
 .bss.rawQuatI  0x10000158        0x2 ./Common/BNO086_SPI/BNO086_SPI.o
                0x10000158                rawQuatI
 .bss.rawQuatJ  0x1000015a        0x2 ./Common/BNO086_SPI/BNO086_SPI.o
                0x1000015a                rawQuatJ
 .bss.rawQuatK  0x1000015c        0x2 ./Common/BNO086_SPI/BNO086_SPI.o
                0x1000015c                rawQuatK
 .bss.rawQuatReal
                0x1000015e        0x2 ./Common/BNO086_SPI/BNO086_SPI.o
                0x1000015e                rawQuatReal
 .bss.rawQuatRadianAccuracy
                0x10000160        0x2 ./Common/BNO086_SPI/BNO086_SPI.o
                0x10000160                rawQuatRadianAccuracy
 .bss.quatAccuracy
                0x10000162        0x2 ./Common/BNO086_SPI/BNO086_SPI.o
                0x10000162                quatAccuracy
 .bss.stepCount
                0x10000164        0x2 ./Common/BNO086_SPI/BNO086_SPI.o
                0x10000164                stepCount
 *fill*         0x10000166        0x2 
 .bss.timeStamp
                0x10000168        0x4 ./Common/BNO086_SPI/BNO086_SPI.o
                0x10000168                timeStamp
 .bss.stabilityClassifier
                0x1000016c        0x1 ./Common/BNO086_SPI/BNO086_SPI.o
                0x1000016c                stabilityClassifier
 .bss.activityClassifier
                0x1000016d        0x1 ./Common/BNO086_SPI/BNO086_SPI.o
                0x1000016d                activityClassifier
 *fill*         0x1000016e        0x2 
 .bss._activityConfidences
                0x10000170        0x4 ./Common/BNO086_SPI/BNO086_SPI.o
                0x10000170                _activityConfidences
 .bss.calibrationStatus
                0x10000174        0x1 ./Common/BNO086_SPI/BNO086_SPI.o
                0x10000174                calibrationStatus
 .bss.receivedData
                0x10000175        0x1 ./Common/BNO086_SPI/BNO086_SPI.o
                0x10000175                receivedData
 .bss.mode      0x10000176        0x2 ./Common/BNO086_SPI/BNO086_SPI.o
                0x10000176                mode
 .bss.accuracy  0x10000178        0x1 ./Common/BNO086_SPI/BNO086_SPI.o
                0x10000178                accuracy
 .bss.sensorAccuracy
                0x10000179        0x1 ./Common/BNO086_SPI/BNO086_SPI.o
                0x10000179                sensorAccuracy
 .bss.accuracyQuat
                0x1000017a        0x1 ./Common/BNO086_SPI/BNO086_SPI.o
                0x1000017a                accuracyQuat
 .bss.accuracyAccel
                0x1000017b        0x1 ./Common/BNO086_SPI/BNO086_SPI.o
                0x1000017b                accuracyAccel
 .bss.accuracyGyro
                0x1000017c        0x1 ./Common/BNO086_SPI/BNO086_SPI.o
                0x1000017c                accuracyGyro
 .bss.accuracyMag
                0x1000017d        0x1 ./Common/BNO086_SPI/BNO086_SPI.o
                0x1000017d                accuracyMag
 *fill*         0x1000017e        0x2 
 .bss.hi2c1     0x10000180       0x54 ./Core/Src/i2c.o
                0x10000180                hi2c1
 .bss.hdma_i2c1_tx
                0x100001d4       0x78 ./Core/Src/i2c.o
                0x100001d4                hdma_i2c1_tx
 .bss.hdma_i2c1_rx
                0x1000024c       0x78 ./Core/Src/i2c.o
                0x1000024c                hdma_i2c1_rx
 .bss.BNO086    0x100002c4       0x4c ./Core/Src/main.o
                0x100002c4                BNO086
 .bss.CALIBRATE
                0x10000310        0x5 ./Core/Src/main.o
                0x10000310                CALIBRATE
 *fill*         0x10000315        0x3 
 .bss.BNO055    0x10000318       0xe8 ./Core/Src/main.o
                0x10000318                BNO055
 .bss.hspi1     0x10000400       0x88 ./Core/Src/spi.o
                0x10000400                hspi1
 .bss.htim2     0x10000488       0x4c ./Core/Src/tim.o
                0x10000488                htim2
 .bss.uwTick    0x100004d4        0x4 ./Drivers/STM32H7xx_HAL_Driver/stm32h7xx_hal.o
                0x100004d4                uwTick
 .bss.__sf      0x100004d8      0x138 /opt/st/stm32cubeide_1.16.1/plugins/com.st.stm32cube.ide.mcu.externaltools.gnu-tools-for-stm32.12.3.rel1.linux64_1.0.200.202406132123/tools/bin/../lib/gcc/arm-none-eabi/12.3.1/../../../../arm-none-eabi/lib/thumb/v7e-m+fp/hard/libc_nano.a(libc_a-findfp.o)
                0x100004d8                __sf
 *(COMMON)
                0x10000610                        . = ALIGN (0x4)
                0x10000610                        _ebss = .
                0x10000610                        __bss_end__ = _ebss

._user_heap_stack
                0x10000610      0x600 load address 0x0810d2c8
                0x10000610                        . = ALIGN (0x8)
                [!provide]                        PROVIDE (end = .)
                0x10000610                        PROVIDE (_end = .)
                0x10000810                        . = (. + _Min_Heap_Size)
 *fill*         0x10000610      0x200 
                0x10000c10                        . = (. + _Min_Stack_Size)
 *fill*         0x10000810      0x400 
                0x10000c10                        . = ALIGN (0x8)

/DISCARD/
 libc.a(*)
 libm.a(*)
 libgcc.a(*)

.ARM.attributes
                0x00000000       0x30
 *(.ARM.attributes)
 .ARM.attributes
                0x00000000       0x22 /opt/st/stm32cubeide_1.16.1/plugins/com.st.stm32cube.ide.mcu.externaltools.gnu-tools-for-stm32.12.3.rel1.linux64_1.0.200.202406132123/tools/bin/../lib/gcc/arm-none-eabi/12.3.1/thumb/v7e-m+fp/hard/crti.o
 .ARM.attributes
                0x00000022       0x34 /opt/st/stm32cubeide_1.16.1/plugins/com.st.stm32cube.ide.mcu.externaltools.gnu-tools-for-stm32.12.3.rel1.linux64_1.0.200.202406132123/tools/bin/../lib/gcc/arm-none-eabi/12.3.1/thumb/v7e-m+fp/hard/crtbegin.o
 .ARM.attributes
                0x00000056       0x34 ./Common/BNO055_I2C/BNO055.o
 .ARM.attributes
                0x0000008a       0x34 ./Common/BNO055_I2C/BNO055_config.o
 .ARM.attributes
                0x000000be       0x34 ./Common/BNO086_SPI/BNO086_SPI.o
 .ARM.attributes
                0x000000f2       0x34 ./Common/Src/system_stm32h7xx_dualcore_boot_cm4_cm7.o
 .ARM.attributes
                0x00000126       0x34 ./Core/Src/dma.o
 .ARM.attributes
                0x0000015a       0x34 ./Core/Src/gpio.o
 .ARM.attributes
                0x0000018e       0x34 ./Core/Src/i2c.o
 .ARM.attributes
                0x000001c2       0x34 ./Core/Src/main.o
 .ARM.attributes
                0x000001f6       0x34 ./Core/Src/spi.o
 .ARM.attributes
                0x0000022a       0x34 ./Core/Src/stm32h7xx_hal_msp.o
 .ARM.attributes
                0x0000025e       0x34 ./Core/Src/stm32h7xx_it.o
 .ARM.attributes
                0x00000292       0x34 ./Core/Src/tim.o
 .ARM.attributes
                0x000002c6       0x21 ./Core/Startup/startup_stm32h745zitx.o
 .ARM.attributes
                0x000002e7       0x34 ./Drivers/STM32H7xx_HAL_Driver/stm32h7xx_hal.o
 .ARM.attributes
                0x0000031b       0x34 ./Drivers/STM32H7xx_HAL_Driver/stm32h7xx_hal_cortex.o
 .ARM.attributes
                0x0000034f       0x34 ./Drivers/STM32H7xx_HAL_Driver/stm32h7xx_hal_dma.o
 .ARM.attributes
                0x00000383       0x34 ./Drivers/STM32H7xx_HAL_Driver/stm32h7xx_hal_gpio.o
 .ARM.attributes
                0x000003b7       0x34 ./Drivers/STM32H7xx_HAL_Driver/stm32h7xx_hal_hsem.o
 .ARM.attributes
                0x000003eb       0x34 ./Drivers/STM32H7xx_HAL_Driver/stm32h7xx_hal_i2c.o
 .ARM.attributes
                0x0000041f       0x34 ./Drivers/STM32H7xx_HAL_Driver/stm32h7xx_hal_i2c_ex.o
 .ARM.attributes
                0x00000453       0x34 ./Drivers/STM32H7xx_HAL_Driver/stm32h7xx_hal_pwr_ex.o
 .ARM.attributes
                0x00000487       0x34 ./Drivers/STM32H7xx_HAL_Driver/stm32h7xx_hal_rcc.o
 .ARM.attributes
                0x000004bb       0x34 ./Drivers/STM32H7xx_HAL_Driver/stm32h7xx_hal_rcc_ex.o
 .ARM.attributes
                0x000004ef       0x34 ./Drivers/STM32H7xx_HAL_Driver/stm32h7xx_hal_spi.o
 .ARM.attributes
                0x00000523       0x34 ./Drivers/STM32H7xx_HAL_Driver/stm32h7xx_hal_tim.o
 .ARM.attributes
                0x00000557       0x34 ./Drivers/STM32H7xx_HAL_Driver/stm32h7xx_hal_tim_ex.o
 .ARM.attributes
                0x0000058b       0x34 /opt/st/stm32cubeide_1.16.1/plugins/com.st.stm32cube.ide.mcu.externaltools.gnu-tools-for-stm32.12.3.rel1.linux64_1.0.200.202406132123/tools/bin/../lib/gcc/arm-none-eabi/12.3.1/../../../../arm-none-eabi/lib/thumb/v7e-m+fp/hard/libc_nano.a(libc_a-findfp.o)
 .ARM.attributes
                0x000005bf       0x34 /opt/st/stm32cubeide_1.16.1/plugins/com.st.stm32cube.ide.mcu.externaltools.gnu-tools-for-stm32.12.3.rel1.linux64_1.0.200.202406132123/tools/bin/../lib/gcc/arm-none-eabi/12.3.1/../../../../arm-none-eabi/lib/thumb/v7e-m+fp/hard/libc_nano.a(libc_a-memset.o)
 .ARM.attributes
                0x000005f3       0x34 /opt/st/stm32cubeide_1.16.1/plugins/com.st.stm32cube.ide.mcu.externaltools.gnu-tools-for-stm32.12.3.rel1.linux64_1.0.200.202406132123/tools/bin/../lib/gcc/arm-none-eabi/12.3.1/../../../../arm-none-eabi/lib/thumb/v7e-m+fp/hard/libc_nano.a(libc_a-impure.o)
 .ARM.attributes
                0x00000627       0x34 /opt/st/stm32cubeide_1.16.1/plugins/com.st.stm32cube.ide.mcu.externaltools.gnu-tools-for-stm32.12.3.rel1.linux64_1.0.200.202406132123/tools/bin/../lib/gcc/arm-none-eabi/12.3.1/../../../../arm-none-eabi/lib/thumb/v7e-m+fp/hard/libc_nano.a(libc_a-errno.o)
 .ARM.attributes
                0x0000065b       0x34 /opt/st/stm32cubeide_1.16.1/plugins/com.st.stm32cube.ide.mcu.externaltools.gnu-tools-for-stm32.12.3.rel1.linux64_1.0.200.202406132123/tools/bin/../lib/gcc/arm-none-eabi/12.3.1/../../../../arm-none-eabi/lib/thumb/v7e-m+fp/hard/libc_nano.a(libc_a-init.o)
 .ARM.attributes
                0x0000068f       0x34 /opt/st/stm32cubeide_1.16.1/plugins/com.st.stm32cube.ide.mcu.externaltools.gnu-tools-for-stm32.12.3.rel1.linux64_1.0.200.202406132123/tools/bin/../lib/gcc/arm-none-eabi/12.3.1/../../../../arm-none-eabi/lib/thumb/v7e-m+fp/hard/libm.a(libm_a-w_asin.o)
 .ARM.attributes
                0x000006c3       0x34 /opt/st/stm32cubeide_1.16.1/plugins/com.st.stm32cube.ide.mcu.externaltools.gnu-tools-for-stm32.12.3.rel1.linux64_1.0.200.202406132123/tools/bin/../lib/gcc/arm-none-eabi/12.3.1/../../../../arm-none-eabi/lib/thumb/v7e-m+fp/hard/libm.a(libm_a-w_atan2.o)
 .ARM.attributes
                0x000006f7       0x34 /opt/st/stm32cubeide_1.16.1/plugins/com.st.stm32cube.ide.mcu.externaltools.gnu-tools-for-stm32.12.3.rel1.linux64_1.0.200.202406132123/tools/bin/../lib/gcc/arm-none-eabi/12.3.1/../../../../arm-none-eabi/lib/thumb/v7e-m+fp/hard/libm.a(libm_a-w_sqrt.o)
 .ARM.attributes
                0x0000072b       0x34 /opt/st/stm32cubeide_1.16.1/plugins/com.st.stm32cube.ide.mcu.externaltools.gnu-tools-for-stm32.12.3.rel1.linux64_1.0.200.202406132123/tools/bin/../lib/gcc/arm-none-eabi/12.3.1/../../../../arm-none-eabi/lib/thumb/v7e-m+fp/hard/libm.a(libm_a-s_fabs.o)
 .ARM.attributes
                0x0000075f       0x34 /opt/st/stm32cubeide_1.16.1/plugins/com.st.stm32cube.ide.mcu.externaltools.gnu-tools-for-stm32.12.3.rel1.linux64_1.0.200.202406132123/tools/bin/../lib/gcc/arm-none-eabi/12.3.1/../../../../arm-none-eabi/lib/thumb/v7e-m+fp/hard/libm.a(libm_a-wf_pow.o)
 .ARM.attributes
                0x00000793       0x34 /opt/st/stm32cubeide_1.16.1/plugins/com.st.stm32cube.ide.mcu.externaltools.gnu-tools-for-stm32.12.3.rel1.linux64_1.0.200.202406132123/tools/bin/../lib/gcc/arm-none-eabi/12.3.1/../../../../arm-none-eabi/lib/thumb/v7e-m+fp/hard/libm.a(libm_a-s_nan.o)
 .ARM.attributes
                0x000007c7       0x34 /opt/st/stm32cubeide_1.16.1/plugins/com.st.stm32cube.ide.mcu.externaltools.gnu-tools-for-stm32.12.3.rel1.linux64_1.0.200.202406132123/tools/bin/../lib/gcc/arm-none-eabi/12.3.1/../../../../arm-none-eabi/lib/thumb/v7e-m+fp/hard/libm.a(libm_a-sf_finite.o)
 .ARM.attributes
                0x000007fb       0x34 /opt/st/stm32cubeide_1.16.1/plugins/com.st.stm32cube.ide.mcu.externaltools.gnu-tools-for-stm32.12.3.rel1.linux64_1.0.200.202406132123/tools/bin/../lib/gcc/arm-none-eabi/12.3.1/../../../../arm-none-eabi/lib/thumb/v7e-m+fp/hard/libm.a(libm_a-e_sqrt.o)
 .ARM.attributes
                0x0000082f       0x34 /opt/st/stm32cubeide_1.16.1/plugins/com.st.stm32cube.ide.mcu.externaltools.gnu-tools-for-stm32.12.3.rel1.linux64_1.0.200.202406132123/tools/bin/../lib/gcc/arm-none-eabi/12.3.1/../../../../arm-none-eabi/lib/thumb/v7e-m+fp/hard/libm.a(libm_a-e_asin.o)
 .ARM.attributes
                0x00000863       0x34 /opt/st/stm32cubeide_1.16.1/plugins/com.st.stm32cube.ide.mcu.externaltools.gnu-tools-for-stm32.12.3.rel1.linux64_1.0.200.202406132123/tools/bin/../lib/gcc/arm-none-eabi/12.3.1/../../../../arm-none-eabi/lib/thumb/v7e-m+fp/hard/libm.a(libm_a-e_atan2.o)
 .ARM.attributes
                0x00000897       0x34 /opt/st/stm32cubeide_1.16.1/plugins/com.st.stm32cube.ide.mcu.externaltools.gnu-tools-for-stm32.12.3.rel1.linux64_1.0.200.202406132123/tools/bin/../lib/gcc/arm-none-eabi/12.3.1/../../../../arm-none-eabi/lib/thumb/v7e-m+fp/hard/libm.a(libm_a-s_atan.o)
 .ARM.attributes
                0x000008cb       0x34 /opt/st/stm32cubeide_1.16.1/plugins/com.st.stm32cube.ide.mcu.externaltools.gnu-tools-for-stm32.12.3.rel1.linux64_1.0.200.202406132123/tools/bin/../lib/gcc/arm-none-eabi/12.3.1/../../../../arm-none-eabi/lib/thumb/v7e-m+fp/hard/libm.a(libm_a-ef_pow.o)
 .ARM.attributes
                0x000008ff       0x34 /opt/st/stm32cubeide_1.16.1/plugins/com.st.stm32cube.ide.mcu.externaltools.gnu-tools-for-stm32.12.3.rel1.linux64_1.0.200.202406132123/tools/bin/../lib/gcc/arm-none-eabi/12.3.1/../../../../arm-none-eabi/lib/thumb/v7e-m+fp/hard/libm.a(libm_a-sf_fabs.o)
 .ARM.attributes
                0x00000933       0x34 /opt/st/stm32cubeide_1.16.1/plugins/com.st.stm32cube.ide.mcu.externaltools.gnu-tools-for-stm32.12.3.rel1.linux64_1.0.200.202406132123/tools/bin/../lib/gcc/arm-none-eabi/12.3.1/../../../../arm-none-eabi/lib/thumb/v7e-m+fp/hard/libm.a(libm_a-sf_scalbn.o)
 .ARM.attributes
                0x00000967       0x34 /opt/st/stm32cubeide_1.16.1/plugins/com.st.stm32cube.ide.mcu.externaltools.gnu-tools-for-stm32.12.3.rel1.linux64_1.0.200.202406132123/tools/bin/../lib/gcc/arm-none-eabi/12.3.1/../../../../arm-none-eabi/lib/thumb/v7e-m+fp/hard/libm.a(libm_a-math_errf.o)
 .ARM.attributes
                0x0000099b       0x34 /opt/st/stm32cubeide_1.16.1/plugins/com.st.stm32cube.ide.mcu.externaltools.gnu-tools-for-stm32.12.3.rel1.linux64_1.0.200.202406132123/tools/bin/../lib/gcc/arm-none-eabi/12.3.1/../../../../arm-none-eabi/lib/thumb/v7e-m+fp/hard/libm.a(libm_a-ef_sqrt.o)
 .ARM.attributes
                0x000009cf       0x22 /opt/st/stm32cubeide_1.16.1/plugins/com.st.stm32cube.ide.mcu.externaltools.gnu-tools-for-stm32.12.3.rel1.linux64_1.0.200.202406132123/tools/bin/../lib/gcc/arm-none-eabi/12.3.1/thumb/v7e-m+fp/hard/libgcc.a(_arm_addsubdf3.o)
 .ARM.attributes
                0x000009f1       0x22 /opt/st/stm32cubeide_1.16.1/plugins/com.st.stm32cube.ide.mcu.externaltools.gnu-tools-for-stm32.12.3.rel1.linux64_1.0.200.202406132123/tools/bin/../lib/gcc/arm-none-eabi/12.3.1/thumb/v7e-m+fp/hard/libgcc.a(_arm_muldivdf3.o)
 .ARM.attributes
                0x00000a13       0x22 /opt/st/stm32cubeide_1.16.1/plugins/com.st.stm32cube.ide.mcu.externaltools.gnu-tools-for-stm32.12.3.rel1.linux64_1.0.200.202406132123/tools/bin/../lib/gcc/arm-none-eabi/12.3.1/thumb/v7e-m+fp/hard/libgcc.a(_arm_cmpdf2.o)
 .ARM.attributes
                0x00000a35       0x22 /opt/st/stm32cubeide_1.16.1/plugins/com.st.stm32cube.ide.mcu.externaltools.gnu-tools-for-stm32.12.3.rel1.linux64_1.0.200.202406132123/tools/bin/../lib/gcc/arm-none-eabi/12.3.1/thumb/v7e-m+fp/hard/libgcc.a(_arm_unorddf2.o)
 .ARM.attributes
                0x00000a57       0x22 /opt/st/stm32cubeide_1.16.1/plugins/com.st.stm32cube.ide.mcu.externaltools.gnu-tools-for-stm32.12.3.rel1.linux64_1.0.200.202406132123/tools/bin/../lib/gcc/arm-none-eabi/12.3.1/thumb/v7e-m+fp/hard/libgcc.a(_arm_truncdfsf2.o)
 .ARM.attributes
                0x00000a79       0x22 /opt/st/stm32cubeide_1.16.1/plugins/com.st.stm32cube.ide.mcu.externaltools.gnu-tools-for-stm32.12.3.rel1.linux64_1.0.200.202406132123/tools/bin/../lib/gcc/arm-none-eabi/12.3.1/thumb/v7e-m+fp/hard/crtn.o
OUTPUT(BNO086_BNO055_UROS_UART_CM4.elf elf32-littlearm)
LOAD linker stubs
LOAD /opt/st/stm32cubeide_1.16.1/plugins/com.st.stm32cube.ide.mcu.externaltools.gnu-tools-for-stm32.12.3.rel1.linux64_1.0.200.202406132123/tools/bin/../lib/gcc/arm-none-eabi/12.3.1/../../../../arm-none-eabi/lib/thumb/v7e-m+fp/hard/libc.a
LOAD /opt/st/stm32cubeide_1.16.1/plugins/com.st.stm32cube.ide.mcu.externaltools.gnu-tools-for-stm32.12.3.rel1.linux64_1.0.200.202406132123/tools/bin/../lib/gcc/arm-none-eabi/12.3.1/../../../../arm-none-eabi/lib/thumb/v7e-m+fp/hard/libm.a
LOAD /opt/st/stm32cubeide_1.16.1/plugins/com.st.stm32cube.ide.mcu.externaltools.gnu-tools-for-stm32.12.3.rel1.linux64_1.0.200.202406132123/tools/bin/../lib/gcc/arm-none-eabi/12.3.1/thumb/v7e-m+fp/hard/libgcc.a

.debug_info     0x00000000    0x1a6e2
 .debug_info    0x00000000     0x1056 ./Common/BNO055_I2C/BNO055.o
 .debug_info    0x00001056      0x1f9 ./Common/BNO055_I2C/BNO055_config.o
 .debug_info    0x0000124f     0x1c9f ./Common/BNO086_SPI/BNO086_SPI.o
 .debug_info    0x00002eee      0x761 ./Common/Src/system_stm32h7xx_dualcore_boot_cm4_cm7.o
 .debug_info    0x0000364f      0x841 ./Core/Src/dma.o
 .debug_info    0x00003e90      0x62f ./Core/Src/gpio.o
 .debug_info    0x000044bf     0x14a1 ./Core/Src/i2c.o
 .debug_info    0x00005960     0x1a47 ./Core/Src/main.o
 .debug_info    0x000073a7     0x10a8 ./Core/Src/spi.o
 .debug_info    0x0000844f      0x841 ./Core/Src/stm32h7xx_hal_msp.o
 .debug_info    0x00008c90      0xc0a ./Core/Src/stm32h7xx_it.o
 .debug_info    0x0000989a     0x10ce ./Core/Src/tim.o
 .debug_info    0x0000a968       0x30 ./Core/Startup/startup_stm32h745zitx.o
 .debug_info    0x0000a998     0x17b0 ./Drivers/STM32H7xx_HAL_Driver/stm32h7xx_hal.o
 .debug_info    0x0000c148      0xf27 ./Drivers/STM32H7xx_HAL_Driver/stm32h7xx_hal_cortex.o
 .debug_info    0x0000d06f      0xc39 ./Drivers/STM32H7xx_HAL_Driver/stm32h7xx_hal_dma.o
 .debug_info    0x0000dca8      0xcf7 ./Drivers/STM32H7xx_HAL_Driver/stm32h7xx_hal_gpio.o
 .debug_info    0x0000e99f      0x3d3 ./Drivers/STM32H7xx_HAL_Driver/stm32h7xx_hal_hsem.o
 .debug_info    0x0000ed72     0x22a1 ./Drivers/STM32H7xx_HAL_Driver/stm32h7xx_hal_i2c.o
 .debug_info    0x00011013      0xd84 ./Drivers/STM32H7xx_HAL_Driver/stm32h7xx_hal_i2c_ex.o
 .debug_info    0x00011d97     0x1026 ./Drivers/STM32H7xx_HAL_Driver/stm32h7xx_hal_pwr_ex.o
 .debug_info    0x00012dbd      0xe58 ./Drivers/STM32H7xx_HAL_Driver/stm32h7xx_hal_rcc.o
 .debug_info    0x00013c15     0x12f4 ./Drivers/STM32H7xx_HAL_Driver/stm32h7xx_hal_rcc_ex.o
 .debug_info    0x00014f09     0x1440 ./Drivers/STM32H7xx_HAL_Driver/stm32h7xx_hal_spi.o
 .debug_info    0x00016349     0x2bae ./Drivers/STM32H7xx_HAL_Driver/stm32h7xx_hal_tim.o
 .debug_info    0x00018ef7     0x17eb ./Drivers/STM32H7xx_HAL_Driver/stm32h7xx_hal_tim_ex.o

.debug_abbrev   0x00000000     0x37bd
 .debug_abbrev  0x00000000      0x2c8 ./Common/BNO055_I2C/BNO055.o
 .debug_abbrev  0x000002c8       0xbc ./Common/BNO055_I2C/BNO055_config.o
 .debug_abbrev  0x00000384      0x393 ./Common/BNO086_SPI/BNO086_SPI.o
 .debug_abbrev  0x00000717      0x138 ./Common/Src/system_stm32h7xx_dualcore_boot_cm4_cm7.o
 .debug_abbrev  0x0000084f      0x11e ./Core/Src/dma.o
 .debug_abbrev  0x0000096d      0x182 ./Core/Src/gpio.o
 .debug_abbrev  0x00000aef      0x261 ./Core/Src/i2c.o
 .debug_abbrev  0x00000d50      0x331 ./Core/Src/main.o
 .debug_abbrev  0x00001081      0x229 ./Core/Src/spi.o
 .debug_abbrev  0x000012aa      0x11e ./Core/Src/stm32h7xx_hal_msp.o
 .debug_abbrev  0x000013c8      0x1cc ./Core/Src/stm32h7xx_it.o
 .debug_abbrev  0x00001594      0x215 ./Core/Src/tim.o
 .debug_abbrev  0x000017a9       0x24 ./Core/Startup/startup_stm32h745zitx.o
 .debug_abbrev  0x000017cd      0x29f ./Drivers/STM32H7xx_HAL_Driver/stm32h7xx_hal.o
 .debug_abbrev  0x00001a6c      0x337 ./Drivers/STM32H7xx_HAL_Driver/stm32h7xx_hal_cortex.o
 .debug_abbrev  0x00001da3      0x248 ./Drivers/STM32H7xx_HAL_Driver/stm32h7xx_hal_dma.o
 .debug_abbrev  0x00001feb      0x1fe ./Drivers/STM32H7xx_HAL_Driver/stm32h7xx_hal_gpio.o
 .debug_abbrev  0x000021e9      0x1d3 ./Drivers/STM32H7xx_HAL_Driver/stm32h7xx_hal_hsem.o
 .debug_abbrev  0x000023bc      0x25d ./Drivers/STM32H7xx_HAL_Driver/stm32h7xx_hal_i2c.o
 .debug_abbrev  0x00002619      0x1f5 ./Drivers/STM32H7xx_HAL_Driver/stm32h7xx_hal_i2c_ex.o
 .debug_abbrev  0x0000280e      0x2d6 ./Drivers/STM32H7xx_HAL_Driver/stm32h7xx_hal_pwr_ex.o
 .debug_abbrev  0x00002ae4      0x2c8 ./Drivers/STM32H7xx_HAL_Driver/stm32h7xx_hal_rcc.o
 .debug_abbrev  0x00002dac      0x269 ./Drivers/STM32H7xx_HAL_Driver/stm32h7xx_hal_rcc_ex.o
 .debug_abbrev  0x00003015      0x2b1 ./Drivers/STM32H7xx_HAL_Driver/stm32h7xx_hal_spi.o
 .debug_abbrev  0x000032c6      0x276 ./Drivers/STM32H7xx_HAL_Driver/stm32h7xx_hal_tim.o
 .debug_abbrev  0x0000353c      0x281 ./Drivers/STM32H7xx_HAL_Driver/stm32h7xx_hal_tim_ex.o

.debug_aranges  0x00000000     0x1648
 .debug_aranges
                0x00000000       0x50 ./Common/BNO055_I2C/BNO055.o
 .debug_aranges
                0x00000050       0x18 ./Common/BNO055_I2C/BNO055_config.o
 .debug_aranges
                0x00000068      0x250 ./Common/BNO086_SPI/BNO086_SPI.o
 .debug_aranges
                0x000002b8       0x28 ./Common/Src/system_stm32h7xx_dualcore_boot_cm4_cm7.o
 .debug_aranges
                0x000002e0       0x20 ./Core/Src/dma.o
 .debug_aranges
                0x00000300       0x20 ./Core/Src/gpio.o
 .debug_aranges
                0x00000320       0x30 ./Core/Src/i2c.o
 .debug_aranges
                0x00000350       0x38 ./Core/Src/main.o
 .debug_aranges
                0x00000388       0x30 ./Core/Src/spi.o
 .debug_aranges
                0x000003b8       0x20 ./Core/Src/stm32h7xx_hal_msp.o
 .debug_aranges
                0x000003d8       0x90 ./Core/Src/stm32h7xx_it.o
 .debug_aranges
                0x00000468       0x30 ./Core/Src/tim.o
 .debug_aranges
                0x00000498       0x28 ./Core/Startup/startup_stm32h745zitx.o
 .debug_aranges
                0x000004c0      0x200 ./Drivers/STM32H7xx_HAL_Driver/stm32h7xx_hal.o
 .debug_aranges
                0x000006c0      0x130 ./Drivers/STM32H7xx_HAL_Driver/stm32h7xx_hal_cortex.o
 .debug_aranges
                0x000007f0       0xa0 ./Drivers/STM32H7xx_HAL_Driver/stm32h7xx_hal_dma.o
 .debug_aranges
                0x00000890       0x58 ./Drivers/STM32H7xx_HAL_Driver/stm32h7xx_hal_gpio.o
 .debug_aranges
                0x000008e8       0x70 ./Drivers/STM32H7xx_HAL_Driver/stm32h7xx_hal_hsem.o
 .debug_aranges
                0x00000958      0x2a0 ./Drivers/STM32H7xx_HAL_Driver/stm32h7xx_hal_i2c.o
 .debug_aranges
                0x00000bf8       0x48 ./Drivers/STM32H7xx_HAL_Driver/stm32h7xx_hal_i2c_ex.o
 .debug_aranges
                0x00000c40      0x170 ./Drivers/STM32H7xx_HAL_Driver/stm32h7xx_hal_pwr_ex.o
 .debug_aranges
                0x00000db0       0x88 ./Drivers/STM32H7xx_HAL_Driver/stm32h7xx_hal_rcc.o
 .debug_aranges
                0x00000e38      0x100 ./Drivers/STM32H7xx_HAL_Driver/stm32h7xx_hal_rcc_ex.o
 .debug_aranges
                0x00000f38      0x1a8 ./Drivers/STM32H7xx_HAL_Driver/stm32h7xx_hal_spi.o
 .debug_aranges
                0x000010e0      0x3e0 ./Drivers/STM32H7xx_HAL_Driver/stm32h7xx_hal_tim.o
 .debug_aranges
                0x000014c0      0x188 ./Drivers/STM32H7xx_HAL_Driver/stm32h7xx_hal_tim_ex.o

.debug_rnglists
                0x00000000     0x112e
 .debug_rnglists
                0x00000000       0x3e ./Common/BNO055_I2C/BNO055.o
 .debug_rnglists
                0x0000003e      0x1d0 ./Common/BNO086_SPI/BNO086_SPI.o
 .debug_rnglists
                0x0000020e       0x1a ./Common/Src/system_stm32h7xx_dualcore_boot_cm4_cm7.o
 .debug_rnglists
                0x00000228       0x13 ./Core/Src/dma.o
 .debug_rnglists
                0x0000023b       0x14 ./Core/Src/gpio.o
 .debug_rnglists
                0x0000024f       0x21 ./Core/Src/i2c.o
 .debug_rnglists
                0x00000270       0x26 ./Core/Src/main.o
 .debug_rnglists
                0x00000296       0x21 ./Core/Src/spi.o
 .debug_rnglists
                0x000002b7       0x13 ./Core/Src/stm32h7xx_hal_msp.o
 .debug_rnglists
                0x000002ca       0x67 ./Core/Src/stm32h7xx_it.o
 .debug_rnglists
                0x00000331       0x20 ./Core/Src/tim.o
 .debug_rnglists
                0x00000351       0x19 ./Core/Startup/startup_stm32h745zitx.o
 .debug_rnglists
                0x0000036a      0x181 ./Drivers/STM32H7xx_HAL_Driver/stm32h7xx_hal.o
 .debug_rnglists
                0x000004eb       0xe0 ./Drivers/STM32H7xx_HAL_Driver/stm32h7xx_hal_cortex.o
 .debug_rnglists
                0x000005cb       0x82 ./Drivers/STM32H7xx_HAL_Driver/stm32h7xx_hal_dma.o
 .debug_rnglists
                0x0000064d       0x3f ./Drivers/STM32H7xx_HAL_Driver/stm32h7xx_hal_gpio.o
 .debug_rnglists