/home/tim/Documents/GitHub/SparkFun-VR-IMU-Breakout-BNO086-Qwiic-SPI/BNO086_BNO055_UROS_UART/Common/BNO086_SPI/BNO086_SPI.c:59:5:BNO086_Initialization	16	static
/home/tim/Documents/GitHub/SparkFun-VR-IMU-Breakout-BNO086-Qwiic-SPI/BNO086_BNO055_UROS_UART/Common/BNO086_SPI/BNO086_SPI.c:111:15:SPI2_SendByte	24	static
/home/tim/Documents/GitHub/SparkFun-VR-IMU-Breakout-BNO086-Qwiic-SPI/BNO086_BNO055_UROS_UART/Common/BNO086_SPI/BNO086_SPI.c:123:5:BNO086_dataAvailable	8	static
/home/tim/Documents/GitHub/SparkFun-VR-IMU-Breakout-BNO086-Qwiic-SPI/BNO086_BNO055_UROS_UART/Common/BNO086_SPI/BNO086_SPI.c:167:6:BNO086_parseCommandReport	16	static
/home/tim/Documents/GitHub/SparkFun-VR-IMU-Breakout-BNO086-Qwiic-SPI/BNO086_BNO055_UROS_UART/Common/BNO086_SPI/BNO086_SPI.c:203:6:BNO086_parseInputReport	32	static
/home/tim/Documents/GitHub/SparkFun-VR-IMU-Breakout-BNO086-Qwiic-SPI/BNO086_BNO055_UROS_UART/Common/BNO086_SPI/BNO086_SPI.c:319:7:BNO086_getQuatI	8	static
/home/tim/Documents/GitHub/SparkFun-VR-IMU-Breakout-BNO086-Qwiic-SPI/BNO086_BNO055_UROS_UART/Common/BNO086_SPI/BNO086_SPI.c:325:7:BNO086_getQuatJ	8	static
/home/tim/Documents/GitHub/SparkFun-VR-IMU-Breakout-BNO086-Qwiic-SPI/BNO086_BNO055_UROS_UART/Common/BNO086_SPI/BNO086_SPI.c:331:7:BNO086_getQuatK	8	static
/home/tim/Documents/GitHub/SparkFun-VR-IMU-Breakout-BNO086-Qwiic-SPI/BNO086_BNO055_UROS_UART/Common/BNO086_SPI/BNO086_SPI.c:337:7:BNO086_getQuatReal	8	static
/home/tim/Documents/GitHub/SparkFun-VR-IMU-Breakout-BNO086-Qwiic-SPI/BNO086_BNO055_UROS_UART/Common/BNO086_SPI/BNO086_SPI.c:343:7:BNO086_getQuatRadianAccuracy	8	static
/home/tim/Documents/GitHub/SparkFun-VR-IMU-Breakout-BNO086-Qwiic-SPI/BNO086_BNO055_UROS_UART/Common/BNO086_SPI/BNO086_SPI.c:349:9:BNO086_getQuatAccuracy	4	static
/home/tim/Documents/GitHub/SparkFun-VR-IMU-Breakout-BNO086-Qwiic-SPI/BNO086_BNO055_UROS_UART/Common/BNO086_SPI/BNO086_SPI.c:355:7:BNO086_getAccelX	8	static
/home/tim/Documents/GitHub/SparkFun-VR-IMU-Breakout-BNO086-Qwiic-SPI/BNO086_BNO055_UROS_UART/Common/BNO086_SPI/BNO086_SPI.c:361:7:BNO086_getAccelY	8	static
/home/tim/Documents/GitHub/SparkFun-VR-IMU-Breakout-BNO086-Qwiic-SPI/BNO086_BNO055_UROS_UART/Common/BNO086_SPI/BNO086_SPI.c:367:7:BNO086_getAccelZ	8	static
/home/tim/Documents/GitHub/SparkFun-VR-IMU-Breakout-BNO086-Qwiic-SPI/BNO086_BNO055_UROS_UART/Common/BNO086_SPI/BNO086_SPI.c:373:9:BNO086_getAccelAccuracy	4	static
/home/tim/Documents/GitHub/SparkFun-VR-IMU-Breakout-BNO086-Qwiic-SPI/BNO086_BNO055_UROS_UART/Common/BNO086_SPI/BNO086_SPI.c:381:7:BNO086_getLinAccelX	8	static
/home/tim/Documents/GitHub/SparkFun-VR-IMU-Breakout-BNO086-Qwiic-SPI/BNO086_BNO055_UROS_UART/Common/BNO086_SPI/BNO086_SPI.c:387:7:BNO086_getLinAccelY	8	static
/home/tim/Documents/GitHub/SparkFun-VR-IMU-Breakout-BNO086-Qwiic-SPI/BNO086_BNO055_UROS_UART/Common/BNO086_SPI/BNO086_SPI.c:393:7:BNO086_getLinAccelZ	8	static
/home/tim/Documents/GitHub/SparkFun-VR-IMU-Breakout-BNO086-Qwiic-SPI/BNO086_BNO055_UROS_UART/Common/BNO086_SPI/BNO086_SPI.c:399:9:BNO086_getLinAccelAccuracy	4	static
/home/tim/Documents/GitHub/SparkFun-VR-IMU-Breakout-BNO086-Qwiic-SPI/BNO086_BNO055_UROS_UART/Common/BNO086_SPI/BNO086_SPI.c:405:7:BNO086_getGyroX	8	static
/home/tim/Documents/GitHub/SparkFun-VR-IMU-Breakout-BNO086-Qwiic-SPI/BNO086_BNO055_UROS_UART/Common/BNO086_SPI/BNO086_SPI.c:411:7:BNO086_getGyroY	8	static
/home/tim/Documents/GitHub/SparkFun-VR-IMU-Breakout-BNO086-Qwiic-SPI/BNO086_BNO055_UROS_UART/Common/BNO086_SPI/BNO086_SPI.c:417:7:BNO086_getGyroZ	8	static
/home/tim/Documents/GitHub/SparkFun-VR-IMU-Breakout-BNO086-Qwiic-SPI/BNO086_BNO055_UROS_UART/Common/BNO086_SPI/BNO086_SPI.c:423:9:BNO086_getGyroAccuracy	4	static
/home/tim/Documents/GitHub/SparkFun-VR-IMU-Breakout-BNO086-Qwiic-SPI/BNO086_BNO055_UROS_UART/Common/BNO086_SPI/BNO086_SPI.c:429:7:BNO086_getMagX	8	static
/home/tim/Documents/GitHub/SparkFun-VR-IMU-Breakout-BNO086-Qwiic-SPI/BNO086_BNO055_UROS_UART/Common/BNO086_SPI/BNO086_SPI.c:435:7:BNO086_getMagY	8	static
/home/tim/Documents/GitHub/SparkFun-VR-IMU-Breakout-BNO086-Qwiic-SPI/BNO086_BNO055_UROS_UART/Common/BNO086_SPI/BNO086_SPI.c:441:7:BNO086_getMagZ	8	static
/home/tim/Documents/GitHub/SparkFun-VR-IMU-Breakout-BNO086-Qwiic-SPI/BNO086_BNO055_UROS_UART/Common/BNO086_SPI/BNO086_SPI.c:447:9:BNO086_getMagAccuracy	4	static
/home/tim/Documents/GitHub/SparkFun-VR-IMU-Breakout-BNO086-Qwiic-SPI/BNO086_BNO055_UROS_UART/Common/BNO086_SPI/BNO086_SPI.c:453:10:BNO086_getStepCount	4	static
/home/tim/Documents/GitHub/SparkFun-VR-IMU-Breakout-BNO086-Qwiic-SPI/BNO086_BNO055_UROS_UART/Common/BNO086_SPI/BNO086_SPI.c:459:9:BNO086_getStabilityClassifier	4	static
/home/tim/Documents/GitHub/SparkFun-VR-IMU-Breakout-BNO086-Qwiic-SPI/BNO086_BNO055_UROS_UART/Common/BNO086_SPI/BNO086_SPI.c:465:9:BNO086_getActivityClassifier	4	static
/home/tim/Documents/GitHub/SparkFun-VR-IMU-Breakout-BNO086-Qwiic-SPI/BNO086_BNO055_UROS_UART/Common/BNO086_SPI/BNO086_SPI.c:471:10:BNO086_getTimeStamp	4	static
/home/tim/Documents/GitHub/SparkFun-VR-IMU-Breakout-BNO086-Qwiic-SPI/BNO086_BNO055_UROS_UART/Common/BNO086_SPI/BNO086_SPI.c:478:9:BNO086_getQ1	16	static
/home/tim/Documents/GitHub/SparkFun-VR-IMU-Breakout-BNO086-Qwiic-SPI/BNO086_BNO055_UROS_UART/Common/BNO086_SPI/BNO086_SPI.c:486:9:BNO086_getQ2	16	static
/home/tim/Documents/GitHub/SparkFun-VR-IMU-Breakout-BNO086-Qwiic-SPI/BNO086_BNO055_UROS_UART/Common/BNO086_SPI/BNO086_SPI.c:494:9:BNO086_getQ3	16	static
/home/tim/Documents/GitHub/SparkFun-VR-IMU-Breakout-BNO086-Qwiic-SPI/BNO086_BNO055_UROS_UART/Common/BNO086_SPI/BNO086_SPI.c:501:7:BNO086_getResolution	24	static
/home/tim/Documents/GitHub/SparkFun-VR-IMU-Breakout-BNO086-Qwiic-SPI/BNO086_BNO055_UROS_UART/Common/BNO086_SPI/BNO086_SPI.c:514:7:BNO086_getRange	24	static
/home/tim/Documents/GitHub/SparkFun-VR-IMU-Breakout-BNO086-Qwiic-SPI/BNO086_BNO055_UROS_UART/Common/BNO086_SPI/BNO086_SPI.c:529:10:BNO086_readFRSword	16	static
/home/tim/Documents/GitHub/SparkFun-VR-IMU-Breakout-BNO086-Qwiic-SPI/BNO086_BNO055_UROS_UART/Common/BNO086_SPI/BNO086_SPI.c:539:6:BNO086_frsReadRequest	16	static
/home/tim/Documents/GitHub/SparkFun-VR-IMU-Breakout-BNO086-Qwiic-SPI/BNO086_BNO055_UROS_UART/Common/BNO086_SPI/BNO086_SPI.c:557:5:BNO086_readFRSdata	32	static
/home/tim/Documents/GitHub/SparkFun-VR-IMU-Breakout-BNO086-Qwiic-SPI/BNO086_BNO055_UROS_UART/Common/BNO086_SPI/BNO086_SPI.c:618:6:BNO086_softReset	8	static
/home/tim/Documents/GitHub/SparkFun-VR-IMU-Breakout-BNO086-Qwiic-SPI/BNO086_BNO055_UROS_UART/Common/BNO086_SPI/BNO086_SPI.c:634:9:BNO086_resetReason	8	static
/home/tim/Documents/GitHub/SparkFun-VR-IMU-Breakout-BNO086-Qwiic-SPI/BNO086_BNO055_UROS_UART/Common/BNO086_SPI/BNO086_SPI.c:656:7:BNO086_qToFloat	24	static
/home/tim/Documents/GitHub/SparkFun-VR-IMU-Breakout-BNO086-Qwiic-SPI/BNO086_BNO055_UROS_UART/Common/BNO086_SPI/BNO086_SPI.c:662:6:BNO086_enableRotationVector	16	static
/home/tim/Documents/GitHub/SparkFun-VR-IMU-Breakout-BNO086-Qwiic-SPI/BNO086_BNO055_UROS_UART/Common/BNO086_SPI/BNO086_SPI.c:668:6:BNO086_enableGameRotationVector	16	static
/home/tim/Documents/GitHub/SparkFun-VR-IMU-Breakout-BNO086-Qwiic-SPI/BNO086_BNO055_UROS_UART/Common/BNO086_SPI/BNO086_SPI.c:674:6:BNO086_enableAccelerometer	16	static
/home/tim/Documents/GitHub/SparkFun-VR-IMU-Breakout-BNO086-Qwiic-SPI/BNO086_BNO055_UROS_UART/Common/BNO086_SPI/BNO086_SPI.c:680:6:BNO086_enableLinearAccelerometer	16	static
/home/tim/Documents/GitHub/SparkFun-VR-IMU-Breakout-BNO086-Qwiic-SPI/BNO086_BNO055_UROS_UART/Common/BNO086_SPI/BNO086_SPI.c:686:6:BNO086_enableGyro	16	static
/home/tim/Documents/GitHub/SparkFun-VR-IMU-Breakout-BNO086-Qwiic-SPI/BNO086_BNO055_UROS_UART/Common/BNO086_SPI/BNO086_SPI.c:692:6:BNO086_enableMagnetometer	16	static
/home/tim/Documents/GitHub/SparkFun-VR-IMU-Breakout-BNO086-Qwiic-SPI/BNO086_BNO055_UROS_UART/Common/BNO086_SPI/BNO086_SPI.c:698:6:BNO086_enableStepCounter	16	static
/home/tim/Documents/GitHub/SparkFun-VR-IMU-Breakout-BNO086-Qwiic-SPI/BNO086_BNO055_UROS_UART/Common/BNO086_SPI/BNO086_SPI.c:704:6:BNO086_enableStabilityClassifier	16	static
/home/tim/Documents/GitHub/SparkFun-VR-IMU-Breakout-BNO086-Qwiic-SPI/BNO086_BNO055_UROS_UART/Common/BNO086_SPI/BNO086_SPI.c:710:6:BNO086_calibrateAccelerometer	8	static
/home/tim/Documents/GitHub/SparkFun-VR-IMU-Breakout-BNO086-Qwiic-SPI/BNO086_BNO055_UROS_UART/Common/BNO086_SPI/BNO086_SPI.c:716:6:BNO086_calibrateGyro	8	static
/home/tim/Documents/GitHub/SparkFun-VR-IMU-Breakout-BNO086-Qwiic-SPI/BNO086_BNO055_UROS_UART/Common/BNO086_SPI/BNO086_SPI.c:722:6:BNO086_calibrateMagnetometer	8	static
/home/tim/Documents/GitHub/SparkFun-VR-IMU-Breakout-BNO086-Qwiic-SPI/BNO086_BNO055_UROS_UART/Common/BNO086_SPI/BNO086_SPI.c:728:6:BNO086_calibratePlanarAccelerometer	8	static
/home/tim/Documents/GitHub/SparkFun-VR-IMU-Breakout-BNO086-Qwiic-SPI/BNO086_BNO055_UROS_UART/Common/BNO086_SPI/BNO086_SPI.c:734:6:BNO086_calibrateAll	8	static
/home/tim/Documents/GitHub/SparkFun-VR-IMU-Breakout-BNO086-Qwiic-SPI/BNO086_BNO055_UROS_UART/Common/BNO086_SPI/BNO086_SPI.c:739:6:BNO086_endCalibration	8	static
/home/tim/Documents/GitHub/SparkFun-VR-IMU-Breakout-BNO086-Qwiic-SPI/BNO086_BNO055_UROS_UART/Common/BNO086_SPI/BNO086_SPI.c:746:5:BNO086_calibrationComplete	4	static
/home/tim/Documents/GitHub/SparkFun-VR-IMU-Breakout-BNO086-Qwiic-SPI/BNO086_BNO055_UROS_UART/Common/BNO086_SPI/BNO086_SPI.c:755:6:BNO086_setFeatureCommand	24	static
/home/tim/Documents/GitHub/SparkFun-VR-IMU-Breakout-BNO086-Qwiic-SPI/BNO086_BNO055_UROS_UART/Common/BNO086_SPI/BNO086_SPI.c:782:6:BNO086_sendCommand	16	static
/home/tim/Documents/GitHub/SparkFun-VR-IMU-Breakout-BNO086-Qwiic-SPI/BNO086_BNO055_UROS_UART/Common/BNO086_SPI/BNO086_SPI.c:805:6:BNO086_sendCalibrateCommand	24	static
/home/tim/Documents/GitHub/SparkFun-VR-IMU-Breakout-BNO086-Qwiic-SPI/BNO086_BNO055_UROS_UART/Common/BNO086_SPI/BNO086_SPI.c:846:6:BNO086_requestCalibrationStatus	16	static
/home/tim/Documents/GitHub/SparkFun-VR-IMU-Breakout-BNO086-Qwiic-SPI/BNO086_BNO055_UROS_UART/Common/BNO086_SPI/BNO086_SPI.c:869:6:BNO086_saveCalibration	16	static
/home/tim/Documents/GitHub/SparkFun-VR-IMU-Breakout-BNO086-Qwiic-SPI/BNO086_BNO055_UROS_UART/Common/BNO086_SPI/BNO086_SPI.c:891:5:BNO086_waitForSPI	16	static
/home/tim/Documents/GitHub/SparkFun-VR-IMU-Breakout-BNO086-Qwiic-SPI/BNO086_BNO055_UROS_UART/Common/BNO086_SPI/BNO086_SPI.c:909:5:BNO086_receivePacket	24	static
/home/tim/Documents/GitHub/SparkFun-VR-IMU-Breakout-BNO086-Qwiic-SPI/BNO086_BNO055_UROS_UART/Common/BNO086_SPI/BNO086_SPI.c:966:5:BNO086_sendPacket	24	static
/home/tim/Documents/GitHub/SparkFun-VR-IMU-Breakout-BNO086-Qwiic-SPI/BNO086_BNO055_UROS_UART/Common/BNO086_SPI/BNO086_SPI.c:995:7:getRoll	64	static
/home/tim/Documents/GitHub/SparkFun-VR-IMU-Breakout-BNO086-Qwiic-SPI/BNO086_BNO055_UROS_UART/Common/BNO086_SPI/BNO086_SPI.c:1021:7:getPitch	48	static
/home/tim/Documents/GitHub/SparkFun-VR-IMU-Breakout-BNO086-Qwiic-SPI/BNO086_BNO055_UROS_UART/Common/BNO086_SPI/BNO086_SPI.c:1063:7:getYaw	64	static
/home/tim/Documents/GitHub/SparkFun-VR-IMU-Breakout-BNO086-Qwiic-SPI/BNO086_BNO055_UROS_UART/Common/BNO086_SPI/BNO086_SPI.c:1091:6:BNO086_getData	16	static
/home/tim/Documents/GitHub/SparkFun-VR-IMU-Breakout-BNO086-Qwiic-SPI/BNO086_BNO055_UROS_UART/Common/BNO086_SPI/BNO086_SPI.c:1125:6:BNO086_SAVE_HSEM	24	static
/home/tim/Documents/GitHub/SparkFun-VR-IMU-Breakout-BNO086-Qwiic-SPI/BNO086_BNO055_UROS_UART/Common/BNO086_SPI/BNO086_SPI.c:1160:6:BNO086_Calibration	24	static
