../Core/Src/BNO086_SPI.c:56:5:BNO086_Initialization	16	static
../Core/Src/BNO086_SPI.c:108:15:SPI2_SendByte	24	static
../Core/Src/BNO086_SPI.c:120:5:BNO086_dataAvailable	8	static
../Core/Src/BNO086_SPI.c:164:6:BNO086_parseCommandReport	16	static
../Core/Src/BNO086_SPI.c:200:6:BNO086_parseInputReport	32	static
../Core/Src/BNO086_SPI.c:316:7:BNO086_getQuatI	8	static
../Core/Src/BNO086_SPI.c:322:7:BNO086_getQuatJ	8	static
../Core/Src/BNO086_SPI.c:328:7:BNO086_getQuatK	8	static
../Core/Src/BNO086_SPI.c:334:7:BNO086_getQuatReal	8	static
../Core/Src/BNO086_SPI.c:340:7:BNO086_getQuatRadianAccuracy	8	static
../Core/Src/BNO086_SPI.c:346:9:BNO086_getQuatAccuracy	4	static
../Core/Src/BNO086_SPI.c:352:7:BNO086_getAccelX	8	static
../Core/Src/BNO086_SPI.c:358:7:BNO086_getAccelY	8	static
../Core/Src/BNO086_SPI.c:364:7:BNO086_getAccelZ	8	static
../Core/Src/BNO086_SPI.c:370:9:BNO086_getAccelAccuracy	4	static
../Core/Src/BNO086_SPI.c:378:7:BNO086_getLinAccelX	8	static
../Core/Src/BNO086_SPI.c:384:7:BNO086_getLinAccelY	8	static
../Core/Src/BNO086_SPI.c:390:7:BNO086_getLinAccelZ	8	static
../Core/Src/BNO086_SPI.c:396:9:BNO086_getLinAccelAccuracy	4	static
../Core/Src/BNO086_SPI.c:402:7:BNO086_getGyroX	8	static
../Core/Src/BNO086_SPI.c:408:7:BNO086_getGyroY	8	static
../Core/Src/BNO086_SPI.c:414:7:BNO086_getGyroZ	8	static
../Core/Src/BNO086_SPI.c:420:9:BNO086_getGyroAccuracy	4	static
../Core/Src/BNO086_SPI.c:426:7:BNO086_getMagX	8	static
../Core/Src/BNO086_SPI.c:432:7:BNO086_getMagY	8	static
../Core/Src/BNO086_SPI.c:438:7:BNO086_getMagZ	8	static
../Core/Src/BNO086_SPI.c:444:9:BNO086_getMagAccuracy	4	static
../Core/Src/BNO086_SPI.c:450:10:BNO086_getStepCount	4	static
../Core/Src/BNO086_SPI.c:456:9:BNO086_getStabilityClassifier	4	static
../Core/Src/BNO086_SPI.c:462:9:BNO086_getActivityClassifier	4	static
../Core/Src/BNO086_SPI.c:468:10:BNO086_getTimeStamp	4	static
../Core/Src/BNO086_SPI.c:475:9:BNO086_getQ1	16	static
../Core/Src/BNO086_SPI.c:483:9:BNO086_getQ2	16	static
../Core/Src/BNO086_SPI.c:491:9:BNO086_getQ3	16	static
../Core/Src/BNO086_SPI.c:498:7:BNO086_getResolution	24	static
../Core/Src/BNO086_SPI.c:511:7:BNO086_getRange	24	static
../Core/Src/BNO086_SPI.c:526:10:BNO086_readFRSword	16	static
../Core/Src/BNO086_SPI.c:536:6:BNO086_frsReadRequest	16	static
../Core/Src/BNO086_SPI.c:554:5:BNO086_readFRSdata	32	static
../Core/Src/BNO086_SPI.c:615:6:BNO086_softReset	8	static
../Core/Src/BNO086_SPI.c:631:9:BNO086_resetReason	8	static
../Core/Src/BNO086_SPI.c:653:7:BNO086_qToFloat	24	static
../Core/Src/BNO086_SPI.c:659:6:BNO086_enableRotationVector	16	static
../Core/Src/BNO086_SPI.c:665:6:BNO086_enableGameRotationVector	16	static
../Core/Src/BNO086_SPI.c:671:6:BNO086_enableAccelerometer	16	static
../Core/Src/BNO086_SPI.c:677:6:BNO086_enableLinearAccelerometer	16	static
../Core/Src/BNO086_SPI.c:683:6:BNO086_enableGyro	16	static
../Core/Src/BNO086_SPI.c:689:6:BNO086_enableMagnetometer	16	static
../Core/Src/BNO086_SPI.c:695:6:BNO086_enableStepCounter	16	static
../Core/Src/BNO086_SPI.c:701:6:BNO086_enableStabilityClassifier	16	static
../Core/Src/BNO086_SPI.c:707:6:BNO086_calibrateAccelerometer	8	static
../Core/Src/BNO086_SPI.c:713:6:BNO086_calibrateGyro	8	static
../Core/Src/BNO086_SPI.c:719:6:BNO086_calibrateMagnetometer	8	static
../Core/Src/BNO086_SPI.c:725:6:BNO086_calibratePlanarAccelerometer	8	static
../Core/Src/BNO086_SPI.c:731:6:BNO086_calibrateAll	8	static
../Core/Src/BNO086_SPI.c:736:6:BNO086_endCalibration	8	static
../Core/Src/BNO086_SPI.c:743:5:BNO086_calibrationComplete	4	static
../Core/Src/BNO086_SPI.c:752:6:BNO086_setFeatureCommand	24	static
../Core/Src/BNO086_SPI.c:779:6:BNO086_sendCommand	16	static
../Core/Src/BNO086_SPI.c:802:6:BNO086_sendCalibrateCommand	24	static
../Core/Src/BNO086_SPI.c:843:6:BNO086_requestCalibrationStatus	16	static
../Core/Src/BNO086_SPI.c:866:6:BNO086_saveCalibration	16	static
../Core/Src/BNO086_SPI.c:888:5:BNO086_waitForSPI	16	static
../Core/Src/BNO086_SPI.c:906:5:BNO086_receivePacket	24	static
../Core/Src/BNO086_SPI.c:963:5:BNO086_sendPacket	24	static
../Core/Src/BNO086_SPI.c:992:7:getRoll	64	static
../Core/Src/BNO086_SPI.c:1018:7:getPitch	48	static
../Core/Src/BNO086_SPI.c:1060:7:getYaw	64	static
../Core/Src/BNO086_SPI.c:1088:6:BNO086_getData	16	static
../Core/Src/BNO086_SPI.c:1123:6:BNO086_Calibration	24	static
